Microchip MPLAB XC8 Compiler V2.36

Linker command line:

-W-3 --edf=C:\Program Files\Microchip\xc8\v2.36\pic\dat\en_msgs.txt -cn \
  -h+dist/default/production\P2_F2.X.production.sym \
  --cmf=dist/default/production\P2_F2.X.production.cmf -z -Q18F4321 \
  -oC:\Users\maria\AppData\Local\Temp\xcAsjn0.4 --defsym=__MPLAB_BUILD=1 \
  -Mdist/default/production/P2_F2.X.production.map \
  --md=C:\Users\maria\AppData\Local\Temp\xcAsjn0.dat -E1 -ver=XC8 Compiler \
  --acfsm=1493 -ACODE=00h-01FFFh -ACONST=00h-01FFFh \
  -ASMALLCONST=0200h-02FFhx30 -AMEDIUMCONST=0200h-01FFFh -ACOMRAM=01h-07Fh \
  -AABS1=00h-01FFh -ABIGRAM=01h-01FFh -ARAM=080h-0FFh,0100h-01FFh \
  -ABANK0=080h-0FFh -ABANK1=0100h-01FFh -ASFR=0F80h-0FFFh \
  -ABIGSFR=0F80h-0FFFh -ACONFIG=0300000h-030000Dh -AIDLOC=0200000h-0200007h \
  -AEEDATA=0F00000h-0F000FFh -peeprom_data=EEDATA \
  -preset_vec=00h,intcode=08h,intcodelo,powerup,init -pramtop=0200h \
  -psmallconst=SMALLCONST -pmediumconst=MEDIUMCONST -pconst=CONST \
  -AFARRAM=00h-00h \
  -prdata=COMRAM,nvrram=COMRAM,nvbit=COMRAM,rbss=COMRAM,rbit=COMRAM \
  -pfarbss=FARRAM,fardata=FARRAM,nvFARRAM=FARRAM \
  -pintsave_regs=BIGRAM,bigbss=BIGRAM,bigdata=BIGRAM -pbss=RAM \
  -pidata=CODE,irdata=CODE,ibigdata=CODE,ifardata=CODE -prparam=COMRAM \
  C:\Users\maria\AppData\Local\Temp\xcAsjn0.o \
  dist/default/production\P2_F2.X.production.o 

Object code version is 3.11

Machine type is 18F4321



                Name                               Link     Load   Length Selector   Space Scale
C:\Users\maria\AppData\Local\Temp\xcAsjn0.o
                idloc                            200000   200000        8        0       5
                config                           300000   300000        E        0       4
                init                                 32       32        4        4       0
                reset_vec                             0        0        4        0       0
dist/default/production\P2_F2.X.production.o
                intcode                               8        8       2A        4       0
                idloc                            200000   200000        8        0       5
                config                           300000   300000        E        0       4
                temp                                 7A       7A        1        1       1
                smallconst                          200      200       A2      100       0
                text71                             1C62     1C62       48      151       0
                text69                              13C      13C        A       47       0
                text68                             1BAC     1BAC       62      151       0
                text67                             1B4A     1B4A       62      151       0
                text66                             1F54     1F54       1C      EB4       0
                text65                             1910     1910       78      151       0
                text64                             1E90     1E90       26      EB4       0
                text63                             1F38     1F38       1C      EB4       0
                text62                             1FD6     1FD6       18      EB4       0
                text61                             1E3E     1E3E       2C      EB4       0
                text60                             1CEC     1CEC       3E      151       0
                text59                             1636     1636       C2      151       0
                text58                             1D68     1D68       3C      EB4       0
                text57                              19A      19A        2       47       0
                text56                             1FA4     1FA4       1A      EB4       0
                text55                             1E10     1E10       2E      EB4       0
                text54                               CA       CA       14       47       0
                text53                             1EFA     1EFA       22      EB4       0
                text52                             1F8A     1F8A       1A      EB4       0
                text51                             1FBE     1FBE       18      EB4       0
                text50                             1ED8     1ED8       22      EB4       0
                text49                              132      132        A       47       0
                text48                              16C      16C        6       47       0
                text47                              128      128        A       47       0
                text46                              196      196        4       47       0
                text45                               DE       DE       12       47       0
                text44                               62       62       16        4       0
                text43                              11E      11E        A       47       0
                text42                              114      114        A       47       0
                text41                             1DA4     1DA4       38      EB4       0
                text40                             16F8     16F8       94      151       0
                text39                             1C0E     1C0E       54      151       0
                text38                             1DDC     1DDC       34      EB4       0
                text37                             1E6A     1E6A       26      EB4       0
                text36                             1ADE     1ADE       6C      151       0
                text35                             1EB6     1EB6       22      EB4       0
                text34                              166      166        6       47       0
                text33                              160      160        6       47       0
                text32                              15A      15A        6       47       0
                text31                              192      192        4       47       0
                text30                               FE       FE        C       47       0
                text29                              154      154        6       47       0
                text28                              18E      18E        4       47       0
                text27                              18A      18A        4       47       0
                text26                               4C       4C       16        4       0
                text25                               B6       B6       14       47       0
                text24                              186      186        4       47       0
                text23                              182      182        4       47       0
                text22                              10A      10A        A       47       0
                text21                               A2       A2       14       47       0
                text20                              17E      17E        4       47       0
                text19                               F0       F0        E       47       0
                text18                              17A      17A        4       47       0
                text17                               36       36       16        4       0
                text16                              146      146        8       47       0
                text15                              14E      14E        6       47       0
                text14                               8E       8E       14       47       0
                text13                              176      176        4       47       0
                text12                             1F1C     1F1C       1C      EB4       0
                text11                             1F70     1F70       1A      EB4       0
                text10                              2A2      2A2      F98      151       0
                text9                              123A     123A      1CA      151       0
                text8                               172      172        4       47       0
                text7                              1560     1560       D6      151       0
                text6                              1404     1404      15C      151       0
                text5                              1CAA     1CAA       42      151       0
                text4                              1892     1892       7E      151       0
                text3                              1812     1812       80      151       0
                text2                              1988     1988       76      151       0
                text1                              1A72     1A72       6C      151       0
                text0                              19FE     19FE       74      151       0
                cstackCOMRAM                         50       50       17        1       1
                cstackBANK0                          F8       F8        2       80       1
                cstackBANK1                         13D      13D       13      100       1
                dataBANK1                           100      100       3D      100       1
                dataBANK0                            E3       E3       15       80       1
                bssBANK0                             80       80       63       80       1
                dataCOMRAM                           67       67       12        1       1
                bssCOMRAM                             1        1       4F        1       1
                cinit                              178C     178C       86      151       0
                nvCOMRAM                             79       79        1        1       1
                idataBANK1                         1D2A     1D2A       3D      151       0
                idataBANK0                           78       78       15        4       0
                idataCOMRAM                        1FEE     1FEE       12      EB4       0

TOTAL           Name                               Link     Load   Length     Space
        CLASS   CODE           
                intcode                               8        8       2A         0
                init                                 32       32        4         0
                reset_vec                             0        0        4         0
                text71                             1C62     1C62       48         0
                text69                              13C      13C        A         0
                text68                             1BAC     1BAC       62         0
                text67                             1B4A     1B4A       62         0
                text66                             1F54     1F54       1C         0
                text65                             1910     1910       78         0
                text64                             1E90     1E90       26         0
                text63                             1F38     1F38       1C         0
                text62                             1FD6     1FD6       18         0
                text61                             1E3E     1E3E       2C         0
                text60                             1CEC     1CEC       3E         0
                text59                             1636     1636       C2         0
                text58                             1D68     1D68       3C         0
                text57                              19A      19A        2         0
                text56                             1FA4     1FA4       1A         0
                text55                             1E10     1E10       2E         0
                text54                               CA       CA       14         0
                text53                             1EFA     1EFA       22         0
                text52                             1F8A     1F8A       1A         0
                text51                             1FBE     1FBE       18         0
                text50                             1ED8     1ED8       22         0
                text49                              132      132        A         0
                text48                              16C      16C        6         0
                text47                              128      128        A         0
                text46                              196      196        4         0
                text45                               DE       DE       12         0
                text44                               62       62       16         0
                text43                              11E      11E        A         0
                text42                              114      114        A         0
                text41                             1DA4     1DA4       38         0
                text40                             16F8     16F8       94         0
                text39                             1C0E     1C0E       54         0
                text38                             1DDC     1DDC       34         0
                text37                             1E6A     1E6A       26         0
                text36                             1ADE     1ADE       6C         0
                text35                             1EB6     1EB6       22         0
                text34                              166      166        6         0
                text33                              160      160        6         0
                text32                              15A      15A        6         0
                text31                              192      192        4         0
                text30                               FE       FE        C         0
                text29                              154      154        6         0
                text28                              18E      18E        4         0
                text27                              18A      18A        4         0
                text26                               4C       4C       16         0
                text25                               B6       B6       14         0
                text24                              186      186        4         0
                text23                              182      182        4         0
                text22                              10A      10A        A         0
                text21                               A2       A2       14         0
                text20                              17E      17E        4         0
                text19                               F0       F0        E         0
                text18                              17A      17A        4         0
                text17                               36       36       16         0
                text16                              146      146        8         0
                text15                              14E      14E        6         0
                text14                               8E       8E       14         0
                text13                              176      176        4         0
                text12                             1F1C     1F1C       1C         0
                text11                             1F70     1F70       1A         0
                text10                              2A2      2A2      F98         0
                text9                              123A     123A      1CA         0
                text8                               172      172        4         0
                text7                              1560     1560       D6         0
                text6                              1404     1404      15C         0
                text5                              1CAA     1CAA       42         0
                text4                              1892     1892       7E         0
                text3                              1812     1812       80         0
                text2                              1988     1988       76         0
                text1                              1A72     1A72       6C         0
                text0                              19FE     19FE       74         0
                cinit                              178C     178C       86         0
                idataBANK1                         1D2A     1D2A       3D         0
                idataBANK0                           78       78       15         0
                idataCOMRAM                        1FEE     1FEE       12         0

        CLASS   CONST          

        CLASS   SMALLCONST     
                smallconst                          200      200       A2         0

        CLASS   MEDIUMCONST    

        CLASS   COMRAM         
                temp                                 7A       7A        1         1
                cstackCOMRAM                         50       50       17         1
                dataCOMRAM                           67       67       12         1
                bssCOMRAM                             1        1       4F         1
                nvCOMRAM                             79       79        1         1

        CLASS   ABS1           

        CLASS   BIGRAM         

        CLASS   RAM            

        CLASS   BANK0          
                cstackBANK0                          F8       F8        2         1
                dataBANK0                            E3       E3       15         1
                bssBANK0                             80       80       63         1

        CLASS   BANK1          
                cstackBANK1                         13D      13D       13         1
                dataBANK1                           100      100       3D         1

        CLASS   SFR            

        CLASS   BIGSFR         

        CLASS   CONFIG         
                config                           300000   300000        E         4

        CLASS   IDLOC          
                idloc                            200000   200000        8         5

        CLASS   EEDATA         

        CLASS   FARRAM         

        CLASS   HEAP           

        CLASS   STACK          



SEGMENTS        Name                           Load    Length   Top    Selector   Space  Class

                reset_vec                      000000  000004  000004         0       0  CODE    
                bssCOMRAM                      000001  00007A  00007B         1       1  COMRAM  
                intcode                        000008  000085  00008D         4       0  CODE    
                bssBANK0                       000080  00007A  0000FA        80       1  BANK0   
                text14                         00008E  00010E  00019C        47       0  CODE    
                dataBANK1                      000100  000050  000150       100       1  BANK1   
                smallconst                     000200  0000A2  0002A2       100       0  SMALLCON
                text10                         0002A2  001AC5  001D67       151       0  CODE    
                text58                         001D68  000298  002000       EB4       0  CODE    


UNUSED ADDRESS RANGES

        Name                Unused          Largest block    Delta
        BANK0            0000FA-0000FF                6
        BANK1            000150-0001FF               B0
        BIGRAM           00007B-00007F                5
                         0000FA-0000FF                6
                         000150-0001FF               B0
        BIGSFR           000F80-000FFF               80
        CODE             000004-000007                4
                         00008D-00008D                1
                         00019C-0001FF               64
                         001D67-001D67                1
        COMRAM           00007B-00007F                5
        CONST            000004-000007                4
                         00008D-00008D                1
                         00019C-0001FF               64
                         001D67-001D67                1
        EEDATA           F00000-F000FF              100
        MEDIUMCONST      001D67-001D67                1
        RAM              0000FA-0000FF                6
                         000150-0001FF               B0
        SFR              000F80-000FFF               80
        SMALLCONST       001D67-001D67                1

                                  Symbol Table

?_TiGetTics                        cstackCOMRAM 000055
?_getScore                         cstackCOMRAM 000055
?_getUser                          cstackCOMRAM 000055
CantaData@Data                     cstackCOMRAM 000057
CantaIR@IR                         cstackCOMRAM 000057
CantaPartAlta@c                    cstackCOMRAM 000056
CantaPartBaixa@c                   cstackCOMRAM 000056
EscriuPrimeraOrdre@ordre           cstackCOMRAM 000056
Espera@Timer                       cstackCOMRAM 00005C
Espera@ms                          cstackCOMRAM 00005E
KeyGetNumber@auxValue              cstackCOMRAM 000055
KeyGetSMS@auxSMS                   cstackCOMRAM 000055
LcGotoXY@Column                    cstackCOMRAM 000064
LcGotoXY@Fisics                    cstackCOMRAM 000062
LcGotoXY@Row                       cstackCOMRAM 00005D
LcInit@columns                     cstackCOMRAM 000060
LcInit@i                           cstackCOMRAM 000062
LcInit@rows                        cstackCOMRAM 000061
LcPutChar@c                        cstackCOMRAM 000065
LcPutScore@score                   cstackCOMRAM 000066
LcPutTime@time                     cstackCOMRAM 000066
PL10                               text10       001144
PL12                               text10       001152
PL14                               text10       00115E
PL16                               text10       001172
PL18                               text10       00117C
PL2                                text10       00110C
PL20                               text10       00118C
PL22                               text9        0013CC
PL24                               text10       001198
PL26                               text61       001E5C
PL28                               text59       0016EE
PL30                               text10       0011A0
PL32                               text10       0011B0
PL34                               text10       0011B8
PL36                               text10       0011C6
PL38                               text10       0011CE
PL4                                text10       00111C
PL40                               text6        00153E
PL42                               text10       0011D6
PL44                               text10       0011E0
PL46                               text10       0011E8
PL48                               text63       001F48
PL50                               text41       001DC4
PL52                               text9        0013DA
PL54                               text6        001548
PL56                               text65       00197A
PL58                               text9        0013E4
PL6                                text10       001128
PL60                               text9        0013EC
PL62                               text10       0011EE
PL64                               text10       0011F8
PL66                               text10       0011FE
PL68                               text10       001208
PL70                               text54       0000D6
PL72                               text7        00162E
PL74                               text6        001556
PL76                               text71       001CA0
PL78                               text9        0013F6
PL8                                text10       001138
PL80                               text10       001212
PL82                               text41       001DD2
PL84                               text10       00121C
PL86                               text9        0013FE
PL88                               text10       001224
PL90                               text10       00122C
PL92                               text10       001232
PL94                               text36       001B42
TiGetTics@Handle                   cstackCOMRAM 000059
TiGetTics@actual                   cstackCOMRAM 00005A
TiResetTics@Handle                 cstackCOMRAM 000055
WaitForBusy@Busy                   cstackCOMRAM 00005C
_ADCON0                            (abs)        000FC2
_ADCON0bits                        (abs)        000FC2
_ADCON1                            (abs)        000FC1
_ADCON2                            (abs)        000FC0
_ADRESH                            (abs)        000FC4
_BAUDCONbits                       (abs)        000FB8
_CantaData                         text41       001DA4
_CantaIR                           text66       001F54
_CantaPartAlta                     text68       001BAC
_CantaPartBaixa                    text67       001B4A
_ColumnAct                         bssCOMRAM    00002C
_Columns                           bssCOMRAM    00002E
_EEADR                             (abs)        000FA9
_EECON1bits                        (abs)        000FA6
_EECON2                            (abs)        000FA7
_EEDATA                            (abs)        000FA8
_EeInitAction                      text69       00013C
_EscriuPrimeraOrdre                text65       001910
_Espera                            text62       001FD6
_INTCON2bits                       (abs)        000FF1
_INTCONbits                        (abs)        000FF2
_KeyGetNumber                      text49       000132
_KeyGetPress                       text48       00016C
_KeyGetSMS                         text47       000128
_KeyGetValue                       text46       000196
_KeyResetValue                     text45       0000DE
_LATAbits                          (abs)        000F89
_LATBbits                          (abs)        000F8A
_LATCbits                          (abs)        000F8B
_LATDbits                          (abs)        000F8C
_LcClear                           text44       000062
_LcCursorOff                       text43       00011E
_LcCursorOn                        text42       000114
_LcGotoXY                          text40       0016F8
_LcGotoXY$1428                     cstackCOMRAM 000060
_LcInit                            text59       001636
_LcPutChar                         text39       001C0E
_LcPutScore                        text36       001ADE
_LcPutTime                         text35       001EB6
_LcScroll                          text34       000166
_PIR1bits                          (abs)        000F9E
_PORTBbits                         (abs)        000F81
_PORTCbits                         (abs)        000F82
_RCONbits                          (abs)        000FD0
_RCREG                             (abs)        000FAE
_RCSTA                             (abs)        000FAB
_RSI_High                          intcode      000008
_RXdata                            text33       000160
_RowAct                            bssCOMRAM    00002D
_Rows                              bssCOMRAM    00002F
_SMS                               bssCOMRAM    000030
_SPBRG                             (abs)        000FAF
_SPBRGH                            (abs)        000FB0
_T0CON                             (abs)        000FD5
_T0CONbits                         (abs)        000FD5
_TMR0H                             (abs)        000FD7
_TMR0L                             (abs)        000FD6
_TRISAbits                         (abs)        000F92
_TRISBbits                         (abs)        000F93
_TRISCbits                         (abs)        000F94
_TRISDbits                         (abs)        000F95
_TXREG                             (abs)        000FAD
_TXSTA                             (abs)        000FAC
_TXSTAbits                         (abs)        000FAC
_TXbusy                            text32       00015A
_TXgetState                        text31       000192
_TiGetTics                         text64       001E90
_TiGetTimer                        text61       001E3E
_TiInitTimer                       text58       001D68
_TiResetTics                       text63       001F38
_Timer                             bssCOMRAM    00002B
_WaitForBusy                       text60       001CEC
__HRAM                             (abs)        000000
__Habs1                            abs1         000000
__Hbank0                           bank0        000000
__Hbank1                           bank1        000000
__Hbigbss                          bigbss       000000
__Hbigdata                         bigdata      000000
__Hbigram                          bigram       000000
__Hbigsfr                          bigsfr       000000
__Hbss                             bss          000000
__HbssBANK0                        bssBANK0     000000
__HbssCOMRAM                       bssCOMRAM    000000
__Hcinit                           cinit        000000
__Hclrtext                         clrtext      000000
__Hcomram                          comram       000000
__Hconfig                          config       30000E
__Hconst                           const        000000
__HcstackBANK0                     cstackBANK0  000000
__HcstackBANK1                     cstackBANK1  000000
__HcstackCOMRAM                    cstackCOMRAM 000000
__Hdata                            data         000000
__HdataBANK0                       dataBANK0    000000
__HdataBANK1                       dataBANK1    000000
__HdataCOMRAM                      dataCOMRAM   000000
__Heeprom_data                     eeprom_data  000000
__Hfarbss                          farbss       000000
__Hfardata                         fardata      000000
__Hheap                            heap         000000
__Hibigdata                        ibigdata     000000
__Hidata                           idata        000000
__HidataBANK0                      idataBANK0   000000
__HidataBANK1                      idataBANK1   000000
__HidataCOMRAM                     idataCOMRAM  000000
__Hidloc                           idloc        200008
__Hifardata                        ifardata     000000
__Hinit                            init         000036
__Hintcode                         intcode      000032
__Hintcode_body                    intcode_body 000000
__Hintcodelo                       intcodelo    000032
__Hintentry                        intentry     000000
__Hintret                          intret       000000
__Hintsave_regs                    intsave_regs 000000
__Hirdata                          irdata       000000
__Hmediumconst                     mediumconst  000000
__HnvCOMRAM                        nvCOMRAM     000000
__HnvFARRAM                        nvFARRAM     000000
__Hnvbit                           nvbit        000000
__Hnvrram                          nvrram       000000
__Hpa_nodes0                       pa_nodes0    000000
__Hparam                           rparam       000000
__Hpowerup                         powerup      000032
__Hram                             ram          000000
__Hramtop                          ramtop       000200
__Hrbit                            rbit         000000
__Hrbss                            rbss         000000
__Hrdata                           rdata        000000
__Hreset_vec                       reset_vec    000004
__Hrparam                          rparam       000000
__Hsfr                             sfr          000000
__Hsmallconst                      smallconst   0002A2
__Hspace_0                         (abs)        002000
__Hspace_1                         (abs)        000150
__Hspace_2                         (abs)        000000
__Hspace_4                         (abs)        60000E
__Hstack                           stack        000000
__Hstruct                          struct       000000
__Htemp                            temp         00007B
__Htext                            text         000000
__Htext0                           text0        000000
__Htext1                           text1        000000
__Htext10                          text10       000000
__Htext11                          text11       000000
__Htext12                          text12       000000
__Htext13                          text13       000000
__Htext14                          text14       000000
__Htext15                          text15       000000
__Htext16                          text16       000000
__Htext17                          text17       000000
__Htext18                          text18       000000
__Htext19                          text19       000000
__Htext2                           text2        000000
__Htext20                          text20       000000
__Htext21                          text21       000000
__Htext22                          text22       000000
__Htext23                          text23       000000
__Htext24                          text24       000000
__Htext25                          text25       000000
__Htext26                          text26       000000
__Htext27                          text27       000000
__Htext28                          text28       000000
__Htext29                          text29       000000
__Htext3                           text3        000000
__Htext30                          text30       000000
__Htext31                          text31       000000
__Htext32                          text32       000000
__Htext33                          text33       000000
__Htext34                          text34       000000
__Htext35                          text35       000000
__Htext36                          text36       000000
__Htext37                          text37       000000
__Htext38                          text38       000000
__Htext39                          text39       000000
__Htext4                           text4        000000
__Htext40                          text40       000000
__Htext41                          text41       000000
__Htext42                          text42       000000
__Htext43                          text43       000000
__Htext44                          text44       000000
__Htext45                          text45       000000
__Htext46                          text46       000000
__Htext47                          text47       000000
__Htext48                          text48       000000
__Htext49                          text49       000000
__Htext5                           text5        000000
__Htext50                          text50       000000
__Htext51                          text51       000000
__Htext52                          text52       000000
__Htext53                          text53       000000
__Htext54                          text54       000000
__Htext55                          text55       000000
__Htext56                          text56       000000
__Htext57                          text57       000000
__Htext58                          text58       000000
__Htext59                          text59       000000
__Htext6                           text6        000000
__Htext60                          text60       000000
__Htext61                          text61       000000
__Htext62                          text62       000000
__Htext63                          text63       000000
__Htext64                          text64       000000
__Htext65                          text65       000000
__Htext66                          text66       000000
__Htext67                          text67       000000
__Htext68                          text68       000000
__Htext69                          text69       000000
__Htext7                           text7        000000
__Htext71                          text71       000000
__Htext8                           text8        000000
__Htext9                           text9        000000
__LRAM                             (abs)        000001
__Labs1                            abs1         000000
__Lbank0                           bank0        000000
__Lbank1                           bank1        000000
__Lbigbss                          bigbss       000000
__Lbigdata                         bigdata      000000
__Lbigram                          bigram       000000
__Lbigsfr                          bigsfr       000000
__Lbss                             bss          000000
__LbssBANK0                        bssBANK0     000000
__LbssCOMRAM                       bssCOMRAM    000000
__Lcinit                           cinit        000000
__Lclrtext                         clrtext      000000
__Lcomram                          comram       000000
__Lconfig                          config       000000
__Lconst                           const        000000
__LcstackBANK0                     cstackBANK0  000000
__LcstackBANK1                     cstackBANK1  000000
__LcstackCOMRAM                    cstackCOMRAM 000000
__Ldata                            data         000000
__LdataBANK0                       dataBANK0    000000
__LdataBANK1                       dataBANK1    000000
__LdataCOMRAM                      dataCOMRAM   000000
__Leeprom_data                     eeprom_data  000000
__Lfarbss                          farbss       000000
__Lfardata                         fardata      000000
__Lheap                            heap         000000
__Libigdata                        ibigdata     000000
__Lidata                           idata        000000
__LidataBANK0                      idataBANK0   000000
__LidataBANK1                      idataBANK1   000000
__LidataCOMRAM                     idataCOMRAM  000000
__Lidloc                           idloc        000000
__Lifardata                        ifardata     000000
__Linit                            init         000032
__Lintcode                         intcode      000008
__Lintcode_body                    intcode_body 000000
__Lintcodelo                       intcodelo    000032
__Lintentry                        intentry     000000
__Lintret                          intret       000000
__Lintsave_regs                    intsave_regs 000000
__Lirdata                          irdata       000000
__Lmediumconst                     mediumconst  000000
__LnvCOMRAM                        nvCOMRAM     000000
__LnvFARRAM                        nvFARRAM     000000
__Lnvbit                           nvbit        000000
__Lnvrram                          nvrram       000000
__Lpa_nodes0                       pa_nodes0    000000
__Lparam                           rparam       000000
__Lpowerup                         powerup      000032
__Lram                             ram          000000
__Lramtop                          ramtop       000200
__Lrbit                            rbit         000000
__Lrbss                            rbss         000000
__Lrdata                           rdata        000000
__Lreset_vec                       reset_vec    000000
__Lrparam                          rparam       000000
__Lsfr                             sfr          000000
__Lsmallconst                      smallconst   000200
__Lspace_0                         (abs)        000000
__Lspace_1                         (abs)        000000
__Lspace_2                         (abs)        000000
__Lspace_4                         (abs)        000000
__Lstack                           stack        000000
__Lstruct                          struct       000000
__Ltemp                            temp         00007A
__Ltext                            text         000000
__Ltext0                           text0        000000
__Ltext1                           text1        000000
__Ltext10                          text10       000000
__Ltext11                          text11       000000
__Ltext12                          text12       000000
__Ltext13                          text13       000000
__Ltext14                          text14       000000
__Ltext15                          text15       000000
__Ltext16                          text16       000000
__Ltext17                          text17       000000
__Ltext18                          text18       000000
__Ltext19                          text19       000000
__Ltext2                           text2        000000
__Ltext20                          text20       000000
__Ltext21                          text21       000000
__Ltext22                          text22       000000
__Ltext23                          text23       000000
__Ltext24                          text24       000000
__Ltext25                          text25       000000
__Ltext26                          text26       000000
__Ltext27                          text27       000000
__Ltext28                          text28       000000
__Ltext29                          text29       000000
__Ltext3                           text3        000000
__Ltext30                          text30       000000
__Ltext31                          text31       000000
__Ltext32                          text32       000000
__Ltext33                          text33       000000
__Ltext34                          text34       000000
__Ltext35                          text35       000000
__Ltext36                          text36       000000
__Ltext37                          text37       000000
__Ltext38                          text38       000000
__Ltext39                          text39       000000
__Ltext4                           text4        000000
__Ltext40                          text40       000000
__Ltext41                          text41       000000
__Ltext42                          text42       000000
__Ltext43                          text43       000000
__Ltext44                          text44       000000
__Ltext45                          text45       000000
__Ltext46                          text46       000000
__Ltext47                          text47       000000
__Ltext48                          text48       000000
__Ltext49                          text49       000000
__Ltext5                           text5        000000
__Ltext50                          text50       000000
__Ltext51                          text51       000000
__Ltext52                          text52       000000
__Ltext53                          text53       000000
__Ltext54                          text54       000000
__Ltext55                          text55       000000
__Ltext56                          text56       000000
__Ltext57                          text57       000000
__Ltext58                          text58       000000
__Ltext59                          text59       000000
__Ltext6                           text6        000000
__Ltext60                          text60       000000
__Ltext61                          text61       000000
__Ltext62                          text62       000000
__Ltext63                          text63       000000
__Ltext64                          text64       000000
__Ltext65                          text65       000000
__Ltext66                          text66       000000
__Ltext67                          text67       000000
__Ltext68                          text68       000000
__Ltext69                          text69       000000
__Ltext7                           text7        000000
__Ltext71                          text71       000000
__Ltext8                           text8        000000
__Ltext9                           text9        000000
__S0                               (abs)        002000
__S1                               (abs)        000150
__S4                               (abs)        000000
__S5                               (abs)        000000
__TiRSITimer                       text71       001C62
___heap_hi                         (abs)        000000
___heap_lo                         (abs)        000000
___inthi_sp                        stack        000000
___intlo_sp                        stack        000000
___lbdiv                           text38       001DDC
___lbdiv@counter                   cstackCOMRAM 00005B
___lbdiv@dividend                  cstackCOMRAM 00005A
___lbdiv@divisor                   cstackCOMRAM 000059
___lbdiv@quotient                  cstackCOMRAM 00005C
___lbmod                           text37       001E6A
___lbmod@counter                   cstackCOMRAM 000057
___lbmod@dividend                  cstackCOMRAM 000056
___lbmod@divisor                   cstackCOMRAM 000055
___lbmod@rem                       cstackCOMRAM 000058
___param_bank                      (abs)        000000
___rparam_used                     (abs)        000001
___sp                              stack        000000
__accesstop                        (abs)        000080
__activetblptr                     (abs)        000002
__end_ofPL10                       text10       001152
__end_ofPL12                       text10       00115E
__end_ofPL14                       text10       001172
__end_ofPL16                       text10       00117C
__end_ofPL18                       text10       00118C
__end_ofPL2                        text10       00111C
__end_ofPL20                       text10       001198
__end_ofPL22                       text9        0013DA
__end_ofPL24                       text10       0011A0
__end_ofPL26                       text61       001E6A
__end_ofPL28                       text59       0016F8
__end_ofPL30                       text10       0011B0
__end_ofPL32                       text10       0011B8
__end_ofPL34                       text10       0011C6
__end_ofPL36                       text10       0011CE
__end_ofPL38                       text10       0011D6
__end_ofPL4                        text10       001128
__end_ofPL40                       text6        001548
__end_ofPL42                       text10       0011E0
__end_ofPL44                       text10       0011E8
__end_ofPL46                       text10       0011EE
__end_ofPL48                       text63       001F54
__end_ofPL50                       text41       001DD2
__end_ofPL52                       text9        0013E4
__end_ofPL54                       text6        001556
__end_ofPL56                       text65       001988
__end_ofPL58                       text9        0013EC
__end_ofPL6                        text10       001138
__end_ofPL60                       text9        0013F6
__end_ofPL62                       text10       0011F8
__end_ofPL64                       text10       0011FE
__end_ofPL66                       text10       001208
__end_ofPL68                       text10       001212
__end_ofPL70                       text54       0000DE
__end_ofPL72                       text7        001636
__end_ofPL74                       text6        001560
__end_ofPL76                       text71       001CAA
__end_ofPL78                       text9        0013FE
__end_ofPL8                        text10       001144
__end_ofPL80                       text10       00121C
__end_ofPL82                       text41       001DDC
__end_ofPL84                       text10       001224
__end_ofPL86                       text9        001404
__end_ofPL88                       text10       00122C
__end_ofPL90                       text10       001232
__end_ofPL92                       text10       00123A
__end_ofPL94                       text36       001B4A
__end_of_CantaData                 text41       001DC4
__end_of_CantaIR                   text66       001F70
__end_of_CantaPartAlta             text68       001C0E
__end_of_CantaPartBaixa            text67       001BAC
__end_of_EeInitAction              text69       000146
__end_of_EscriuPrimeraOrdre        text65       00197A
__end_of_Espera                    text62       001FEE
__end_of_KeyGetNumber              text49       00013C
__end_of_KeyGetPress               text48       000172
__end_of_KeyGetSMS                 text47       000132
__end_of_KeyGetValue               text46       00019A
__end_of_KeyResetValue             text45       0000F0
__end_of_LcClear                   text44       000078
__end_of_LcCursorOff               text43       000128
__end_of_LcCursorOn                text42       00011E
__end_of_LcGotoXY                  text40       00178C
__end_of_LcInit                    text59       0016EE
__end_of_LcPutChar                 text39       001C62
__end_of_LcPutScore                text36       001B42
__end_of_LcPutTime                 text35       001ED8
__end_of_LcScroll                  text34       00016C
__end_of_RSI_High                  intcode      000032
__end_of_RXdata                    text33       000166
__end_of_TXbusy                    text32       000160
__end_of_TXgetState                text31       000196
__end_of_TiGetTics                 text64       001EB6
__end_of_TiGetTimer                text61       001E5C
__end_of_TiInitTimer               text58       001DA4
__end_of_TiResetTics               text63       001F48
__end_of_WaitForBusy               text60       001D2A
__end_of__TiRSITimer               text71       001CA0
__end_of___lbdiv                   text38       001E10
__end_of___lbmod                   text37       001E90
__end_of__initialization           cinit        001804
__end_of_cleanEeprom               text30       00010A
__end_of_endMusic                  text29       00015A
__end_of_getCentreJoystick         text28       000192
__end_of_getDoneCharging           text27       00018E
__end_of_getFirstDirection         text26       000062
__end_of_getFirstDirectionScores   text25       0000CA
__end_of_getGame                   text8        000176
__end_of_getPositionJoystick       text24       00018A
__end_of_getRX                     text23       000186
__end_of_getScore                  text22       000114
__end_of_getUser                   text21       0000B6
__end_of_initData                  text57       00019C
__end_of_initJoystick              text56       001FBE
__end_of_initKeypad                text55       001E3E
__end_of_initMenu                  text53       001F1C
__end_of_initMusic                 text52       001FA4
__end_of_initSIO                   text51       001FD6
__end_of_initTX                    text50       001EFA
__end_of_isPressed                 text20       000182
__end_of_main                      text0        001A72
__end_of_menuMotor                 text10       00110C
__end_of_motorEeprom               text9        0013CC
__end_of_motorJoystick             text7        00162E
__end_of_motorKey                  text6        00153E
__end_of_motorMusic                text4        001910
__end_of_motorRX                   text3        001892
__end_of_motorTX                   text2        0019FE
__end_of_motorTimer                text1        001ADE
__end_of_playNote                  text5        001CEC
__end_of_readEeprom                text54       0000D6
__end_of_readEepromScores          text19       0000FE
__end_of_resetPositionJoystick     text18       00017E
__end_of_sendMyTX                  text17       00004C
__end_of_setTX                     text16       00014E
__end_of_showTimerPic              text15       000154
__end_of_startMusic                text14       0000A2
__end_of_stopTimerPic              text13       00017A
__end_of_text                      smallconst   00023F
__end_of_textSMS                   smallconst   000233
__end_of_writeEeprom               text12       001F38
__end_of_writeEepromScores         text11       001F8A
__initialization                   cinit        00178C
__mediumconst                      mediumconst  000000
__pbssBANK0                        bssBANK0     000080
__pbssCOMRAM                       bssCOMRAM    000001
__pcinit                           cinit        00178C
__pcstackBANK0                     cstackBANK0  0000F8
__pcstackBANK1                     cstackBANK1  00013D
__pcstackCOMRAM                    cstackCOMRAM 000050
__pdataBANK0                       dataBANK0    0000E3
__pdataBANK1                       dataBANK1    000100
__pdataCOMRAM                      dataCOMRAM   000067
__pidataBANK0                      idataBANK0   000078
__pidataBANK1                      idataBANK1   001D2A
__pidataCOMRAM                     idataCOMRAM  001FEE
__pintcode                         intcode      000008
__pnvCOMRAM                        nvCOMRAM     000079
__psmallconst                      smallconst   000200
__ptext0                           text0        0019FE
__ptext1                           text1        001A72
__ptext10                          text10       0002A2
__ptext11                          text11       001F70
__ptext12                          text12       001F1C
__ptext13                          text13       000176
__ptext14                          text14       00008E
__ptext15                          text15       00014E
__ptext16                          text16       000146
__ptext17                          text17       000036
__ptext18                          text18       00017A
__ptext19                          text19       0000F0
__ptext2                           text2        001988
__ptext20                          text20       00017E
__ptext21                          text21       0000A2
__ptext22                          text22       00010A
__ptext23                          text23       000182
__ptext24                          text24       000186
__ptext25                          text25       0000B6
__ptext26                          text26       00004C
__ptext27                          text27       00018A
__ptext28                          text28       00018E
__ptext29                          text29       000154
__ptext3                           text3        001812
__ptext30                          text30       0000FE
__ptext31                          text31       000192
__ptext32                          text32       00015A
__ptext33                          text33       000160
__ptext34                          text34       000166
__ptext35                          text35       001EB6
__ptext36                          text36       001ADE
__ptext37                          text37       001E6A
__ptext38                          text38       001DDC
__ptext39                          text39       001C0E
__ptext4                           text4        001892
__ptext40                          text40       0016F8
__ptext41                          text41       001DA4
__ptext42                          text42       000114
__ptext43                          text43       00011E
__ptext44                          text44       000062
__ptext45                          text45       0000DE
__ptext46                          text46       000196
__ptext47                          text47       000128
__ptext48                          text48       00016C
__ptext49                          text49       000132
__ptext5                           text5        001CAA
__ptext50                          text50       001ED8
__ptext51                          text51       001FBE
__ptext52                          text52       001F8A
__ptext53                          text53       001EFA
__ptext54                          text54       0000CA
__ptext55                          text55       001E10
__ptext56                          text56       001FA4
__ptext57                          text57       00019A
__ptext58                          text58       001D68
__ptext59                          text59       001636
__ptext6                           text6        001404
__ptext60                          text60       001CEC
__ptext61                          text61       001E3E
__ptext62                          text62       001FD6
__ptext63                          text63       001F38
__ptext64                          text64       001E90
__ptext65                          text65       001910
__ptext66                          text66       001F54
__ptext67                          text67       001B4A
__ptext68                          text68       001BAC
__ptext69                          text69       00013C
__ptext7                           text7        001560
__ptext71                          text71       001C62
__ptext8                           text8        000172
__ptext9                           text9        00123A
__ramtop                           ramtop       000200
__smallconst                       smallconst   000200
_accessMenuString1@Menu$F544       dataBANK0    0000E3
_accessMenuString2@Menu$F545       dataBANK1    000128
_aux                               bssCOMRAM    000040
_aux@EEPROM$F1757                  bssCOMRAM    000020
_auxPM                             bssCOMRAM    00004A
_auxPU                             bssCOMRAM    000048
_byeString@Menu$F559               dataCOMRAM   000076
_centre                            bssCOMRAM    00003A
_cleanEeprom                       text30       0000FE
_cols                              bssCOMRAM    000035
_counter                           bssCOMRAM    00002A
_currentTimeString@Menu$F560       dataBANK1    00010F
_doneCharging                      bssCOMRAM    000022
_eepromState                       bssCOMRAM    000021
_endMusic                          text29       000154
_enterPasswordString@Menu$F553     dataCOMRAM   000067
_enterUserString@Menu$F552         dataCOMRAM   00006C
_error                             bssCOMRAM    000011
_errorsString@Menu$F557            dataBANK0    0000EB
_gameON                            bssCOMRAM    00003D
_getCentreJoystick                 text28       00018E
_getDoneCharging                   text27       00018A
_getFirstDirection                 text26       00004C
_getFirstDirectionScores           text25       0000B6
_getGame                           text8        000172
_getPositionJoystick               text24       000186
_getRX                             text23       000182
_getScore                          text22       00010A
_getUser                           text21       0000A2
_h_Tics                            bssCOMRAM    00000F
_initData                          text57       00019A
_initJoystick                      text56       001FA4
_initKeypad                        text55       001E10
_initMenu                          text53       001EFA
_initMusic                         text52       001F8A
_initSIO                           text51       001FBE
_initTX                            text50       001ED8
_isPressed                         text20       00017E
_keyValue                          bssCOMRAM    000046
_keypadState                       bssCOMRAM    000037
_main                              text0        0019FE
_menuMotor                         text10       0002A2
_menuState                         bssCOMRAM    00004D
_menuStrings@Menu$F546             dataCOMRAM   000071
_minutes                           bssCOMRAM    000045
_minutes@Timer$F1633               bssCOMRAM    000027
_minutesCountdown                  bssCOMRAM    000043
_modifyTimeString@Menu$F558        dataBANK1    00011C
_motorEeprom                       text9        00123A
_motorJoystick                     text7        001560
_motorKey                          text6        001404
_motorMusic                        text4        001892
_motorRX                           text3        001812
_motorTX                           text2        001988
_motorTimer                        text1        001A72
_musicState                        bssCOMRAM    00001D
_note                              bssCOMRAM    00001C
_numAddress                        bssCOMRAM    00001F
_numScores@Data$F564               bssCOMRAM    00004E
_numUsers@Data$F563                bssCOMRAM    00004F
_option                            bssCOMRAM    000047
_playNote                          text5        001CAA
_pointer                           bssCOMRAM    00004C
_pointer@EEPROM$F1753              bssCOMRAM    000024
_pointer@Music$F1878               bssCOMRAM    00001B
_pointer@TX$F2011                  bssCOMRAM    000016
_pointerEeprom                     bssCOMRAM    000023
_pointerMarquee                    bssCOMRAM    00004B
_pointerRX                         bssCOMRAM    000015
_pointerUser                       bssCOMRAM    000049
_positionJoystick@Joystick$F704    bssCOMRAM    00003C
_press                             bssCOMRAM    000034
_prevMaxIndex                      bssCOMRAM    00003F
_prevMaxScore                      bssCOMRAM    00003E
_readEeprom                        text54       0000CA
_readEepromScores                  text19       0000F0
_receive                           bssCOMRAM    000014
_resetPositionJoystick             text18       00017A
_rotating                          bssCOMRAM    000033
_rows                              bssCOMRAM    000036
_s_Timers                          bssBANK0     0000B6
_scoreString@Menu$F556             dataBANK0    0000F2
_seconds                           bssCOMRAM    000044
_seconds@Timer$F1634               bssCOMRAM    000026
_secondsCountdown                  bssCOMRAM    000042
_sendMyTX                          text17       000036
_setTX                             text16       000146
_show                              bssCOMRAM    000025
_showTimerPic                      text15       00014E
_startMusic                        text14       00008E
_state                             bssCOMRAM    00003B
_stateRX                           bssCOMRAM    000013
_stateTX                           bssCOMRAM    000018
_stopTimerPic                      text13       000176
_text                              smallconst   000233
_textSMS                           smallconst   000201
_timeLeftString@Menu$F555          dataBANK1    000133
_timeRemainingString@Menu$F554     dataBANK1    000100
_timerGeneral                      nvCOMRAM     000079
_timerJoystick                     bssCOMRAM    000039
_timerKeypad                       bssCOMRAM    000038
_timerMenu                         bssCOMRAM    000041
_timerMusic                        bssCOMRAM    00000B
_timerNote                         bssCOMRAM    00001E
_timerPic                          bssCOMRAM    000029
_timerRX                           bssCOMRAM    000019
_timerState                        bssCOMRAM    000028
_timerTX                           bssCOMRAM    00001A
_toSend                            bssCOMRAM    000017
_topScore                          bssCOMRAM    00000D
_topScores                         bssCOMRAM    000001
_user                              bssBANK0     0000D1
_users                             bssBANK0     000080
_value                             bssCOMRAM    000032
_valueOld                          bssCOMRAM    000031
_writeEeprom                       text12       001F1C
_writeEepromScores                 text11       001F70
btemp                              temp         00007A
end_of_initialization              cinit        001804
getFirstDirection@numAddress       cstackCOMRAM 000055
getFirstDirectionScores@numAddress cstackCOMRAM 000055
int$flags                          temp         00007A
intlevel0                          text         000000
intlevel1                          text         000000
intlevel2                          text         000000
intlevel3                          text         000000
isa$std                            (abs)        000001
isa$xinst                          (abs)        000000
playNote@note                      cstackCOMRAM 00005E
readEeprom@num                     cstackCOMRAM 000055
readEepromScores@num               cstackCOMRAM 000055
sendMyTX@send                      cstackCOMRAM 000056
setTX@text                         cstackCOMRAM 000055
stackhi                            (abs)        000000
stacklo                            (abs)        000000
start                              init         000032
start_initialization               cinit        00178C
ttemp5                             temp         00007B
ttemp6                             temp         00007E
ttemp7                             temp         000082
writeEeprom@num                    cstackBANK1  00014F
writeEeprom@us                     cstackBANK1  00013D
writeEepromScores@num              cstackCOMRAM 000057
writeEepromScores@score            cstackCOMRAM 000055
wtemp8                             temp         00007B


MODULE INFORMATION

Module		Function		Class		Link	Load	Size
TX.c
		_motorTX       		CODE           	1988	0000	118
		_TXgetState    		CODE           	0192	0000	4
		_sendMyTX      		CODE           	0036	0000	22
		_motorRX       		CODE           	1812	0000	128
		_initTX        		CODE           	1ED8	0000	34

TX.c estimated size: 306

Timer.c
		_TiGetTics     		CODE           	1E90	0000	38
		_TiGetTimer    		CODE           	1E3E	0000	30
		_showTimerPic  		CODE           	014E	0000	6
		_TiInitTimer   		CODE           	1D68	0000	60
		__TiRSITimer   		CODE           	1C62	0000	62
		_TiResetTics   		CODE           	1F38	0000	16
		_stopTimerPic  		CODE           	0176	0000	4
		_motorTimer    		CODE           	1A72	0000	108

Timer.c estimated size: 324

Keypad.c
		_motorKey      		CODE           	1404	0000	314
		_KeyGetNumber  		CODE           	0132	0000	10
		_KeyGetPress   		CODE           	016C	0000	6
		_KeyGetSMS     		CODE           	0128	0000	10
		_KeyGetValue   		CODE           	0196	0000	4
		_KeyResetValue 		CODE           	00DE	0000	18
		_initKeypad    		CODE           	1E10	0000	46
		_isPressed     		CODE           	017E	0000	4

Keypad.c estimated size: 412

Menu.c
		_getGame       		CODE           	0172	0000	4
		_menuMotor     		CODE           	02A2	0000	3690
		_initMenu      		CODE           	1EFA	0000	34

Menu.c estimated size: 3728

SIO.c
		_getRX         		CODE           	0182	0000	4
		_TXbusy        		CODE           	015A	0000	6
		_initSIO       		CODE           	1FBE	0000	24
		_RXdata        		CODE           	0160	0000	6
		_setTX         		CODE           	0146	0000	8

SIO.c estimated size: 48

Data.c
		_initData      		CODE           	019A	0000	2

Data.c estimated size: 2

EEPROM.c
		_motorEeprom   		CODE           	123A	0000	402
		_readEepromScores		CODE           	00F0	0000	14
		_getFirstDirection		CODE           	004C	0000	22
		_getScore      		CODE           	010A	0000	10
		_getFirstDirectionScores		CODE           	00B6	0000	20
		_getDoneCharging		CODE           	018A	0000	4
		_writeEepromScores		CODE           	1F70	0000	26
		_cleanEeprom   		CODE           	00FE	0000	12
		_EeInitAction  		CODE           	013C	0000	10
		_getUser       		CODE           	00A2	0000	20
		_readEeprom    		CODE           	00CA	0000	12
		_writeEeprom   		CODE           	1F1C	0000	28

EEPROM.c estimated size: 580

LcTLCD.c
		_LcPutChar     		CODE           	1C0E	0000	84
		_LcPutScore    		CODE           	1ADE	0000	100
		_EscriuPrimeraOrdre		CODE           	1910	0000	106
		_LcScroll      		CODE           	0166	0000	6
		_WaitForBusy   		CODE           	1CEC	0000	62
		_LcGotoXY      		CODE           	16F8	0000	148
		_LcClear       		CODE           	0062	0000	22
		_CantaData     		CODE           	1DA4	0000	32
		_LcCursorOn    		CODE           	0114	0000	10
		_LcCursorOff   		CODE           	011E	0000	10
		_LcInit        		CODE           	1636	0000	184
		_LcPutTime     		CODE           	1EB6	0000	34
		_CantaPartAlta 		CODE           	1BAC	0000	98
		_Espera        		CODE           	1FD6	0000	24
		_CantaIR       		CODE           	1F54	0000	28
		_CantaPartBaixa		CODE           	1B4A	0000	98

LcTLCD.c estimated size: 1046

C:\Program Files\Microchip\xc8\v2.36\pic\sources\c99\common\lbmod.c
		___lbmod       		CODE           	1E6A	0000	38

C:\Program Files\Microchip\xc8\v2.36\pic\sources\c99\common\lbmod.c estimated size: 38

shared
		PL12           		CODE           	1152	0000	12
		PL50           		CODE           	1DC4	0000	14
		PL8            		CODE           	1138	0000	12
		PL22           		CODE           	13CC	0000	14
		PL60           		CODE           	13EC	0000	10
		PL32           		CODE           	11B0	0000	8
		PL70           		CODE           	00D6	0000	8
		PL42           		CODE           	11D6	0000	10
		PL80           		CODE           	1212	0000	10
		PL14           		CODE           	115E	0000	20
		PL52           		CODE           	13DA	0000	10
		PL90           		CODE           	122C	0000	6
		PL24           		CODE           	1198	0000	8
		PL62           		CODE           	11EE	0000	10
		PL34           		CODE           	11B8	0000	14
		PL72           		CODE           	162E	0000	8
		PL44           		CODE           	11E0	0000	8
		PL82           		CODE           	1DD2	0000	10
		PL16           		CODE           	1172	0000	10
		PL54           		CODE           	1548	0000	14
		PL92           		CODE           	1232	0000	8
		PL26           		CODE           	1E5C	0000	14
		PL64           		CODE           	11F8	0000	6
		PL36           		CODE           	11C6	0000	8
		PL74           		CODE           	1556	0000	10
		PL46           		CODE           	11E8	0000	6
		PL84           		CODE           	121C	0000	8
		PL18           		CODE           	117C	0000	16
		PL56           		CODE           	197A	0000	14
		PL94           		CODE           	1B42	0000	8
		PL28           		CODE           	16EE	0000	10
		PL66           		CODE           	11FE	0000	10
		PL38           		CODE           	11CE	0000	8
		PL76           		CODE           	1CA0	0000	10
		PL48           		CODE           	1F48	0000	12
		PL86           		CODE           	13FE	0000	6
		PL58           		CODE           	13E4	0000	8
		PL68           		CODE           	1208	0000	10
		PL78           		CODE           	13F6	0000	8
		PL88           		CODE           	1224	0000	8
		_textSMS       		SMALLCONST     	0201	0000	50
		__initialization		CODE           	178C	0000	120
		_text          		SMALLCONST     	0233	0000	12
		PL2            		CODE           	110C	0000	16
		PL10           		CODE           	1144	0000	14
		PL4            		CODE           	111C	0000	12
		PL20           		CODE           	118C	0000	12
		PL30           		CODE           	11A0	0000	16
		PL6            		CODE           	1128	0000	16
		PL40           		CODE           	153E	0000	10

shared estimated size: 682

Joystick.c
		_getPositionJoystick		CODE           	0186	0000	4
		_initJoystick  		CODE           	1FA4	0000	26
		_resetPositionJoystick		CODE           	017A	0000	4
		_getCentreJoystick		CODE           	018E	0000	4
		_motorJoystick 		CODE           	1560	0000	206

Joystick.c estimated size: 244

main.c
		_main          		CODE           	19FE	0000	116
		_RSI_High      		CODE           	0008	0000	42

main.c estimated size: 158

Music.c
		_endMusic      		CODE           	0154	0000	6
		_playNote      		CODE           	1CAA	0000	66
		_initMusic     		CODE           	1F8A	0000	26
		_startMusic    		CODE           	008E	0000	20
		_motorMusic    		CODE           	1892	0000	126

Music.c estimated size: 244

C:\Program Files\Microchip\xc8\v2.36\pic\sources\c99\common\lbdiv.c
		___lbdiv       		CODE           	1DDC	0000	52

C:\Program Files\Microchip\xc8\v2.36\pic\sources\c99\common\lbdiv.c estimated size: 52

