Microchip MPLAB XC8 Compiler V2.32

Linker command line:

-W-3 --edf=C:\Program Files\Microchip\xc8\v2.32\pic\dat\en_msgs.txt -cn \
  -h+dist/default/production\LSSudoku.X.production.sym \
  --cmf=dist/default/production\LSSudoku.X.production.cmf -z -Q18F4321 \
  -oC:\Users\alfon\AppData\Local\Temp\xcAsfn8.4 --defsym=__MPLAB_BUILD=1 \
  -Mdist/default/production/LSSudoku.X.production.map -E1 -ver=XC8 Compiler \
  --acfsm=1493 -ASTACK=01A2h-01FFh -pstack=STACK -ACODE=00h-01FFFh \
  -ACONST=00h-01FFFh -ASMALLCONST=0200h-02FFhx30 -AMEDIUMCONST=0200h-01FFFh \
  -ACOMRAM=01h-07Fh -AABS1=00h-01FFh -ABIGRAM=01h-01FFh \
  -ARAM=080h-0FFh,0100h-01FFh -ABANK0=080h-0FFh -ABANK1=0100h-01FFh \
  -ASFR=0F80h-0FFFh -ACONFIG=0300000h-030000Dh -AIDLOC=0200000h-0200007h \
  -AEEDATA=0F00000h-0F000FFh -peeprom_data=EEDATA \
  -preset_vec=00h,intcode=08h,intcodelo,powerup,init -pramtop=0200h \
  -psmallconst=SMALLCONST -pmediumconst=MEDIUMCONST -pconst=CONST \
  -AFARRAM=00h-00h \
  -prdata=COMRAM,nvrram=COMRAM,nvbit=COMRAM,rbss=COMRAM,rbit=COMRAM \
  -pfarbss=FARRAM,fardata=FARRAM,nvFARRAM=FARRAM \
  -pintsave_regs=BIGRAM,bigbss=BIGRAM,bigdata=BIGRAM -pbss=RAM \
  -pidata=CODE,irdata=CODE,ibigdata=CODE,ifardata=CODE -prparam=COMRAM \
  C:\Users\alfon\AppData\Local\Temp\xcAsfn8.o \
  dist/default/production\LSSudoku.X.production.o 

Object code version is 3.11

Machine type is 18F4321



                Name                               Link     Load   Length Selector   Space Scale
C:\Users\alfon\AppData\Local\Temp\xcAsfn8.o
                idloc                            200000   200000        8        0       5
                config                           300000   300000        E        0       4
                init                                 32       32        4        4       0
                reset_vec                             0        0        4        0       0
dist/default/production\LSSudoku.X.production.o
                intcode                               8        8       2A        4       0
                idloc                            200000   200000        8        0       5
                config                           300000   300000        E        0       4
                temp                                 79       79        1        1       1
                mediumconst                        1EF6     1EF6      10A      F7B       0
                text85                             17BC     17BC       48        4       0
                text83                             1574     1574       66        4       0
                text82                             150E     150E       66        4       0
                text81                             1D02     1D02       1C        4       0
                text80                             13B2     13B2       7C        4       0
                text79                             1C3A     1C3A       26        4       0
                text78                             1CE6     1CE6       1C        4       0
                text77                             1CC6     1CC6       20        4       0
                text76                             1B4A     1B4A       2C        4       0
                text75                             19DC     19DC       3E        4       0
                text74                             11D4     11D4       C0        4       0
                text73                             1BC6     1BC6       28        4       0
                text72                             1DBA     1DBA       14        4       0
                text71                             1DA6     1DA6       14        4       0
                text70                             1D92     1D92       14        4       0
                text69                             1B9E     1B9E       28        4       0
                text68                             1D7E     1D7E       14        4       0
                text67                             1E4C     1E4C        E        4       0
                text66                             1C14     1C14       26        4       0
                text65                             1E3E     1E3E        E        4       0
                text64                             1E8A     1E8A        C        4       0
                text63                             102E     102E       D6        4       0
                text62                             1A86     1A86       34        4       0
                text61                             1C60     1C60       24        4       0
                text60                             1ED6     1ED6        6        4       0
                text59                             1EBC     1EBC        8        4       0
                text58                             1918     1918       44        4       0
                text57                             1D68     1D68       16        4       0
                text56                             1D52     1D52       16        4       0
                text55                             199C     199C       40        4       0
                text54                             132A     132A       88        4       0
                text53                             1E12     1E12       10        4       0
                text52                             1A1A     1A1A       38        4       0
                text51                             1AEC     1AEC       30        4       0
                text50                             1E02     1E02       10        4       0
                text49                             1DF2     1DF2       10        4       0
                text48                             1686     1686       52        4       0
                text47                             1B76     1B76       28        4       0
                text46                              BFE      BFE      1F4        4       0
                text45                             1EB4     1EB4        8        4       0
                text44                                4        4        4        0       0
                text43                             1EAA     1EAA        A        4       0
                text42                             1EA0     1EA0        A        4       0
                text41                             184A     184A       46        4       0
                text40                             14A6     14A6       68        4       0
                text39                             1BEE     1BEE       26        4       0
                text38                              DF2      DF2      132        4       0
                text37                             1B1C     1B1C       2E        4       0
                text36                             1104     1104       D0        4       0
                text35                             1EF0     1EF0        4        4       0
                text34                             1D38     1D38       1A        4       0
                text33                             1EEC     1EEC        4        4       0
                text32                             1ED0     1ED0        6        4       0
                text31                             1D1E     1D1E       1A        4       0
                text30                             1726     1726       4C        4       0
                text29                             15DA     15DA       5A        4       0
                text28                             1E7E     1E7E        C        4       0
                text27                             1E72     1E72        C        4       0
                text26                             1ABA     1ABA       32        4       0
                text25                             1EE8     1EE8        4        4       0
                text24                             1EE4     1EE4        4        4       0
                text23                             1E66     1E66        C        4       0
                text22                             18D4     18D4       44        4       0
                text21                             1A52     1A52       34        4       0
                text20                             1804     1804       46        4       0
                text19                             1294     1294       96        4       0
                text18                             1E30     1E30        E        4       0
                text17                             1890     1890       44        4       0
                text16                             1ECA     1ECA        6        4       0
                text15                             1DE0     1DE0       12        4       0
                text14                             1EC4     1EC4        6        4       0
                text13                             1CA6     1CA6       20        4       0
                text12                               36       36      900        4       0
                text11                             142E     142E       78        4       0
                text10                             1C84     1C84       22        4       0
                text9                               936      936      2C8        4       0
                text8                              1772     1772       4A        4       0
                text7                              1EE0     1EE0        4        4       0
                text6                              1E22     1E22        E        4       0
                text5                              1DCE     1DCE       12        4       0
                text4                              1E96     1E96        A        4       0
                text3                              1E5A     1E5A        C        4       0
                text2                              195C     195C       40        4       0
                text1                               F24      F24      10A        4       0
                text0                              16D8     16D8       4E        4       0
                cstackCOMRAM                         55       55       20        1       1
                cstackBANK0                          DF       DF        3       80       1
                bssBANK1                            100      100       A2      100       1
                bssBANK0                             80       80       5F       80       1
                dataCOMRAM                           75       75        4        1       1
                bssCOMRAM                             1        1       54        1       1
                cinit                              1634     1634       52        4       0
                idataCOMRAM                        1EDC     1EDC        4        4       0

TOTAL           Name                               Link     Load   Length     Space
        CLASS   STACK          

        CLASS   CODE           
                intcode                               8        8       2A         0
                init                                 32       32        4         0
                reset_vec                             0        0        4         0
                text85                             17BC     17BC       48         0
                text83                             1574     1574       66         0
                text82                             150E     150E       66         0
                text81                             1D02     1D02       1C         0
                text80                             13B2     13B2       7C         0
                text79                             1C3A     1C3A       26         0
                text78                             1CE6     1CE6       1C         0
                text77                             1CC6     1CC6       20         0
                text76                             1B4A     1B4A       2C         0
                text75                             19DC     19DC       3E         0
                text74                             11D4     11D4       C0         0
                text73                             1BC6     1BC6       28         0
                text72                             1DBA     1DBA       14         0
                text71                             1DA6     1DA6       14         0
                text70                             1D92     1D92       14         0
                text69                             1B9E     1B9E       28         0
                text68                             1D7E     1D7E       14         0
                text67                             1E4C     1E4C        E         0
                text66                             1C14     1C14       26         0
                text65                             1E3E     1E3E        E         0
                text64                             1E8A     1E8A        C         0
                text63                             102E     102E       D6         0
                text62                             1A86     1A86       34         0
                text61                             1C60     1C60       24         0
                text60                             1ED6     1ED6        6         0
                text59                             1EBC     1EBC        8         0
                text58                             1918     1918       44         0
                text57                             1D68     1D68       16         0
                text56                             1D52     1D52       16         0
                text55                             199C     199C       40         0
                text54                             132A     132A       88         0
                text53                             1E12     1E12       10         0
                text52                             1A1A     1A1A       38         0
                text51                             1AEC     1AEC       30         0
                text50                             1E02     1E02       10         0
                text49                             1DF2     1DF2       10         0
                text48                             1686     1686       52         0
                text47                             1B76     1B76       28         0
                text46                              BFE      BFE      1F4         0
                text45                             1EB4     1EB4        8         0
                text44                                4        4        4         0
                text43                             1EAA     1EAA        A         0
                text42                             1EA0     1EA0        A         0
                text41                             184A     184A       46         0
                text40                             14A6     14A6       68         0
                text39                             1BEE     1BEE       26         0
                text38                              DF2      DF2      132         0
                text37                             1B1C     1B1C       2E         0
                text36                             1104     1104       D0         0
                text35                             1EF0     1EF0        4         0
                text34                             1D38     1D38       1A         0
                text33                             1EEC     1EEC        4         0
                text32                             1ED0     1ED0        6         0
                text31                             1D1E     1D1E       1A         0
                text30                             1726     1726       4C         0
                text29                             15DA     15DA       5A         0
                text28                             1E7E     1E7E        C         0
                text27                             1E72     1E72        C         0
                text26                             1ABA     1ABA       32         0
                text25                             1EE8     1EE8        4         0
                text24                             1EE4     1EE4        4         0
                text23                             1E66     1E66        C         0
                text22                             18D4     18D4       44         0
                text21                             1A52     1A52       34         0
                text20                             1804     1804       46         0
                text19                             1294     1294       96         0
                text18                             1E30     1E30        E         0
                text17                             1890     1890       44         0
                text16                             1ECA     1ECA        6         0
                text15                             1DE0     1DE0       12         0
                text14                             1EC4     1EC4        6         0
                text13                             1CA6     1CA6       20         0
                text12                               36       36      900         0
                text11                             142E     142E       78         0
                text10                             1C84     1C84       22         0
                text9                               936      936      2C8         0
                text8                              1772     1772       4A         0
                text7                              1EE0     1EE0        4         0
                text6                              1E22     1E22        E         0
                text5                              1DCE     1DCE       12         0
                text4                              1E96     1E96        A         0
                text3                              1E5A     1E5A        C         0
                text2                              195C     195C       40         0
                text1                               F24      F24      10A         0
                text0                              16D8     16D8       4E         0
                cinit                              1634     1634       52         0
                idataCOMRAM                        1EDC     1EDC        4         0

        CLASS   CONST          

        CLASS   SMALLCONST     

        CLASS   MEDIUMCONST    
                mediumconst                        1EF6     1EF6      10A         0

        CLASS   COMRAM         
                temp                                 79       79        1         1
                cstackCOMRAM                         55       55       20         1
                dataCOMRAM                           75       75        4         1
                bssCOMRAM                             1        1       54         1

        CLASS   ABS1           

        CLASS   BIGRAM         

        CLASS   RAM            

        CLASS   BANK0          
                cstackBANK0                          DF       DF        3         1
                bssBANK0                             80       80       5F         1

        CLASS   BANK1          
                bssBANK1                            100      100       A2         1

        CLASS   SFR            

        CLASS   CONFIG         
                config                           300000   300000        E         4

        CLASS   IDLOC          
                idloc                            200000   200000        8         5

        CLASS   EEDATA         

        CLASS   FARRAM         



SEGMENTS        Name                           Load    Length   Top    Selector   Space  Class

                reset_vec                      000000  000008  000008         0       0  CODE    
                bssCOMRAM                      000001  000079  00007A         1       1  COMRAM  
                intcode                        000008  001EEC  001EF4         4       0  CODE    
                bssBANK0                       000080  000062  0000E2        80       1  BANK0   
                bssBANK1                       000100  0000A2  0001A2       100       1  BANK1   
                mediumconst                    001EF6  00010A  002000       F7B       0  MEDIUMCO


UNUSED ADDRESS RANGES

        Name                Unused          Largest block    Delta
        BANK0            0000E2-0000FF               1E
        BANK1            0001A2-0001FF               5E
        BIGRAM           00007A-00007F                6
                         0000E2-0000FF               1E
                         0001A2-0001FF               5E
        CODE             001EF4-001EF5                2
        COMRAM           00007A-00007F                6
        CONST            001EF4-001EF5                2
        EEDATA           F00000-F000FF              100
        MEDIUMCONST      001EF4-001EF5                2
        RAM              0000E2-0000FF               1E
                         0001A2-0001FF               5E
        SFR              000F80-000FFF               80
        SMALLCONST       001EF4-001EF5                2
        STACK            0001A2-0001FF               5E

                                  Symbol Table

?_TiGetTics                  cstackCOMRAM 00005A
?___awdiv                    cstackCOMRAM 00005A
?___awmod                    cstackCOMRAM 00005A
CantaData@Data               cstackCOMRAM 00005C
CantaIR@IR                   cstackCOMRAM 00005C
CantaPartAlta@c              cstackCOMRAM 00005B
CantaPartBaixa@c             cstackCOMRAM 00005B
EUSendChar@data              cstackCOMRAM 00005B
EscriuPrimeraOrdre@ordre     cstackCOMRAM 00005B
Espera@Timer                 cstackCOMRAM 000061
Espera@ms                    cstackCOMRAM 000063
GetLength@aux_x              cstackCOMRAM 00005E
GetLength@string             cstackCOMRAM 00005A
GetSecondLength@aux_x        cstackCOMRAM 00005C
GetSecondLength@string2      cstackCOMRAM 00005A
LcGotoXY@Column              cstackCOMRAM 000067
LcGotoXY@Fisics              cstackCOMRAM 000063
LcGotoXY@Row                 cstackCOMRAM 000062
LcInit@columns               cstackCOMRAM 000066
LcInit@i                     cstackCOMRAM 000068
LcInit@rows                  cstackCOMRAM 000067
LcPrintLine@c                cstackCOMRAM 000069
LcPrintSecondLine@c2         cstackCOMRAM 000069
LcPutChar@c                  cstackCOMRAM 000068
LoGotKey@pressed             cstackCOMRAM 00005C
PL10                         text12       0008A0
PL100                        text17       0018CE
PL102                        text45       001EB6
PL12                         text74       001288
PL14                         text46       000DE2
PL16                         text12       0008B6
PL18                         text12       0008BE
PL2                          text46       000D82
PL20                         text12       0008C8
PL22                         text12       0008D0
PL24                         text76       001B68
PL26                         text38       000EFE
PL28                         text19       001306
PL30                         text9        000BA0
PL32                         text38       000F18
PL34                         text12       0008DA
PL36                         text12       0008E2
PL38                         text19       001320
PL4                          text46       000DA4
PL40                         text17       0018BC
PL42                         text9        000BBA
PL44                         text78       001CF6
PL46                         text52       001A3A
PL48                         text12       0008F4
PL50                         text46       000DE8
PL52                         text48       0016CE
PL54                         text80       001416
PL56                         text9        000BCC
PL58                         text9        000BD4
PL6                          text46       000DC4
PL60                         text12       000904
PL62                         text30       001768
PL64                         text12       00090E
PL66                         text29       001628
PL68                         text12       00091A
PL70                         text12       000920
PL72                         text85       0017FA
PL74                         text52       001A48
PL76                         text9        000BDC
PL78                         text82       00156A
PL8                          text46       000DD4
PL80                         text80       001424
PL82                         text83       0015D0
PL84                         text58       001956
PL86                         text9        000BE6
PL88                         text9        000BEC
PL90                         text27       001E78
PL92                         text9        000BF2
PL94                         text12       00092A
PL96                         text9        000BF8
PL98                         text12       000930
SiSendChar@my_byte           cstackCOMRAM 00005A
TiGetTics@Handle             cstackCOMRAM 00005E
TiGetTics@actual             cstackCOMRAM 00005F
TiResetTics@Handle           cstackCOMRAM 00005A
TimGetEndTime@endPosition    cstackCOMRAM 00005F
TimModifyTime@newTime        cstackCOMRAM 00006F
TimModifyTime@position       cstackCOMRAM 000069
WaitForBusy@Busy             cstackCOMRAM 000061
_ADCON0                      (abs)        000FC2
_ADCON0bits                  (abs)        000FC2
_ADCON1                      (abs)        000FC1
_ADCON2                      (abs)        000FC0
_ADRESH                      (abs)        000FC4
_BAUDCONbits                 (abs)        000FB8
_CantaData                   text52       001A1A
_CantaIR                     text81       001D02
_CantaPartAlta               text83       001574
_CantaPartBaixa              text82       00150E
_ColumnAct                   bssCOMRAM    000049
_Columns                     bssCOMRAM    00004B
_EEADR                       (abs)        000FA9
_EECON1bits                  (abs)        000FA6
_EECON2                      (abs)        000FA7
_EEDATA                      (abs)        000FA8
_EUIsAvailable               text7        001EE0
_EUSendChar                  text6        001E22
_EscriuPrimeraOrdre          text80       0013B2
_Espera                      text77       001CC6
_GetLength                   text41       00184A
_GetSecondLength             text37       001B1C
_INTCONbits                  (abs)        000FF2
_KeDisableSMS                text45       001EB4
_KeEnableSMS                 text44       000004
_LATAbits                    (abs)        000F89
_LATCbits                    (abs)        000F8B
_LATDbits                    (abs)        000F8C
_LATE                        (abs)        000F8D
_LcClear                     text61       001C60
_LcCursorOff                 text43       001EAA
_LcCursorOn                  text42       001EA0
_LcDelete                    text53       001E12
_LcGotoXY                    text62       001A86
_LcGotoXY$248                cstackCOMRAM 000065
_LcInit                      text74       0011D4
_LcPrintLine                 text38       000DF2
_LcPrintSecondLine           text36       001104
_LcPutChar                   text51       001AEC
_LoEndGame                   text34       001D38
_LoGotKey                    text48       001686
_LoMoveDown                  text58       001918
_LoMoveLeft                  text57       001D68
_LoMoveRight                 text56       001D52
_LoMoveUp                    text55       00199C
_LoPlaySound                 text4        001E96
_PIR1bits                    (abs)        000F9E
_PORTBbits                   (abs)        000F81
_PORTDbits                   (abs)        000F83
_RCONbits                    (abs)        000FD0
_RCREG                       (abs)        000FAE
_RCSTA                       (abs)        000FAB
_RowAct                      bssCOMRAM    00004A
_SPBRG                       (abs)        000FAF
_SPOneSec                    text3        001E5A
_SPPlay                      text5        001DCE
_SiGetChar                   text33       001EEC
_SiHasReceived               text32       001ED0
_SiIsAvailable               text60       001ED6
_SiSendChar                  text59       001EBC
_T0CON                       (abs)        000FD5
_T0CONbits                   (abs)        000FD5
_TMR0H                       (abs)        000FD7
_TMR0L                       (abs)        000FD6
_TRISAbits                   (abs)        000F92
_TRISBbits                   (abs)        000F93
_TRISCbits                   (abs)        000F94
_TRISDbits                   (abs)        000F95
_TRISE                       (abs)        000F96
_TXREG                       (abs)        000FAD
_TXSTA                       (abs)        000FAC
_TXSTAbits                   (abs)        000FAC
_TiGetTics                   text79       001C3A
_TiGetTimer                  text76       001B4A
_TiInitTimer                 text73       001BC6
_TiResetTics                 text78       001CE6
_TimDisableTime              text35       001EF0
_TimEnableTime               text31       001D1E
_TimGetEndTime               text30       001726
_TimModifyTime               text29       0015DA
_TimResetTime                text28       001E7E
_TimUpdateTime               text2        00195C
_Timer                       bssCOMRAM    00000F
_WaitForBusy                 text75       0019DC
__HRAM                       (abs)        000000
__Habs1                      abs1         000000
__Hbank0                     bank0        000000
__Hbank1                     bank1        000000
__Hbigbss                    bigbss       000000
__Hbigdata                   bigdata      000000
__Hbigram                    bigram       000000
__Hbss                       bss          000000
__HbssBANK0                  bssBANK0     000000
__HbssBANK1                  bssBANK1     000000
__HbssCOMRAM                 bssCOMRAM    000000
__Hcinit                     cinit        000000
__Hclrtext                   clrtext      000000
__Hcomram                    comram       000000
__Hconfig                    config       30000E
__Hconst                     const        000000
__HcstackBANK0               cstackBANK0  000000
__HcstackCOMRAM              cstackCOMRAM 000000
__Hdata                      data         000000
__HdataCOMRAM                dataCOMRAM   000000
__Heeprom_data               eeprom_data  000000
__Hfarbss                    farbss       000000
__Hfardata                   fardata      000000
__Hibigdata                  ibigdata     000000
__Hidata                     idata        000000
__HidataCOMRAM               idataCOMRAM  000000
__Hidloc                     idloc        200008
__Hifardata                  ifardata     000000
__Hinit                      init         000036
__Hintcode                   intcode      000032
__Hintcode_body              intcode_body 000000
__Hintcodelo                 intcodelo    000032
__Hintentry                  intentry     000000
__Hintret                    intret       000000
__Hintsave_regs              intsave_regs 000000
__Hirdata                    irdata       000000
__Hmediumconst               mediumconst  002000
__HnvFARRAM                  nvFARRAM     000000
__Hnvbit                     nvbit        000000
__Hnvrram                    nvrram       000000
__Hpa_nodes0                 pa_nodes0    000000
__Hparam                     rparam       000000
__Hpowerup                   powerup      000032
__Hram                       ram          000000
__Hramtop                    ramtop       000200
__Hrbit                      rbit         000000
__Hrbss                      rbss         000000
__Hrdata                     rdata        000000
__Hreset_vec                 reset_vec    000004
__Hrparam                    rparam       000000
__Hsfr                       sfr          000000
__Hsmallconst                smallconst   000000
__Hspace_0                   (abs)        002000
__Hspace_1                   (abs)        0001A2
__Hspace_2                   (abs)        000000
__Hspace_4                   (abs)        60000E
__Hstack                     stack        000000
__Hstruct                    struct       000000
__Htemp                      temp         00007A
__Htext                      text         000000
__Htext0                     text0        000000
__Htext1                     text1        000000
__Htext10                    text10       000000
__Htext11                    text11       000000
__Htext12                    text12       000000
__Htext13                    text13       000000
__Htext14                    text14       000000
__Htext15                    text15       000000
__Htext16                    text16       000000
__Htext17                    text17       000000
__Htext18                    text18       000000
__Htext19                    text19       000000
__Htext2                     text2        000000
__Htext20                    text20       000000
__Htext21                    text21       000000
__Htext22                    text22       000000
__Htext23                    text23       000000
__Htext24                    text24       000000
__Htext25                    text25       000000
__Htext26                    text26       000000
__Htext27                    text27       000000
__Htext28                    text28       000000
__Htext29                    text29       000000
__Htext3                     text3        000000
__Htext30                    text30       000000
__Htext31                    text31       000000
__Htext32                    text32       000000
__Htext33                    text33       000000
__Htext34                    text34       000000
__Htext35                    text35       000000
__Htext36                    text36       000000
__Htext37                    text37       000000
__Htext38                    text38       000000
__Htext39                    text39       000000
__Htext4                     text4        000000
__Htext40                    text40       000000
__Htext41                    text41       000000
__Htext42                    text42       000000
__Htext43                    text43       000000
__Htext44                    text44       000000
__Htext45                    text45       000000
__Htext46                    text46       000000
__Htext47                    text47       000000
__Htext48                    text48       000000
__Htext49                    text49       000000
__Htext5                     text5        000000
__Htext50                    text50       000000
__Htext51                    text51       000000
__Htext52                    text52       000000
__Htext53                    text53       000000
__Htext54                    text54       000000
__Htext55                    text55       000000
__Htext56                    text56       000000
__Htext57                    text57       000000
__Htext58                    text58       000000
__Htext59                    text59       000000
__Htext6                     text6        000000
__Htext60                    text60       000000
__Htext61                    text61       000000
__Htext62                    text62       000000
__Htext63                    text63       000000
__Htext64                    text64       000000
__Htext65                    text65       000000
__Htext66                    text66       000000
__Htext67                    text67       000000
__Htext68                    text68       000000
__Htext69                    text69       000000
__Htext7                     text7        000000
__Htext70                    text70       000000
__Htext71                    text71       000000
__Htext72                    text72       000000
__Htext73                    text73       000000
__Htext74                    text74       000000
__Htext75                    text75       000000
__Htext76                    text76       000000
__Htext77                    text77       000000
__Htext78                    text78       000000
__Htext79                    text79       000000
__Htext8                     text8        000000
__Htext80                    text80       000000
__Htext81                    text81       000000
__Htext82                    text82       000000
__Htext83                    text83       000000
__Htext85                    text85       000000
__Htext9                     text9        000000
__LRAM                       (abs)        000001
__Labs1                      abs1         000000
__Lbank0                     bank0        000000
__Lbank1                     bank1        000000
__Lbigbss                    bigbss       000000
__Lbigdata                   bigdata      000000
__Lbigram                    bigram       000000
__Lbss                       bss          000000
__LbssBANK0                  bssBANK0     000000
__LbssBANK1                  bssBANK1     000000
__LbssCOMRAM                 bssCOMRAM    000000
__Lcinit                     cinit        000000
__Lclrtext                   clrtext      000000
__Lcomram                    comram       000000
__Lconfig                    config       000000
__Lconst                     const        000000
__LcstackBANK0               cstackBANK0  000000
__LcstackCOMRAM              cstackCOMRAM 000000
__Ldata                      data         000000
__LdataCOMRAM                dataCOMRAM   000000
__Leeprom_data               eeprom_data  000000
__Lfarbss                    farbss       000000
__Lfardata                   fardata      000000
__Libigdata                  ibigdata     000000
__Lidata                     idata        000000
__LidataCOMRAM               idataCOMRAM  000000
__Lidloc                     idloc        000000
__Lifardata                  ifardata     000000
__Linit                      init         000032
__Lintcode                   intcode      000008
__Lintcode_body              intcode_body 000000
__Lintcodelo                 intcodelo    000032
__Lintentry                  intentry     000000
__Lintret                    intret       000000
__Lintsave_regs              intsave_regs 000000
__Lirdata                    irdata       000000
__Lmediumconst               mediumconst  001EF6
__LnvFARRAM                  nvFARRAM     000000
__Lnvbit                     nvbit        000000
__Lnvrram                    nvrram       000000
__Lpa_nodes0                 pa_nodes0    000000
__Lparam                     rparam       000000
__Lpowerup                   powerup      000032
__Lram                       ram          000000
__Lramtop                    ramtop       000200
__Lrbit                      rbit         000000
__Lrbss                      rbss         000000
__Lrdata                     rdata        000000
__Lreset_vec                 reset_vec    000000
__Lrparam                    rparam       000000
__Lsfr                       sfr          000000
__Lsmallconst                smallconst   000000
__Lspace_0                   (abs)        000000
__Lspace_1                   (abs)        000000
__Lspace_2                   (abs)        000000
__Lspace_4                   (abs)        000000
__Lstack                     stack        000000
__Lstruct                    struct       000000
__Ltemp                      temp         000079
__Ltext                      text         000000
__Ltext0                     text0        000000
__Ltext1                     text1        000000
__Ltext10                    text10       000000
__Ltext11                    text11       000000
__Ltext12                    text12       000000
__Ltext13                    text13       000000
__Ltext14                    text14       000000
__Ltext15                    text15       000000
__Ltext16                    text16       000000
__Ltext17                    text17       000000
__Ltext18                    text18       000000
__Ltext19                    text19       000000
__Ltext2                     text2        000000
__Ltext20                    text20       000000
__Ltext21                    text21       000000
__Ltext22                    text22       000000
__Ltext23                    text23       000000
__Ltext24                    text24       000000
__Ltext25                    text25       000000
__Ltext26                    text26       000000
__Ltext27                    text27       000000
__Ltext28                    text28       000000
__Ltext29                    text29       000000
__Ltext3                     text3        000000
__Ltext30                    text30       000000
__Ltext31                    text31       000000
__Ltext32                    text32       000000
__Ltext33                    text33       000000
__Ltext34                    text34       000000
__Ltext35                    text35       000000
__Ltext36                    text36       000000
__Ltext37                    text37       000000
__Ltext38                    text38       000000
__Ltext39                    text39       000000
__Ltext4                     text4        000000
__Ltext40                    text40       000000
__Ltext41                    text41       000000
__Ltext42                    text42       000000
__Ltext43                    text43       000000
__Ltext44                    text44       000000
__Ltext45                    text45       000000
__Ltext46                    text46       000000
__Ltext47                    text47       000000
__Ltext48                    text48       000000
__Ltext49                    text49       000000
__Ltext5                     text5        000000
__Ltext50                    text50       000000
__Ltext51                    text51       000000
__Ltext52                    text52       000000
__Ltext53                    text53       000000
__Ltext54                    text54       000000
__Ltext55                    text55       000000
__Ltext56                    text56       000000
__Ltext57                    text57       000000
__Ltext58                    text58       000000
__Ltext59                    text59       000000
__Ltext6                     text6        000000
__Ltext60                    text60       000000
__Ltext61                    text61       000000
__Ltext62                    text62       000000
__Ltext63                    text63       000000
__Ltext64                    text64       000000
__Ltext65                    text65       000000
__Ltext66                    text66       000000
__Ltext67                    text67       000000
__Ltext68                    text68       000000
__Ltext69                    text69       000000
__Ltext7                     text7        000000
__Ltext70                    text70       000000
__Ltext71                    text71       000000
__Ltext72                    text72       000000
__Ltext73                    text73       000000
__Ltext74                    text74       000000
__Ltext75                    text75       000000
__Ltext76                    text76       000000
__Ltext77                    text77       000000
__Ltext78                    text78       000000
__Ltext79                    text79       000000
__Ltext8                     text8        000000
__Ltext80                    text80       000000
__Ltext81                    text81       000000
__Ltext82                    text82       000000
__Ltext83                    text83       000000
__Ltext85                    text85       000000
__Ltext9                     text9        000000
__S0                         (abs)        002000
__S1                         (abs)        0001A2
__S2                         (abs)        000000
__S4                         (abs)        000000
__S5                         (abs)        000000
__TiRSITimer                 text85       0017BC
___awdiv                     text11       00142E
___awdiv@counter             cstackCOMRAM 00005E
___awdiv@dividend            cstackCOMRAM 00005A
___awdiv@divisor             cstackCOMRAM 00005C
___awdiv@quotient            cstackCOMRAM 000060
___awdiv@sign                cstackCOMRAM 00005F
___awmod                     text40       0014A6
___awmod@counter             cstackCOMRAM 00005E
___awmod@dividend            cstackCOMRAM 00005A
___awmod@divisor             cstackCOMRAM 00005C
___awmod@sign                cstackCOMRAM 00005F
___inthi_sp                  stack        000000
___intlo_sp                  stack        000000
___lbdiv                     text21       001A52
___lbdiv@counter             cstackCOMRAM 00005C
___lbdiv@dividend            cstackCOMRAM 00005B
___lbdiv@divisor             cstackCOMRAM 00005A
___lbdiv@quotient            cstackCOMRAM 00005D
___lbmod                     text39       001BEE
___lbmod@counter             cstackCOMRAM 00005C
___lbmod@dividend            cstackCOMRAM 00005B
___lbmod@divisor             cstackCOMRAM 00005A
___lbmod@rem                 cstackCOMRAM 00005D
___param_bank                (abs)        000000
___rparam_used               (abs)        000001
___sp                        stack        000000
__accesstop                  (abs)        000080
__activetblptr               (abs)        000002
__end_ofPL10                 text12       0008B6
__end_ofPL100                text17       0018D4
__end_ofPL102                text45       001EBC
__end_ofPL12                 text74       001294
__end_ofPL14                 text46       000DE8
__end_ofPL16                 text12       0008BE
__end_ofPL18                 text12       0008C8
__end_ofPL2                  text46       000DA4
__end_ofPL20                 text12       0008D0
__end_ofPL22                 text12       0008DA
__end_ofPL24                 text76       001B76
__end_ofPL26                 text38       000F18
__end_ofPL28                 text19       001320
__end_ofPL30                 text9        000BBA
__end_ofPL32                 text38       000F24
__end_ofPL34                 text12       0008E2
__end_ofPL36                 text12       0008F4
__end_ofPL38                 text19       00132A
__end_ofPL4                  text46       000DC4
__end_ofPL40                 text17       0018CE
__end_ofPL42                 text9        000BCC
__end_ofPL44                 text78       001D02
__end_ofPL46                 text52       001A48
__end_ofPL48                 text12       000904
__end_ofPL50                 text46       000DF2
__end_ofPL52                 text48       0016D8
__end_ofPL54                 text80       001424
__end_ofPL56                 text9        000BD4
__end_ofPL58                 text9        000BDC
__end_ofPL6                  text46       000DD4
__end_ofPL60                 text12       00090E
__end_ofPL62                 text30       001772
__end_ofPL64                 text12       00091A
__end_ofPL66                 text29       001634
__end_ofPL68                 text12       000920
__end_ofPL70                 text12       00092A
__end_ofPL72                 text85       001804
__end_ofPL74                 text52       001A52
__end_ofPL76                 text9        000BE6
__end_ofPL78                 text82       001574
__end_ofPL8                  text46       000DE2
__end_ofPL80                 text80       00142E
__end_ofPL82                 text83       0015DA
__end_ofPL84                 text58       00195C
__end_ofPL86                 text9        000BEC
__end_ofPL88                 text9        000BF2
__end_ofPL90                 text27       001E7E
__end_ofPL92                 text9        000BF8
__end_ofPL94                 text12       000930
__end_ofPL96                 text9        000BFE
__end_ofPL98                 text12       000936
__end_of_CantaData           text52       001A3A
__end_of_CantaIR             text81       001D1E
__end_of_CantaPartAlta       text83       0015D0
__end_of_CantaPartBaixa      text82       00156A
__end_of_EUIsAvailable       text7        001EE4
__end_of_EUSendChar          text6        001E30
__end_of_EscriuPrimeraOrdre  text80       001416
__end_of_Espera              text77       001CE6
__end_of_GetLength           text41       001890
__end_of_GetSecondLength     text37       001B4A
__end_of_KeDisableSMS        text45       001EB6
__end_of_KeEnableSMS         text44       000008
__end_of_LcClear             text61       001C84
__end_of_LcCursorOff         text43       001EB4
__end_of_LcCursorOn          text42       001EAA
__end_of_LcDelete            text53       001E22
__end_of_LcGotoXY            text62       001ABA
__end_of_LcInit              text74       001288
__end_of_LcPrintLine         text38       000EFE
__end_of_LcPrintSecondLine   text36       0011D4
__end_of_LcPutChar           text51       001B1C
__end_of_LoEndGame           text34       001D52
__end_of_LoGotKey            text48       0016CE
__end_of_LoMoveDown          text58       001956
__end_of_LoMoveLeft          text57       001D7E
__end_of_LoMoveRight         text56       001D68
__end_of_LoMoveUp            text55       0019DC
__end_of_LoPlaySound         text4        001EA0
__end_of_SPOneSec            text3        001E66
__end_of_SPPlay              text5        001DE0
__end_of_SiGetChar           text33       001EF0
__end_of_SiHasReceived       text32       001ED6
__end_of_SiIsAvailable       text60       001EDC
__end_of_SiSendChar          text59       001EC4
__end_of_TiGetTics           text79       001C60
__end_of_TiGetTimer          text76       001B68
__end_of_TiInitTimer         text73       001BEE
__end_of_TiResetTics         text78       001CF6
__end_of_TimDisableTime      text35       001EF4
__end_of_TimEnableTime       text31       001D38
__end_of_TimGetEndTime       text30       001768
__end_of_TimModifyTime       text29       001628
__end_of_TimResetTime        text28       001E8A
__end_of_TimUpdateTime       text2        00199C
__end_of_WaitForBusy         text75       001A1A
__end_of__TiRSITimer         text85       0017FA
__end_of___awdiv             text11       0014A6
__end_of___awmod             text40       00150E
__end_of___lbdiv             text21       001A86
__end_of___lbmod             text39       001C14
__end_of__initialization     cinit        001678
__end_of_anotherScore        text27       001E78
__end_of_compare             text26       001AEC
__end_of_doneWritingROM      text25       001EEC
__end_of_getFlag             text24       001EE8
__end_of_getNumUsers         text23       001E72
__end_of_initBluetooth       text72       001DCE
__end_of_initEUSART          text71       001DBA
__end_of_initJoystk          text70       001DA6
__end_of_initKeyboard        text69       001BC6
__end_of_initLogic           text68       001D92
__end_of_initROM             text66       001C3A
__end_of_initSpeaker         text65       001E4C
__end_of_initTimeADT         text64       001E96
__end_of_login               text22       001918
__end_of_main                text0        001726
__end_of_motorEUSART         text63       001104
__end_of_motorJoystk         text54       0013B2
__end_of_motorKeyboard       text46       000D82
__end_of_motorLogic          text12       0008A0
__end_of_motorROM            text9        000BA0
__end_of_motorSpeaker        text8        0017BC
__end_of_motorTime           text1        00102E
__end_of_my_interrupts       intcode      000032
__end_of_readFromROM         text67       001E5A
__end_of_readScore           text20       00184A
__end_of_readUser            text19       001306
__end_of_setLine             text18       001E3E
__end_of_shiftColumns        text47       001B9E
__end_of_signup              text17       0018BC
__end_of_startReadingScore   text16       001ED0
__end_of_startReadingUser    text15       001DF2
__end_of_startWriteUser      text14       001ECA
__end_of_storePass           text50       001E12
__end_of_storeScore          text13       001CC6
__end_of_storeUser           text49       001E02
__end_of_table               mediumconst  001F3F
__end_of_writeToROM          text10       001CA6
__initialization             cinit        001634
__mediumconst                mediumconst  001EF6
__pbssBANK0                  bssBANK0     000080
__pbssBANK1                  bssBANK1     000100
__pbssCOMRAM                 bssCOMRAM    000001
__pcinit                     cinit        001634
__pcstackBANK0               cstackBANK0  0000DF
__pcstackCOMRAM              cstackCOMRAM 000055
__pdataCOMRAM                dataCOMRAM   000075
__pidataCOMRAM               idataCOMRAM  001EDC
__pintcode                   intcode      000008
__pmediumconst               mediumconst  001EF6
__ptext0                     text0        0016D8
__ptext1                     text1        000F24
__ptext10                    text10       001C84
__ptext11                    text11       00142E
__ptext12                    text12       000036
__ptext13                    text13       001CA6
__ptext14                    text14       001EC4
__ptext15                    text15       001DE0
__ptext16                    text16       001ECA
__ptext17                    text17       001890
__ptext18                    text18       001E30
__ptext19                    text19       001294
__ptext2                     text2        00195C
__ptext20                    text20       001804
__ptext21                    text21       001A52
__ptext22                    text22       0018D4
__ptext23                    text23       001E66
__ptext24                    text24       001EE4
__ptext25                    text25       001EE8
__ptext26                    text26       001ABA
__ptext27                    text27       001E72
__ptext28                    text28       001E7E
__ptext29                    text29       0015DA
__ptext3                     text3        001E5A
__ptext30                    text30       001726
__ptext31                    text31       001D1E
__ptext32                    text32       001ED0
__ptext33                    text33       001EEC
__ptext34                    text34       001D38
__ptext35                    text35       001EF0
__ptext36                    text36       001104
__ptext37                    text37       001B1C
__ptext38                    text38       000DF2
__ptext39                    text39       001BEE
__ptext4                     text4        001E96
__ptext40                    text40       0014A6
__ptext41                    text41       00184A
__ptext42                    text42       001EA0
__ptext43                    text43       001EAA
__ptext44                    text44       000004
__ptext45                    text45       001EB4
__ptext46                    text46       000BFE
__ptext47                    text47       001B76
__ptext48                    text48       001686
__ptext49                    text49       001DF2
__ptext5                     text5        001DCE
__ptext50                    text50       001E02
__ptext51                    text51       001AEC
__ptext52                    text52       001A1A
__ptext53                    text53       001E12
__ptext54                    text54       00132A
__ptext55                    text55       00199C
__ptext56                    text56       001D52
__ptext57                    text57       001D68
__ptext58                    text58       001918
__ptext59                    text59       001EBC
__ptext6                     text6        001E22
__ptext60                    text60       001ED6
__ptext61                    text61       001C60
__ptext62                    text62       001A86
__ptext63                    text63       00102E
__ptext64                    text64       001E8A
__ptext65                    text65       001E3E
__ptext66                    text66       001C14
__ptext67                    text67       001E4C
__ptext68                    text68       001D7E
__ptext69                    text69       001B9E
__ptext7                     text7        001EE0
__ptext70                    text70       001D92
__ptext71                    text71       001DA6
__ptext72                    text72       001DBA
__ptext73                    text73       001BC6
__ptext74                    text74       0011D4
__ptext75                    text75       0019DC
__ptext76                    text76       001B4A
__ptext77                    text77       001CC6
__ptext78                    text78       001CE6
__ptext79                    text79       001C3A
__ptext8                     text8        001772
__ptext80                    text80       0013B2
__ptext81                    text81       001D02
__ptext82                    text82       00150E
__ptext83                    text83       001574
__ptext85                    text85       0017BC
__ptext9                     text9        000936
__ramtop                     ramtop       000200
__size_of_CantaData          (abs)        000000
__size_of_CantaIR            (abs)        000000
__size_of_CantaPartAlta      (abs)        000000
__size_of_CantaPartBaixa     (abs)        000000
__size_of_EUIsAvailable      (abs)        000000
__size_of_EUSendChar         (abs)        000000
__size_of_EscriuPrimeraOrdre (abs)        000000
__size_of_Espera             (abs)        000000
__size_of_GetLength          (abs)        000000
__size_of_GetSecondLength    (abs)        000000
__size_of_KeDisableSMS       (abs)        000000
__size_of_KeEnableSMS        (abs)        000000
__size_of_LcClear            (abs)        000000
__size_of_LcCursorOff        (abs)        000000
__size_of_LcCursorOn         (abs)        000000
__size_of_LcDelete           (abs)        000000
__size_of_LcGotoXY           (abs)        000000
__size_of_LcInit             (abs)        000000
__size_of_LcPrintLine        (abs)        000000
__size_of_LcPrintSecondLine  (abs)        000000
__size_of_LcPutChar          (abs)        000000
__size_of_LoEndGame          (abs)        000000
__size_of_LoGotKey           (abs)        000000
__size_of_LoMoveDown         (abs)        000000
__size_of_LoMoveLeft         (abs)        000000
__size_of_LoMoveRight        (abs)        000000
__size_of_LoMoveUp           (abs)        000000
__size_of_LoPlaySound        (abs)        000000
__size_of_SPOneSec           (abs)        000000
__size_of_SPPlay             (abs)        000000
__size_of_SiGetChar          (abs)        000000
__size_of_SiHasReceived      (abs)        000000
__size_of_SiIsAvailable      (abs)        000000
__size_of_SiSendChar         (abs)        000000
__size_of_TiGetTics          (abs)        000000
__size_of_TiGetTimer         (abs)        000000
__size_of_TiInitTimer        (abs)        000000
__size_of_TiResetTics        (abs)        000000
__size_of_TimDisableTime     (abs)        000000
__size_of_TimEnableTime      (abs)        000000
__size_of_TimGetEndTime      (abs)        000000
__size_of_TimModifyTime      (abs)        000000
__size_of_TimResetTime       (abs)        000000
__size_of_TimUpdateTime      (abs)        000000
__size_of_WaitForBusy        (abs)        000000
__size_of__TiRSITimer        (abs)        000000
__size_of___awdiv            (abs)        000000
__size_of___awmod            (abs)        000000
__size_of___lbdiv            (abs)        000000
__size_of___lbmod            (abs)        000000
__size_of_anotherScore       (abs)        000000
__size_of_compare            (abs)        000000
__size_of_doneWritingROM     (abs)        000000
__size_of_getFlag            (abs)        000000
__size_of_getNumUsers        (abs)        000000
__size_of_initBluetooth      (abs)        000000
__size_of_initEUSART         (abs)        000000
__size_of_initJoystk         (abs)        000000
__size_of_initKeyboard       (abs)        000000
__size_of_initLogic          (abs)        000000
__size_of_initROM            (abs)        000000
__size_of_initSpeaker        (abs)        000000
__size_of_initTimeADT        (abs)        000000
__size_of_login              (abs)        000000
__size_of_main               (abs)        000000
__size_of_motorEUSART        (abs)        000000
__size_of_motorJoystk        (abs)        000000
__size_of_motorKeyboard      (abs)        000000
__size_of_motorLogic         (abs)        000000
__size_of_motorROM           (abs)        000000
__size_of_motorSpeaker       (abs)        000000
__size_of_motorTime          (abs)        000000
__size_of_my_interrupts      (abs)        000000
__size_of_readFromROM        (abs)        000000
__size_of_readScore          (abs)        000000
__size_of_readUser           (abs)        000000
__size_of_setLine            (abs)        000000
__size_of_shiftColumns       (abs)        000000
__size_of_signup             (abs)        000000
__size_of_startReadingScore  (abs)        000000
__size_of_startReadingUser   (abs)        000000
__size_of_startWriteUser     (abs)        000000
__size_of_storePass          (abs)        000000
__size_of_storeScore         (abs)        000000
__size_of_storeUser          (abs)        000000
__size_of_writeToROM         (abs)        000000
__smallconst                 smallconst   000000
_address                     bssCOMRAM    00001E
_anotherScore                text27       001E72
_aux                         bssCOMRAM    000048
_aux2                        bssCOMRAM    000047
_buffer                      bssBANK1     000100
_bufferSelect                bssCOMRAM    00001F
_checkUser                   bssCOMRAM    000018
_column                      bssCOMRAM    000054
_compare                     text26       001ABA
_counter                     bssCOMRAM    000040
_curMins                     bssCOMRAM    000005
_curSecs                     bssCOMRAM    000007
_done                        bssCOMRAM    000012
_doneWritingROM              text25       001EE8
_empty                       bssCOMRAM    000013
_endTime                     bssBANK0     0000AB
_flag                        dataCOMRAM   000078
_flag2                       dataCOMRAM   000077
_flag@EUSART$F1265           bssCOMRAM    000032
_flag@Logic$F1451            bssCOMRAM    000022
_flagReading                 bssCOMRAM    000017
_gameStarted                 bssCOMRAM    000029
_getFlag                     text24       001EE4
_getNumUsers                 text23       001E66
_h_Tics                      bssCOMRAM    000009
_index                       bssCOMRAM    00002E
_initBluetooth               text72       001DBA
_initEUSART                  text71       001DA6
_initJoystk                  text70       001D92
_initKeyboard                text69       001B9E
_initLogic                   text68       001D7E
_initMins                    dataCOMRAM   000075
_initROM                     text66       001C14
_initSecs                    bssCOMRAM    000003
_initSpeaker                 text65       001E3E
_initTimeADT                 text64       001E8A
_key                         bssCOMRAM    000028
_length                      bssCOMRAM    000044
_length2                     bssCOMRAM    000041
_login                       text22       0018D4
_main                        text0        0016D8
_menuPos                     bssCOMRAM    000024
_motorEUSART                 text63       00102E
_motorJoystk                 text54       00132A
_motorKeyboard               text46       000BFE
_motorLogic                  text12       000036
_motorROM                    text9        000936
_motorSpeaker                text8        001772
_motorTime                   text1        000F24
_my_interrupts               intcode      000008
_newestUserAddress           bssCOMRAM    000011
_note                        bssCOMRAM    00002B
_numerical                   bssCOMRAM    000037
_pass                        bssBANK0     0000D7
_pass@EEPROM$F1571           bssBANK0     00009B
_passInputROM                bssBANK0     0000AF
_passR                       bssBANK0     0000BF
_pointer                     bssCOMRAM    000046
_pointer2                    bssCOMRAM    000043
_pointer@EEPROM$F1581        bssCOMRAM    000016
_position                    bssCOMRAM    000026
_position@EEPROM$F1576       bssCOMRAM    00001A
_prev_column                 bssCOMRAM    00003A
_prev_row                    bssCOMRAM    00003B
_printScore                  bssCOMRAM    000001
_readAux                     bssBANK0     0000CF
_readFromROM                 text67       001E4C
_readScore                   text20       001804
_readUser                    text19       001294
_row                         bssCOMRAM    00003C
_s_Timers                    bssBANK0     000080
_saveScore                   bssCOMRAM    00001B
_score                       bssCOMRAM    000023
_score@EEPROM$F1582          bssCOMRAM    000015
_scoreAux                    bssCOMRAM    000014
_scoreFlag                   bssCOMRAM    000021
_sendIndex                   bssCOMRAM    000034
_setLine                     text18       001E30
_shift                       bssCOMRAM    000045
_shift2                      bssCOMRAM    000042
_shiftColumns                text47       001B76
_signup                      text17       001890
_sms                         bssCOMRAM    00003D
_startReadingScore           text16       001ECA
_startReadingUser            text15       001DE0
_startUser                   bssCOMRAM    00001C
_startWriteUser              text14       001EC4
_state                       bssCOMRAM    00003F
_state@EEPROM$F1577          bssCOMRAM    000019
_state@EUSART$F1266          bssCOMRAM    000031
_state@Logic$F1441           bssCOMRAM    000027
_status                      bssCOMRAM    000033
_status@Speaker$F1330        bssCOMRAM    00002D
_storePass                   text50       001E02
_storeScore                  text13       001CA6
_storeUser                   text49       001DF2
_tDebounce                   bssCOMRAM    000039
_tEUSART                     bssCOMRAM    00002F
_tLogic                      bssCOMRAM    00002A
_tMarquee                    bssCOMRAM    00000D
_tMarquee2                   bssCOMRAM    00000B
_tSMS                        bssCOMRAM    000038
_tSpeaker                    bssCOMRAM    00002C
_tTime                       bssCOMRAM    000035
_table                       mediumconst  001EF7
_times                       bssCOMRAM    00003E
_user                        bssCOMRAM    00004C
_user@EEPROM$F1570           bssBANK0     0000A3
_userIndex                   bssCOMRAM    000020
_userInputROM                bssBANK0     0000B7
_userR                       bssBANK0     0000C7
_users                       bssCOMRAM    00001D
_vit                         bssCOMRAM    000030
_writeToROM                  text10       001C84
_writing                     bssCOMRAM    000025
btemp                        temp         000079
compare@a                    cstackCOMRAM 00005A
compare@b                    cstackCOMRAM 00005B
end_of_initialization        cinit        001678
int$flags                    temp         000079
intlevel0                    text         000000
intlevel1                    text         000000
intlevel2                    text         000000
intlevel3                    text         000000
isa$std                      (abs)        000001
isa$xinst                    (abs)        000000
login@passInput              cstackCOMRAM 00005B
login@userInput              cstackCOMRAM 00005A
motorKeyboard@state          bssCOMRAM    000036
motorLogic@aux               cstackBANK0  0000DF
motorLogic@aux_1500          cstackBANK0  0000E1
motorLogic@x                 cstackBANK0  0000E0
readScore@aux                cstackCOMRAM 00005E
readUser@toRead              cstackCOMRAM 00005E
signup@userInput             cstackCOMRAM 00005A
stackhi                      (abs)        0001FF
stacklo                      (abs)        0001A2
start                        init         000032
start_initialization         cinit        001634
storePass@positionPass       cstackCOMRAM 00005A
storePass@value              cstackCOMRAM 00005B
storeScore@pos               cstackCOMRAM 00005B
storeScore@scoreIn           cstackCOMRAM 00005C
storeScore@userLetter        cstackCOMRAM 00005A
storeUser@positionUser       cstackCOMRAM 00005A
storeUser@value              cstackCOMRAM 00005B
ttemp5                       temp         00007A
ttemp6                       temp         00007D
ttemp7                       temp         000081
writeToROM@value             cstackCOMRAM 00005A
wtemp8                       temp         00007A


MODULE INFORMATION

Module		Function		Class		Link	Load	Size
C:\Program Files\Microchip\xc8\v2.32\pic\sources\c99\common\awdiv.c
		___awdiv       		CODE           	142E	0000	120

C:\Program Files\Microchip\xc8\v2.32\pic\sources\c99\common\awdiv.c estimated size: 120

Bluetooth.c
		_initBluetooth 		CODE           	1DBA	0000	20
		_SiHasReceived 		CODE           	1ED0	0000	6
		_SiGetChar     		CODE           	1EEC	0000	4
		_SiIsAvailable 		CODE           	1ED6	0000	6
		_SiSendChar    		CODE           	1EBC	0000	8

Bluetooth.c estimated size: 44

EUSART.c
		_motorEUSART   		CODE           	102E	0000	214
		_initEUSART    		CODE           	1DA6	0000	20
		_EUIsAvailable 		CODE           	1EE0	0000	4
		_EUSendChar    		CODE           	1E22	0000	14

EUSART.c estimated size: 252

C:\Program Files\Microchip\xc8\v2.32\pic\sources\c99\common\lbdiv.c
		___lbdiv       		CODE           	1A52	0000	52

C:\Program Files\Microchip\xc8\v2.32\pic\sources\c99\common\lbdiv.c estimated size: 52

Keyboard.c
		_initKeyboard  		CODE           	1B9E	0000	40
		_motorKeyboard 		CODE           	0BFE	0000	388
		_KeEnableSMS   		CODE           	0004	0000	4
		_shiftColumns  		CODE           	1B76	0000	40
		_KeDisableSMS  		CODE           	1EB4	0000	2

Keyboard.c estimated size: 474

TTimer.c
		_TiGetTics     		CODE           	1C3A	0000	38
		_TiGetTimer    		CODE           	1B4A	0000	30
		_TiInitTimer   		CODE           	1BC6	0000	40
		__TiRSITimer   		CODE           	17BC	0000	62
		_TiResetTics   		CODE           	1CE6	0000	16

TTimer.c estimated size: 186

Speaker.c
		_initSpeaker   		CODE           	1E3E	0000	14
		_motorSpeaker  		CODE           	1772	0000	74
		_SPPlay        		CODE           	1DCE	0000	18
		_SPOneSec      		CODE           	1E5A	0000	12

Speaker.c estimated size: 118

EEPROM.c
		_storePass     		CODE           	1E02	0000	16
		_signup        		CODE           	1890	0000	44
		_storeUser     		CODE           	1DF2	0000	16
		_getFlag       		CODE           	1EE4	0000	4
		_getNumUsers   		CODE           	1E66	0000	12
		_compare       		CODE           	1ABA	0000	50
		_initROM       		CODE           	1C14	0000	38
		_motorROM      		CODE           	0936	0000	618
		_anotherScore  		CODE           	1E72	0000	6
		_startWriteUser		CODE           	1EC4	0000	6
		_storeScore    		CODE           	1CA6	0000	32
		_doneWritingROM		CODE           	1EE8	0000	4
		_startReadingUser		CODE           	1DE0	0000	18
		_startReadingScore		CODE           	1ECA	0000	6
		_readFromROM   		CODE           	1E4C	0000	14
		_readUser      		CODE           	1294	0000	114
		_writeToROM    		CODE           	1C84	0000	34
		_readScore     		CODE           	1804	0000	70
		_login         		CODE           	18D4	0000	68

EEPROM.c estimated size: 1170

LcTLCD.c
		_LcPutChar     		CODE           	1AEC	0000	48
		_LcPrintSecondLine		CODE           	1104	0000	208
		_EscriuPrimeraOrdre		CODE           	13B2	0000	100
		_WaitForBusy   		CODE           	19DC	0000	62
		_LcGotoXY      		CODE           	1A86	0000	52
		_LcClear       		CODE           	1C60	0000	36
		_setLine       		CODE           	1E30	0000	14
		_CantaData     		CODE           	1A1A	0000	32
		_GetSecondLength		CODE           	1B1C	0000	46
		_LcCursorOn    		CODE           	1EA0	0000	10
		_LcCursorOff   		CODE           	1EAA	0000	10
		_LcInit        		CODE           	11D4	0000	180
		_GetLength     		CODE           	184A	0000	70
		_CantaPartAlta 		CODE           	1574	0000	92
		_LcDelete      		CODE           	1E12	0000	16
		_Espera        		CODE           	1CC6	0000	32
		_CantaIR       		CODE           	1D02	0000	28
		_CantaPartBaixa		CODE           	150E	0000	92
		_LcPrintLine   		CODE           	0DF2	0000	268

LcTLCD.c estimated size: 1396

shared
		PL12           		CODE           	1288	0000	12
		PL50           		CODE           	0DE8	0000	10
		PL8            		CODE           	0DD4	0000	14
		PL22           		CODE           	08D0	0000	10
		PL60           		CODE           	0904	0000	10
		PL100          		CODE           	18CE	0000	6
		PL32           		CODE           	0F18	0000	12
		PL70           		CODE           	0920	0000	10
		PL42           		CODE           	0BBA	0000	18
		PL80           		CODE           	1424	0000	10
		PL14           		CODE           	0DE2	0000	6
		PL52           		CODE           	16CE	0000	10
		PL90           		CODE           	1E78	0000	6
		PL24           		CODE           	1B68	0000	14
		PL62           		CODE           	1768	0000	10
		PL34           		CODE           	08DA	0000	8
		PL72           		CODE           	17FA	0000	10
		PL44           		CODE           	1CF6	0000	12
		PL82           		CODE           	15D0	0000	10
		PL16           		CODE           	08B6	0000	8
		PL54           		CODE           	1416	0000	14
		PL92           		CODE           	0BF2	0000	6
		PL26           		CODE           	0EFE	0000	26
		PL64           		CODE           	090E	0000	12
		PL102          		CODE           	1EB6	0000	6
		PL36           		CODE           	08E2	0000	18
		PL74           		CODE           	1A48	0000	10
		PL46           		CODE           	1A3A	0000	14
		PL84           		CODE           	1956	0000	6
		PL18           		CODE           	08BE	0000	10
		PL56           		CODE           	0BCC	0000	8
		PL94           		CODE           	092A	0000	6
		_table         		MEDIUMCONST    	1EF7	0000	72
		PL28           		CODE           	1306	0000	26
		PL66           		CODE           	1628	0000	12
		PL38           		CODE           	1320	0000	10
		PL76           		CODE           	0BDC	0000	10
		PL48           		CODE           	08F4	0000	16
		PL86           		CODE           	0BE6	0000	6
		PL58           		CODE           	0BD4	0000	8
		PL96           		CODE           	0BF8	0000	6
		PL68           		CODE           	091A	0000	6
		PL78           		CODE           	156A	0000	10
		PL88           		CODE           	0BEC	0000	6
		PL98           		CODE           	0930	0000	6
		__initialization		CODE           	1634	0000	68
		PL2            		CODE           	0D82	0000	34
		PL10           		CODE           	08A0	0000	22
		PL4            		CODE           	0DA4	0000	32
		PL20           		CODE           	08C8	0000	8
		PL30           		CODE           	0BA0	0000	26
		PL6            		CODE           	0DC4	0000	16
		PL40           		CODE           	18BC	0000	18

shared estimated size: 760

C:\Program Files\Microchip\xc8\v2.32\pic\sources\c99\common\awmod.c
		___awmod       		CODE           	14A6	0000	104

C:\Program Files\Microchip\xc8\v2.32\pic\sources\c99\common\awmod.c estimated size: 104

Joystick.c
		_initJoystk    		CODE           	1D92	0000	20
		_motorJoystk   		CODE           	132A	0000	136

Joystick.c estimated size: 156

Time.c
		_TimDisableTime		CODE           	1EF0	0000	4
		_TimModifyTime 		CODE           	15DA	0000	78
		_TimResetTime  		CODE           	1E7E	0000	12
		_initTimeADT   		CODE           	1E8A	0000	12
		_TimEnableTime 		CODE           	1D1E	0000	26
		_TimUpdateTime 		CODE           	195C	0000	64
		_TimGetEndTime 		CODE           	1726	0000	66
		_motorTime     		CODE           	0F24	0000	266

Time.c estimated size: 528

C:\Program Files\Microchip\xc8\v2.32\pic\sources\c99\common\lbmod.c
		___lbmod       		CODE           	1BEE	0000	38

C:\Program Files\Microchip\xc8\v2.32\pic\sources\c99\common\lbmod.c estimated size: 38

main.c
		_main          		CODE           	16D8	0000	78
		_my_interrupts 		CODE           	0008	0000	42

main.c estimated size: 120

Logic.c
		_LoEndGame     		CODE           	1D38	0000	26
		_LoGotKey      		CODE           	1686	0000	72
		_initLogic     		CODE           	1D7E	0000	20
		_motorLogic    		CODE           	0036	0000	2154
		_LoPlaySound   		CODE           	1E96	0000	10
		_LoMoveLeft    		CODE           	1D68	0000	22
		_LoMoveRight   		CODE           	1D52	0000	22
		_LoMoveUp      		CODE           	199C	0000	64
		_LoMoveDown    		CODE           	1918	0000	62

Logic.c estimated size: 2452

