Microchip MPLAB XC8 Compiler V2.36

Linker command line:

-W-3 --edf=C:\Program Files\Microchip\xc8\v2.36\pic\dat\en_msgs.txt -cn \
  -h+dist/default/production\Project2B.X.production.sym \
  --cmf=dist/default/production\Project2B.X.production.cmf -z -Q18F4321 \
  -oC:\Users\adril\AppData\Local\Temp\xcAs12qo.4 --defsym=__MPLAB_BUILD=1 \
  -Mdist/default/production/Project2B.X.production.map \
  --md=C:\Users\adril\AppData\Local\Temp\xcAs12qo.dat -E1 -ver=XC8 Compiler \
  --acfsm=1493 -ACODE=00h-01FFFh -ACONST=00h-01FFFh \
  -ASMALLCONST=0200h-02FFhx30 -AMEDIUMCONST=0200h-01FFFh -ACOMRAM=01h-07Fh \
  -AABS1=00h-01FFh -ABIGRAM=01h-01FFh -ARAM=080h-0FFh,0100h-01FFh \
  -ABANK0=080h-0FFh -ABANK1=0100h-01FFh -ASFR=0F80h-0FFFh \
  -ABIGSFR=0F80h-0FFFh -ACONFIG=0300000h-030000Dh -AIDLOC=0200000h-0200007h \
  -AEEDATA=0F00000h-0F000FFh -peeprom_data=EEDATA \
  -preset_vec=00h,intcode=08h,intcodelo,powerup,init -pramtop=0200h \
  -psmallconst=SMALLCONST -pmediumconst=MEDIUMCONST -pconst=CONST \
  -AFARRAM=00h-00h \
  -prdata=COMRAM,nvrram=COMRAM,nvbit=COMRAM,rbss=COMRAM,rbit=COMRAM \
  -pfarbss=FARRAM,fardata=FARRAM,nvFARRAM=FARRAM \
  -pintsave_regs=BIGRAM,bigbss=BIGRAM,bigdata=BIGRAM -pbss=RAM \
  -pidata=CODE,irdata=CODE,ibigdata=CODE,ifardata=CODE -prparam=COMRAM \
  C:\Users\adril\AppData\Local\Temp\xcAs12qo.o \
  dist/default/production\Project2B.X.production.o 

Object code version is 3.11

Machine type is 18F4321



                Name                               Link     Load   Length Selector   Space Scale
C:\Users\adril\AppData\Local\Temp\xcAs12qo.o
                idloc                            200000   200000        8        0       5
                config                           300000   300000        E        0       4
                init                                 32       32        4        4       0
                reset_vec                             0        0        4        0       0
dist/default/production\Project2B.X.production.o
                intcode                               8        8       2A        4       0
                idloc                            200000   200000        8        0       5
                config                           300000   300000        E        0       4
                temp                                 77       77        1        1       1
                smallconst                          200      200       D0      100       0
                text86                             1B98     1B98       44      168       0
                text84                             1DF0     1DF0       26      168       0
                text83                             1F24     1F24       20      168       0
                text82                             12BA     12BA      116      168       0
                text81                             19E4     19E4       66      168       0
                text80                             197E     197E       66      168       0
                text79                             1F7E     1F7E       1C      168       0
                text78                             17BC     17BC       7C      168       0
                text77                             1F04     1F04       20      168       0
                text76                             1CEE     1CEE       30      168       0
                text75                             1BDC     1BDC       3E      168       0
                text74                             154C     154C       AC      168       0
                text73                              12E      12E        A        4       0
                text72                             1EE4     1EE4       20      168       0
                text71                             15F8     15F8       9E      168       0
                text70                             1D4C     1D4C       2C      168       0
                text69                             1916     1916       68      168       0
                text68                             148E     148E       BE      168       0
                text67                              17C      17C        6        4       0
                text66                              168      168        8        4       0
                text65                             118A     118A      130      168       0
                text64                             1C1A     1C1A       38      168       0
                text63                             1D1E     1D1E       2E      168       0
                text62                             1D78     1D78       2A      168       0
                text61                             1CBA     1CBA       34      168       0
                text60                             1DCA     1DCA       26      168       0
                text59                             1E82     1E82       22      168       0
                text58                              9D2      9D2      488      168       0
                text57                               9E       9E       10        4       0
                text56                               8E       8E       10        4       0
                text55                             1730     1730       8C      168       0
                text54                             1A4A     1A4A       62      168       0
                text53                             1F62     1F62       1C      168       0
                text52                             1EC4     1EC4       20      168       0
                text51                               D8       D8        E        4       0
                text50                             1E5E     1E5E       24      168       0
                text49                               CA       CA        E        4       0
                text48                             13D0     13D0       BE      168       0
                text47                             1EA4     1EA4       20      168       0
                text46                              160      160        8        4       0
                text45                              1A2      1A2        4        4       0
                text44                              19E      19E        4        4       0
                text43                               36       36       16        4       0
                text42                             1C86     1C86       34      168       0
                text41                             1F9A     1F9A       1A      168       0
                text40                              19A      19A        4        4       0
                text39                              196      196        4        4       0
                text38                              158      158        8        4       0
                text37                             1AAC     1AAC       5A      168       0
                text36                              150      150        8        4       0
                text35                             1E3A     1E3A       24      168       0
                text34                              124      124        A        4       0
                text33                              11A      11A        A        4       0
                text32                              176      176        6        4       0
                text31                              192      192        4        4       0
                text30                              170      170        6        4       0
                text29                               BC       BC        E        4       0
                text28                             1C52     1C52       34      168       0
                text27                             1B50     1B50       48      168       0
                text26                             1DA2     1DA2       28      168       0
                text25                              148      148        8        4       0
                text24                             1E16     1E16       24      168       0
                text23                              110      110        A        4       0
                text22                               4C       4C       12        4       0
                text21                              18E      18E        4        4       0
                text20                              18A      18A        4        4       0
                text19                             1FCC     1FCC       18      168       0
                text18                             1696     1696       9A      168       0
                text17                              106      106        A        4       0
                text16                               FC       FC        A        4       0
                text15                              186      186        4        4       0
                text14                               F2       F2        A        4       0
                text13                               E6       E6        C        4       0
                text12                               AE       AE        E        4       0
                text11                               7E       7E       10        4       0
                text10                             1FFA     1FFA        6      168       0
                text9                               182      182        4        4       0
                text8                               140      140        8        4       0
                text7                               2D0      2D0      702      168       0
                text6                               138      138        8        4       0
                text5                              1FE4     1FE4       16      168       0
                text4                              1F44     1F44       1E      168       0
                text3                              1FB4     1FB4       18      168       0
                text2                                6E       6E       10        4       0
                text1                               E5A      E5A      330      168       0
                text0                              1B06     1B06       4A      168       0
                cstackCOMRAM                         4C       4C       1B        1       1
                bssBANK1                            100      100       DB      100       1
                dataBANK0                            80       80       6C       80       1
                bssBANK0                             EC       EC       12       80       1
                dataCOMRAM                           67       67       10        1       1
                bssCOMRAM                             1        1       4B        1       1
                cinit                              1838     1838       72      168       0
                idataBANK0                         18AA     18AA       6C      168       0
                idataCOMRAM                          5E       5E       10        4       0

TOTAL           Name                               Link     Load   Length     Space
        CLASS   CODE           
                intcode                               8        8       2A         0
                init                                 32       32        4         0
                reset_vec                             0        0        4         0
                text86                             1B98     1B98       44         0
                text84                             1DF0     1DF0       26         0
                text83                             1F24     1F24       20         0
                text82                             12BA     12BA      116         0
                text81                             19E4     19E4       66         0
                text80                             197E     197E       66         0
                text79                             1F7E     1F7E       1C         0
                text78                             17BC     17BC       7C         0
                text77                             1F04     1F04       20         0
                text76                             1CEE     1CEE       30         0
                text75                             1BDC     1BDC       3E         0
                text74                             154C     154C       AC         0
                text73                              12E      12E        A         0
                text72                             1EE4     1EE4       20         0
                text71                             15F8     15F8       9E         0
                text70                             1D4C     1D4C       2C         0
                text69                             1916     1916       68         0
                text68                             148E     148E       BE         0
                text67                              17C      17C        6         0
                text66                              168      168        8         0
                text65                             118A     118A      130         0
                text64                             1C1A     1C1A       38         0
                text63                             1D1E     1D1E       2E         0
                text62                             1D78     1D78       2A         0
                text61                             1CBA     1CBA       34         0
                text60                             1DCA     1DCA       26         0
                text59                             1E82     1E82       22         0
                text58                              9D2      9D2      488         0
                text57                               9E       9E       10         0
                text56                               8E       8E       10         0
                text55                             1730     1730       8C         0
                text54                             1A4A     1A4A       62         0
                text53                             1F62     1F62       1C         0
                text52                             1EC4     1EC4       20         0
                text51                               D8       D8        E         0
                text50                             1E5E     1E5E       24         0
                text49                               CA       CA        E         0
                text48                             13D0     13D0       BE         0
                text47                             1EA4     1EA4       20         0
                text46                              160      160        8         0
                text45                              1A2      1A2        4         0
                text44                              19E      19E        4         0
                text43                               36       36       16         0
                text42                             1C86     1C86       34         0
                text41                             1F9A     1F9A       1A         0
                text40                              19A      19A        4         0
                text39                              196      196        4         0
                text38                              158      158        8         0
                text37                             1AAC     1AAC       5A         0
                text36                              150      150        8         0
                text35                             1E3A     1E3A       24         0
                text34                              124      124        A         0
                text33                              11A      11A        A         0
                text32                              176      176        6         0
                text31                              192      192        4         0
                text30                              170      170        6         0
                text29                               BC       BC        E         0
                text28                             1C52     1C52       34         0
                text27                             1B50     1B50       48         0
                text26                             1DA2     1DA2       28         0
                text25                              148      148        8         0
                text24                             1E16     1E16       24         0
                text23                              110      110        A         0
                text22                               4C       4C       12         0
                text21                              18E      18E        4         0
                text20                              18A      18A        4         0
                text19                             1FCC     1FCC       18         0
                text18                             1696     1696       9A         0
                text17                              106      106        A         0
                text16                               FC       FC        A         0
                text15                              186      186        4         0
                text14                               F2       F2        A         0
                text13                               E6       E6        C         0
                text12                               AE       AE        E         0
                text11                               7E       7E       10         0
                text10                             1FFA     1FFA        6         0
                text9                               182      182        4         0
                text8                               140      140        8         0
                text7                               2D0      2D0      702         0
                text6                               138      138        8         0
                text5                              1FE4     1FE4       16         0
                text4                              1F44     1F44       1E         0
                text3                              1FB4     1FB4       18         0
                text2                                6E       6E       10         0
                text1                               E5A      E5A      330         0
                text0                              1B06     1B06       4A         0
                cinit                              1838     1838       72         0
                idataBANK0                         18AA     18AA       6C         0
                idataCOMRAM                          5E       5E       10         0

        CLASS   CONST          

        CLASS   SMALLCONST     
                smallconst                          200      200       D0         0

        CLASS   MEDIUMCONST    

        CLASS   COMRAM         
                temp                                 77       77        1         1
                cstackCOMRAM                         4C       4C       1B         1
                dataCOMRAM                           67       67       10         1
                bssCOMRAM                             1        1       4B         1

        CLASS   ABS1           

        CLASS   BIGRAM         

        CLASS   RAM            

        CLASS   BANK0          
                dataBANK0                            80       80       6C         1
                bssBANK0                             EC       EC       12         1

        CLASS   BANK1          
                bssBANK1                            100      100       DB         1

        CLASS   SFR            

        CLASS   BIGSFR         

        CLASS   CONFIG         
                config                           300000   300000        E         4

        CLASS   IDLOC          
                idloc                            200000   200000        8         5

        CLASS   EEDATA         

        CLASS   FARRAM         

        CLASS   HEAP           

        CLASS   STACK          



SEGMENTS        Name                           Load    Length   Top    Selector   Space  Class

                reset_vec                      000000  000004  000004         0       0  CODE    
                bssCOMRAM                      000001  000077  000078         1       1  COMRAM  
                intcode                        000008  00019E  0001A6         4       0  CODE    
                dataBANK0                      000080  00007E  0000FE        80       1  BANK0   
                bssBANK1                       000100  0000DB  0001DB       100       1  BANK1   
                smallconst                     000200  0000D0  0002D0       100       0  SMALLCON
                text7                          0002D0  001D30  002000       168       0  CODE    


UNUSED ADDRESS RANGES

        Name                Unused          Largest block    Delta
        BANK0            0000FE-0000FF                2
        BANK1            0001DB-0001FF               25
        BIGRAM           000078-00007F                8
                         0000FE-0000FF                2
                         0001DB-0001FF               25
        BIGSFR           000F80-000FFF               80
        CODE             000004-000007                4
                         0001A6-0001FF               5A
        COMRAM           000078-00007F                8
        CONST            000004-000007                4
                         0001A6-0001FF               5A
        EEDATA           F00000-F000FF              100
        RAM              0000FE-0000FF                2
                         0001DB-0001FF               25
        SFR              000F80-000FFF               80

                                  Symbol Table

?_TiGetTics                   cstackCOMRAM 000051
?___awmod                     cstackCOMRAM 000051
CantaData@Data                cstackCOMRAM 000053
CantaIR@IR                    cstackCOMRAM 000053
CantaPartAlta@c               cstackCOMRAM 000052
CantaPartBaixa@c              cstackCOMRAM 000052
DaFindUser@logUser            cstackCOMRAM 00005E
DaSaveScore@userScore         cstackCOMRAM 00005F
DaSaveUser@regUser            cstackCOMRAM 000051
EscriuPrimeraOrdre@ordre      cstackCOMRAM 000052
Espera@Timer                  cstackCOMRAM 000058
Espera@ms                     cstackCOMRAM 00005A
JoSetMode@mode                cstackCOMRAM 000051
KeSetMode@menuMode            cstackCOMRAM 000052
LcGotoXY@Column               cstackCOMRAM 00005D
LcGotoXY@Fisics               cstackCOMRAM 00005C
LcGotoXY@Row                  cstackCOMRAM 000059
LcInit@columns                cstackCOMRAM 00005D
LcInit@i                      cstackCOMRAM 00005F
LcInit@rows                   cstackCOMRAM 00005E
LcPutChar@c                   cstackCOMRAM 00005E
PL10                          text76       001D0C
PL12                          text74       0015EC
PL14                          text58       000E24
PL16                          text18       001700
PL18                          text55       001790
PL2                           text58       000DC6
PL20                          text37       001AD0
PL22                          text58       000E32
PL24                          text7        000986
PL26                          text18       001714
PL28                          text83       001F34
PL30                          text37       001AEE
PL32                          text7        000990
PL34                          text68       001524
PL36                          text26       001DBE
PL38                          text64       001C3A
PL4                           text58       000DF4
PL40                          text68       001536
PL42                          text1        001158
PL44                          text27       001B8E
PL46                          text58       000E40
PL48                          text24       001E32
PL50                          text78       001820
PL52                          text55       0017AE
PL54                          text58       000E4E
PL56                          text7        000998
PL58                          text7        0009A2
PL6                           text58       000DFE
PL60                          text7        0009AC
PL62                          text18       001724
PL64                          text7        0009B8
PL66                          text64       001C48
PL68                          text80       0019DA
PL70                          text78       00182E
PL72                          text1        001160
PL74                          text81       001A40
PL76                          text7        0009C0
PL78                          text58       000E54
PL8                           text58       000E18
PL80                          text48       001488
PL82                          text1        00116A
PL84                          text68       001546
PL86                          text1        001172
PL88                          text82       0013CA
PL90                          text35       001E58
PL92                          text1        00117A
PL94                          text1        001182
PL96                          text7        0009CA
SiSendChar@myByte             cstackCOMRAM 000051
TiGetTics@Handle              cstackCOMRAM 000055
TiGetTics@actual              cstackCOMRAM 000056
TiResetTics@Handle            cstackCOMRAM 000051
WaitForBusy@Busy              cstackCOMRAM 000058
_ADCON0                       (abs)        000FC2
_ADCON0bits                   (abs)        000FC2
_ADCON1                       (abs)        000FC1
_ADCON2                       (abs)        000FC0
_ADRESH                       (abs)        000FC4
_BAUDCONbits                  (abs)        000FB8
_CantaData                    text64       001C1A
_CantaIR                      text79       001F7E
_CantaPartAlta                text81       0019E4
_CantaPartBaixa               text80       00197E
_ColumnAct                    bssCOMRAM    00003F
_DaFindUser                   text47       001EA4
_DaGetIdle                    text46       000160
_DaGetNumScores               text45       0001A2
_DaGetStatus                  text44       00019E
_DaSaveScore                  text42       001C86
_DaSaveUser                   text41       001F9A
_EEADR                        (abs)        000FA9
_EECON1bits                   (abs)        000FA6
_EECON2                       (abs)        000FA7
_EEDATA                       (abs)        000FA8
_ERROR                        dataCOMRAM   000067
_EscriuPrimeraOrdre           text78       0017BC
_Espera                       text77       001F04
_INTCON2bits                  (abs)        000FF1
_INTCONbits                   (abs)        000FF2
_JoDirection                  text40       00019A
_JoMoved                      text39       000196
_JoSetMode                    text38       000158
_KeGetCharValue               text36       000150
_KeGetGenericValue            text72       001EE4
_KeSetMode                    text35       001E3A
_KeypadMotor                  text82       0012BA
_LATBbits                     (abs)        000F8A
_LATCbits                     (abs)        000F8B
_LATDbits                     (abs)        000F8C
_LCDcol                       bssCOMRAM    000037
_LCDcolm                      bssCOMRAM    000036
_LCDrow                       bssCOMRAM    000038
_LOGINMENU                    dataBANK0    00009F
_LOGOUTMESSAGE                dataBANK0    000096
_LOGREGSCREEN                 dataBANK0    0000E0
_LcClear                      text43       000036
_LcCursorOff                  text34       000124
_LcCursorOn                   text33       00011A
_LcGotoXY                     text63       001D1E
_LcGotoXY$795                 cstackCOMRAM 00005A
_LcInit                       text74       00154C
_LcPutChar                    text62       001D78
_LcScroll                     text32       000176
_MAINMENU                     smallconst   00020D
_MAINMENUSIZE                 dataCOMRAM   000070
_PIR1bits                     (abs)        000F9E
_PORTBbits                    (abs)        000F81
_PORTCbits                    (abs)        000F82
_PORTDbits                    (abs)        000F83
_RCONbits                     (abs)        000FD0
_RCREG                        (abs)        000FAE
_RCSTAbits                    (abs)        000FAB
_RESULTS                      dataBANK0    000080
_RSI_High                     intcode      000008
_RowAct                       bssCOMRAM    000040
_SMSMotor                     text71       0015F8
_SMSTABLE                     smallconst   000299
_SPBRG                        (abs)        000FAF
_SiIsAvailable                text67       00017C
_SiReadByte                   text31       000192
_SiRecievedByte               text30       000170
_SiSendChar                   text66       000168
_T0CON                        (abs)        000FD5
_T0CONbits                    (abs)        000FD5
_TABLE                        smallconst   000201
_TIME                         dataBANK0    0000B5
_TMR0H                        (abs)        000FD7
_TMR0L                        (abs)        000FD6
_TRISAbits                    (abs)        000F92
_TRISBbits                    (abs)        000F93
_TRISCbits                    (abs)        000F94
_TRISDbits                    (abs)        000F95
_TXREG                        (abs)        000FAD
_TXSTAbits                    (abs)        000FAC
_TiGetTics                    text84       001DF0
_TiGetTimer                   text76       001CEE
_TiInitTimer                  text70       001D4C
_TiResetTics                  text83       001F24
_Timer                        bssCOMRAM    00000D
_WaitForBusy                  text75       001BDC
__HRAM                        (abs)        000000
__Habs1                       abs1         000000
__Hbank0                      bank0        000000
__Hbank1                      bank1        000000
__Hbigbss                     bigbss       000000
__Hbigdata                    bigdata      000000
__Hbigram                     bigram       000000
__Hbigsfr                     bigsfr       000000
__Hbss                        bss          000000
__HbssBANK0                   bssBANK0     000000
__HbssBANK1                   bssBANK1     000000
__HbssCOMRAM                  bssCOMRAM    000000
__Hcinit                      cinit        000000
__Hclrtext                    clrtext      000000
__Hcomram                     comram       000000
__Hconfig                     config       30000E
__Hconst                      const        000000
__HcstackCOMRAM               cstackCOMRAM 000000
__Hdata                       data         000000
__HdataBANK0                  dataBANK0    000000
__HdataCOMRAM                 dataCOMRAM   000000
__Heeprom_data                eeprom_data  000000
__Hfarbss                     farbss       000000
__Hfardata                    fardata      000000
__Hheap                       heap         000000
__Hibigdata                   ibigdata     000000
__Hidata                      idata        000000
__HidataBANK0                 idataBANK0   000000
__HidataCOMRAM                idataCOMRAM  000000
__Hidloc                      idloc        200008
__Hifardata                   ifardata     000000
__Hinit                       init         000036
__Hintcode                    intcode      000032
__Hintcode_body               intcode_body 000000
__Hintcodelo                  intcodelo    000032
__Hintentry                   intentry     000000
__Hintret                     intret       000000
__Hintsave_regs               intsave_regs 000000
__Hirdata                     irdata       000000
__Hmediumconst                mediumconst  000000
__HnvFARRAM                   nvFARRAM     000000
__Hnvbit                      nvbit        000000
__Hnvrram                     nvrram       000000
__Hpa_nodes0                  pa_nodes0    000000
__Hparam                      rparam       000000
__Hpowerup                    powerup      000032
__Hram                        ram          000000
__Hramtop                     ramtop       000200
__Hrbit                       rbit         000000
__Hrbss                       rbss         000000
__Hrdata                      rdata        000000
__Hreset_vec                  reset_vec    000004
__Hrparam                     rparam       000000
__Hsfr                        sfr          000000
__Hsmallconst                 smallconst   0002D0
__Hspace_0                    (abs)        002000
__Hspace_1                    (abs)        0001DB
__Hspace_2                    (abs)        000000
__Hspace_4                    (abs)        60000E
__Hstack                      stack        000000
__Hstruct                     struct       000000
__Htemp                       temp         000078
__Htext                       text         000000
__Htext0                      text0        000000
__Htext1                      text1        000000
__Htext10                     text10       000000
__Htext11                     text11       000000
__Htext12                     text12       000000
__Htext13                     text13       000000
__Htext14                     text14       000000
__Htext15                     text15       000000
__Htext16                     text16       000000
__Htext17                     text17       000000
__Htext18                     text18       000000
__Htext19                     text19       000000
__Htext2                      text2        000000
__Htext20                     text20       000000
__Htext21                     text21       000000
__Htext22                     text22       000000
__Htext23                     text23       000000
__Htext24                     text24       000000
__Htext25                     text25       000000
__Htext26                     text26       000000
__Htext27                     text27       000000
__Htext28                     text28       000000
__Htext29                     text29       000000
__Htext3                      text3        000000
__Htext30                     text30       000000
__Htext31                     text31       000000
__Htext32                     text32       000000
__Htext33                     text33       000000
__Htext34                     text34       000000
__Htext35                     text35       000000
__Htext36                     text36       000000
__Htext37                     text37       000000
__Htext38                     text38       000000
__Htext39                     text39       000000
__Htext4                      text4        000000
__Htext40                     text40       000000
__Htext41                     text41       000000
__Htext42                     text42       000000
__Htext43                     text43       000000
__Htext44                     text44       000000
__Htext45                     text45       000000
__Htext46                     text46       000000
__Htext47                     text47       000000
__Htext48                     text48       000000
__Htext49                     text49       000000
__Htext5                      text5        000000
__Htext50                     text50       000000
__Htext51                     text51       000000
__Htext52                     text52       000000
__Htext53                     text53       000000
__Htext54                     text54       000000
__Htext55                     text55       000000
__Htext56                     text56       000000
__Htext57                     text57       000000
__Htext58                     text58       000000
__Htext59                     text59       000000
__Htext6                      text6        000000
__Htext60                     text60       000000
__Htext61                     text61       000000
__Htext62                     text62       000000
__Htext63                     text63       000000
__Htext64                     text64       000000
__Htext65                     text65       000000
__Htext66                     text66       000000
__Htext67                     text67       000000
__Htext68                     text68       000000
__Htext69                     text69       000000
__Htext7                      text7        000000
__Htext70                     text70       000000
__Htext71                     text71       000000
__Htext72                     text72       000000
__Htext73                     text73       000000
__Htext74                     text74       000000
__Htext75                     text75       000000
__Htext76                     text76       000000
__Htext77                     text77       000000
__Htext78                     text78       000000
__Htext79                     text79       000000
__Htext8                      text8        000000
__Htext80                     text80       000000
__Htext81                     text81       000000
__Htext82                     text82       000000
__Htext83                     text83       000000
__Htext84                     text84       000000
__Htext86                     text86       000000
__Htext9                      text9        000000
__LRAM                        (abs)        000001
__Labs1                       abs1         000000
__Lbank0                      bank0        000000
__Lbank1                      bank1        000000
__Lbigbss                     bigbss       000000
__Lbigdata                    bigdata      000000
__Lbigram                     bigram       000000
__Lbigsfr                     bigsfr       000000
__Lbss                        bss          000000
__LbssBANK0                   bssBANK0     000000
__LbssBANK1                   bssBANK1     000000
__LbssCOMRAM                  bssCOMRAM    000000
__Lcinit                      cinit        000000
__Lclrtext                    clrtext      000000
__Lcomram                     comram       000000
__Lconfig                     config       000000
__Lconst                      const        000000
__LcstackCOMRAM               cstackCOMRAM 000000
__Ldata                       data         000000
__LdataBANK0                  dataBANK0    000000
__LdataCOMRAM                 dataCOMRAM   000000
__Leeprom_data                eeprom_data  000000
__Lfarbss                     farbss       000000
__Lfardata                    fardata      000000
__Lheap                       heap         000000
__Libigdata                   ibigdata     000000
__Lidata                      idata        000000
__LidataBANK0                 idataBANK0   000000
__LidataCOMRAM                idataCOMRAM  000000
__Lidloc                      idloc        000000
__Lifardata                   ifardata     000000
__Linit                       init         000032
__Lintcode                    intcode      000008
__Lintcode_body               intcode_body 000000
__Lintcodelo                  intcodelo    000032
__Lintentry                   intentry     000000
__Lintret                     intret       000000
__Lintsave_regs               intsave_regs 000000
__Lirdata                     irdata       000000
__Lmediumconst                mediumconst  000000
__LnvFARRAM                   nvFARRAM     000000
__Lnvbit                      nvbit        000000
__Lnvrram                     nvrram       000000
__Lpa_nodes0                  pa_nodes0    000000
__Lparam                      rparam       000000
__Lpowerup                    powerup      000032
__Lram                        ram          000000
__Lramtop                     ramtop       000200
__Lrbit                       rbit         000000
__Lrbss                       rbss         000000
__Lrdata                      rdata        000000
__Lreset_vec                  reset_vec    000000
__Lrparam                     rparam       000000
__Lsfr                        sfr          000000
__Lsmallconst                 smallconst   000200
__Lspace_0                    (abs)        000000
__Lspace_1                    (abs)        000000
__Lspace_2                    (abs)        000000
__Lspace_4                    (abs)        000000
__Lstack                      stack        000000
__Lstruct                     struct       000000
__Ltemp                       temp         000077
__Ltext                       text         000000
__Ltext0                      text0        000000
__Ltext1                      text1        000000
__Ltext10                     text10       000000
__Ltext11                     text11       000000
__Ltext12                     text12       000000
__Ltext13                     text13       000000
__Ltext14                     text14       000000
__Ltext15                     text15       000000
__Ltext16                     text16       000000
__Ltext17                     text17       000000
__Ltext18                     text18       000000
__Ltext19                     text19       000000
__Ltext2                      text2        000000
__Ltext20                     text20       000000
__Ltext21                     text21       000000
__Ltext22                     text22       000000
__Ltext23                     text23       000000
__Ltext24                     text24       000000
__Ltext25                     text25       000000
__Ltext26                     text26       000000
__Ltext27                     text27       000000
__Ltext28                     text28       000000
__Ltext29                     text29       000000
__Ltext3                      text3        000000
__Ltext30                     text30       000000
__Ltext31                     text31       000000
__Ltext32                     text32       000000
__Ltext33                     text33       000000
__Ltext34                     text34       000000
__Ltext35                     text35       000000
__Ltext36                     text36       000000
__Ltext37                     text37       000000
__Ltext38                     text38       000000
__Ltext39                     text39       000000
__Ltext4                      text4        000000
__Ltext40                     text40       000000
__Ltext41                     text41       000000
__Ltext42                     text42       000000
__Ltext43                     text43       000000
__Ltext44                     text44       000000
__Ltext45                     text45       000000
__Ltext46                     text46       000000
__Ltext47                     text47       000000
__Ltext48                     text48       000000
__Ltext49                     text49       000000
__Ltext5                      text5        000000
__Ltext50                     text50       000000
__Ltext51                     text51       000000
__Ltext52                     text52       000000
__Ltext53                     text53       000000
__Ltext54                     text54       000000
__Ltext55                     text55       000000
__Ltext56                     text56       000000
__Ltext57                     text57       000000
__Ltext58                     text58       000000
__Ltext59                     text59       000000
__Ltext6                      text6        000000
__Ltext60                     text60       000000
__Ltext61                     text61       000000
__Ltext62                     text62       000000
__Ltext63                     text63       000000
__Ltext64                     text64       000000
__Ltext65                     text65       000000
__Ltext66                     text66       000000
__Ltext67                     text67       000000
__Ltext68                     text68       000000
__Ltext69                     text69       000000
__Ltext7                      text7        000000
__Ltext70                     text70       000000
__Ltext71                     text71       000000
__Ltext72                     text72       000000
__Ltext73                     text73       000000
__Ltext74                     text74       000000
__Ltext75                     text75       000000
__Ltext76                     text76       000000
__Ltext77                     text77       000000
__Ltext78                     text78       000000
__Ltext79                     text79       000000
__Ltext8                      text8        000000
__Ltext80                     text80       000000
__Ltext81                     text81       000000
__Ltext82                     text82       000000
__Ltext83                     text83       000000
__Ltext84                     text84       000000
__Ltext86                     text86       000000
__Ltext9                      text9        000000
__S0                          (abs)        002000
__S1                          (abs)        0001DB
__S4                          (abs)        000000
__S5                          (abs)        000000
__TiRSITimer                  text86       001B98
___awmod                      text69       001916
___awmod@counter              cstackCOMRAM 000055
___awmod@dividend             cstackCOMRAM 000051
___awmod@divisor              cstackCOMRAM 000053
___awmod@sign                 cstackCOMRAM 000056
___heap_hi                    (abs)        000000
___heap_lo                    (abs)        000000
___inthi_sp                   stack        000000
___intlo_sp                   stack        000000
___lbdiv                      text61       001CBA
___lbdiv@counter              cstackCOMRAM 000053
___lbdiv@dividend             cstackCOMRAM 000052
___lbdiv@divisor              cstackCOMRAM 000051
___lbdiv@quotient             cstackCOMRAM 000054
___lbmod                      text60       001DCA
___lbmod@counter              cstackCOMRAM 000053
___lbmod@dividend             cstackCOMRAM 000052
___lbmod@divisor              cstackCOMRAM 000051
___lbmod@rem                  cstackCOMRAM 000054
___param_bank                 (abs)        000000
___rparam_used                (abs)        000001
___sp                         stack        000000
__accesstop                   (abs)        000080
__activetblptr                (abs)        000002
__end_ofPL10                  text76       001D1E
__end_ofPL12                  text74       0015F8
__end_ofPL14                  text58       000E32
__end_ofPL16                  text18       001714
__end_ofPL18                  text55       0017AE
__end_ofPL2                   text58       000DF4
__end_ofPL20                  text37       001AEE
__end_ofPL22                  text58       000E40
__end_ofPL24                  text7        000990
__end_ofPL26                  text18       001724
__end_ofPL28                  text83       001F44
__end_ofPL30                  text37       001B06
__end_ofPL32                  text7        000998
__end_ofPL34                  text68       001536
__end_ofPL36                  text26       001DCA
__end_ofPL38                  text64       001C48
__end_ofPL4                   text58       000DFE
__end_ofPL40                  text68       001546
__end_ofPL42                  text1        001160
__end_ofPL44                  text27       001B98
__end_ofPL46                  text58       000E4E
__end_ofPL48                  text24       001E3A
__end_ofPL50                  text78       00182E
__end_ofPL52                  text55       0017BC
__end_ofPL54                  text58       000E54
__end_ofPL56                  text7        0009A2
__end_ofPL58                  text7        0009AC
__end_ofPL6                   text58       000E18
__end_ofPL60                  text7        0009B8
__end_ofPL62                  text18       001730
__end_ofPL64                  text7        0009C0
__end_ofPL66                  text64       001C52
__end_ofPL68                  text80       0019E4
__end_ofPL70                  text78       001838
__end_ofPL72                  text1        00116A
__end_ofPL74                  text81       001A4A
__end_ofPL76                  text7        0009CA
__end_ofPL78                  text58       000E5A
__end_ofPL8                   text58       000E24
__end_ofPL80                  text48       00148E
__end_ofPL82                  text1        001172
__end_ofPL84                  text68       00154C
__end_ofPL86                  text1        00117A
__end_ofPL88                  text82       0013D0
__end_ofPL90                  text35       001E5E
__end_ofPL92                  text1        001182
__end_ofPL94                  text1        00118A
__end_ofPL96                  text7        0009D2
__end_of_CantaData            text64       001C3A
__end_of_CantaIR              text79       001F9A
__end_of_CantaPartAlta        text81       001A40
__end_of_CantaPartBaixa       text80       0019DA
__end_of_DaFindUser           text47       001EC4
__end_of_DaGetIdle            text46       000168
__end_of_DaGetNumScores       text45       0001A6
__end_of_DaGetStatus          text44       0001A2
__end_of_DaSaveScore          text42       001CBA
__end_of_DaSaveUser           text41       001FB4
__end_of_EscriuPrimeraOrdre   text78       001820
__end_of_Espera               text77       001F24
__end_of_JoDirection          text40       00019E
__end_of_JoMoved              text39       00019A
__end_of_JoSetMode            text38       000160
__end_of_KeGetCharValue       text36       000158
__end_of_KeGetGenericValue    text72       001F04
__end_of_KeSetMode            text35       001E58
__end_of_KeypadMotor          text82       0013CA
__end_of_LcClear              text43       00004C
__end_of_LcCursorOff          text34       00012E
__end_of_LcCursorOn           text33       000124
__end_of_LcGotoXY             text63       001D4C
__end_of_LcInit               text74       0015EC
__end_of_LcPutChar            text62       001DA2
__end_of_LcScroll             text32       00017C
__end_of_MAINMENU             smallconst   000299
__end_of_RSI_High             intcode      000032
__end_of_SMSMotor             text71       001696
__end_of_SMSTABLE             smallconst   0002CF
__end_of_SiIsAvailable        text67       000182
__end_of_SiReadByte           text31       000196
__end_of_SiRecievedByte       text30       000176
__end_of_SiSendChar           text66       000170
__end_of_TABLE                smallconst   00020D
__end_of_TiGetTics            text84       001E16
__end_of_TiGetTimer           text76       001D0C
__end_of_TiInitTimer          text70       001D78
__end_of_TiResetTics          text83       001F34
__end_of_WaitForBusy          text75       001C1A
__end_of__TiRSITimer          text86       001BDC
__end_of___awmod              text69       00197E
__end_of___lbdiv              text61       001CEE
__end_of___lbmod              text60       001DF0
__end_of__initialization      cinit        00189C
__end_of_audioMotor           text68       001524
__end_of_btAvailable          text6        000140
__end_of_btMotor              text65       0012BA
__end_of_btSendByte           text5        001FFA
__end_of_dataMotor            text58       000DC6
__end_of_displayError         text28       001C86
__end_of_displayLogOut        text27       001B8E
__end_of_displayResults       text26       001DBE
__end_of_displayScoresMarquee text25       000150
__end_of_displayString        text24       001E32
__end_of_displaySysTime       text23       00011A
__end_of_displayTimeRemaining text22       00005E
__end_of_getColumn            text73       000138
__end_of_getFullValue         text37       001AD0
__end_of_getPresses           text21       000192
__end_of_incrementPosition    text20       00018E
__end_of_initAudio            text57       0000AE
__end_of_initData             text54       001AAC
__end_of_initJoystick         text53       001F7E
__end_of_initKeypad           text52       001EE4
__end_of_initMenu             text51       0000E6
__end_of_initSIO              text50       001E82
__end_of_initTime             text49       0000D8
__end_of_isPressed            text19       001FE4
__end_of_joystickMotor        text48       001488
__end_of_main                 text0        001B50
__end_of_mainMenu             text18       001700
__end_of_menuMotor            text7        000986
__end_of_modifyTime           text17       000110
__end_of_nextRow              text29       0000CA
__end_of_readEEPROM           text56       00009E
__end_of_readUserData         text55       001790
__end_of_resetDisplay         text16       000106
__end_of_resetPosition        text15       00018A
__end_of_resetTimer           text14       0000FC
__end_of_saveEEPROM           text59       001EA4
__end_of_sendChar             text4        001F62
__end_of_setResetTXRX         text13       0000F2
__end_of_startSong            text12       0000BC
__end_of_startTimer           text11       00008E
__end_of_stopSong             text10       002000
__end_of_stopTimer            text9        000186
__end_of_timeMotor            text1        001158
__end_of_timerOver            text8        000148
__end_of_updateGameTime       text3        001FCC
__end_of_updateSysTime        text2        00007E
__initialization              cinit        001838
__mediumconst                 mediumconst  000000
__pbssBANK0                   bssBANK0     0000EC
__pbssBANK1                   bssBANK1     000100
__pbssCOMRAM                  bssCOMRAM    000001
__pcinit                      cinit        001838
__pcstackCOMRAM               cstackCOMRAM 00004C
__pdataBANK0                  dataBANK0    000080
__pdataCOMRAM                 dataCOMRAM   000067
__pidataBANK0                 idataBANK0   0018AA
__pidataCOMRAM                idataCOMRAM  00005E
__pintcode                    intcode      000008
__psmallconst                 smallconst   000200
__ptext0                      text0        001B06
__ptext1                      text1        000E5A
__ptext10                     text10       001FFA
__ptext11                     text11       00007E
__ptext12                     text12       0000AE
__ptext13                     text13       0000E6
__ptext14                     text14       0000F2
__ptext15                     text15       000186
__ptext16                     text16       0000FC
__ptext17                     text17       000106
__ptext18                     text18       001696
__ptext19                     text19       001FCC
__ptext2                      text2        00006E
__ptext20                     text20       00018A
__ptext21                     text21       00018E
__ptext22                     text22       00004C
__ptext23                     text23       000110
__ptext24                     text24       001E16
__ptext25                     text25       000148
__ptext26                     text26       001DA2
__ptext27                     text27       001B50
__ptext28                     text28       001C52
__ptext29                     text29       0000BC
__ptext3                      text3        001FB4
__ptext30                     text30       000170
__ptext31                     text31       000192
__ptext32                     text32       000176
__ptext33                     text33       00011A
__ptext34                     text34       000124
__ptext35                     text35       001E3A
__ptext36                     text36       000150
__ptext37                     text37       001AAC
__ptext38                     text38       000158
__ptext39                     text39       000196
__ptext4                      text4        001F44
__ptext40                     text40       00019A
__ptext41                     text41       001F9A
__ptext42                     text42       001C86
__ptext43                     text43       000036
__ptext44                     text44       00019E
__ptext45                     text45       0001A2
__ptext46                     text46       000160
__ptext47                     text47       001EA4
__ptext48                     text48       0013D0
__ptext49                     text49       0000CA
__ptext5                      text5        001FE4
__ptext50                     text50       001E5E
__ptext51                     text51       0000D8
__ptext52                     text52       001EC4
__ptext53                     text53       001F62
__ptext54                     text54       001A4A
__ptext55                     text55       001730
__ptext56                     text56       00008E
__ptext57                     text57       00009E
__ptext58                     text58       0009D2
__ptext59                     text59       001E82
__ptext6                      text6        000138
__ptext60                     text60       001DCA
__ptext61                     text61       001CBA
__ptext62                     text62       001D78
__ptext63                     text63       001D1E
__ptext64                     text64       001C1A
__ptext65                     text65       00118A
__ptext66                     text66       000168
__ptext67                     text67       00017C
__ptext68                     text68       00148E
__ptext69                     text69       001916
__ptext7                      text7        0002D0
__ptext70                     text70       001D4C
__ptext71                     text71       0015F8
__ptext72                     text72       001EE4
__ptext73                     text73       00012E
__ptext74                     text74       00154C
__ptext75                     text75       001BDC
__ptext76                     text76       001CEE
__ptext77                     text77       001F04
__ptext78                     text78       0017BC
__ptext79                     text79       001F7E
__ptext8                      text8        000140
__ptext80                     text80       00197E
__ptext81                     text81       0019E4
__ptext82                     text82       0012BA
__ptext83                     text83       001F24
__ptext84                     text84       001DF0
__ptext86                     text86       001B98
__ptext9                      text9        000182
__ramtop                      ramtop       000200
__smallconst                  smallconst   000200
_allowed                      bssCOMRAM    000022
_audioMotor                   text68       00148E
_available                    bssCOMRAM    000043
_btAvailable                  text6        000138
_btMotor                      text65       00118A
_btSendByte                   text5        001FE4
_counter                      bssCOMRAM    00004B
_counterRX                    bssCOMRAM    000027
_counterTX                    bssCOMRAM    000023
_currentKey                   bssCOMRAM    000047
_dataMotor                    text58       0009D2
_dataMotor$1730               cstackCOMRAM 000065
_dataRX                       bssCOMRAM    000028
_dataTX                       bssCOMRAM    000024
_displayError                 text28       001C52
_displayLogOut                text27       001B50
_displayResults               text26       001DA2
_displayScoresMarquee         text25       000148
_displayString                text24       001E16
_displaySysTime               text23       000110
_displayTimeRemaining         text22       00004C
_game                         bssCOMRAM    000012
_gameTime                     bssCOMRAM    00003A
_getColumn                    text73       00012E
_getFullValue                 text37       001AAC
_getPresses                   text21       00018E
_h_Tics                       bssCOMRAM    00000F
_incrementPosition            text20       00018A
_initAudio                    text57       00009E
_initData                     text54       001A4A
_initJoystick                 text53       001F62
_initKeypad                   text52       001EC4
_initMenu                     text51       0000D8
_initSIO                      text50       001E5E
_initTime                     text49       0000CA
_isPressed                    text19       001FCC
_isPressed$590                cstackCOMRAM 000051
_joyMode                      bssCOMRAM    00002B
_joystickMotor                text48       0013D0
_lastUserPointer              bssCOMRAM    00001C
_mScore                       bssCOMRAM    000033
_mUser                        bssBANK0     0000EC
_mUser@EEPROM$F1707           bssCOMRAM    00000B
_main                         text0        001B06
_mainMenu                     text18       001696
_menuMotor                    text7        0002D0
_minute                       dataCOMRAM   000075
_minutes                      dataCOMRAM   000076
_modifyTime                   text17       000106
_modifyTimeString             dataBANK0    0000D3
_moved                        bssCOMRAM    00002D
_nextRow                      text29       0000BC
_numPresses                   bssCOMRAM    000044
_numScores                    bssCOMRAM    000021
_period                       bssCOMRAM    00003B
_periodTimer                  bssCOMRAM    00003D
_pos                          bssCOMRAM    000034
_position                     bssCOMRAM    000020
_pressed                      bssCOMRAM    000045
_previous                     bssCOMRAM    000046
_readEEPROM                   text56       00008E
_readUserData                 text55       001730
_resetDisplay                 text16       0000FC
_resetPosition                text15       000186
_resetTimer                   text14       0000F2
_row                          bssCOMRAM    00004A
_s_Timers                     bssBANK1     000190
_saveEEPROM                   text59       001E82
_saveScore                    bssCOMRAM    00001B
_saveState                    bssCOMRAM    00001A
_second                       bssCOMRAM    000017
_seconds                      bssCOMRAM    000018
_send                         bssCOMRAM    000030
_sendChar                     text4        001F44
_setResetTXRX                 text13       0000E6
_skipState                    bssCOMRAM    000032
_startSong                    text12       0000AE
_startTimer                   text11       00007E
_state                        bssCOMRAM    000042
_state@Audio$F919             bssCOMRAM    00003E
_state@EEPROM$F1704           bssCOMRAM    00001F
_state@time$F1787             bssCOMRAM    000013
_stateJoy                     bssCOMRAM    00002C
_stateRX                      bssCOMRAM    00002A
_stateSMS                     bssCOMRAM    000041
_stateTX                      bssCOMRAM    000026
_status                       bssCOMRAM    00001D
_stopSong                     text10       001FFA
_stopTimer                    text9        000182
_sysMinute                    bssCOMRAM    000015
_sysSecond                    bssCOMRAM    000016
_sysTime                      dataBANK0    0000C5
_timeMotor                    text1        000E5A
_timer                        bssCOMRAM    000039
_timer@time$F1786             bssCOMRAM    000014
_timerBounces                 bssCOMRAM    000049
_timerOver                    text8        000140
_timerRX                      bssCOMRAM    000029
_timerSong                    bssCOMRAM    00003C
_timerTX                      bssCOMRAM    000025
_timer_SMS                    bssCOMRAM    000048
_topScores                    bssCOMRAM    000001
_updateGameTime               text3        001FB4
_updateSysTime                text2        00006E
_userNum                      bssCOMRAM    00001E
_users                        bssBANK1     000100
_val                          bssCOMRAM    000035
_val@time$F1789               bssCOMRAM    000011
_wrongState                   bssCOMRAM    000019
_x                            bssCOMRAM    00002F
_y                            bssCOMRAM    00002E
btSendByte@byte               cstackCOMRAM 000052
btemp                         temp         000077
displayString@string          cstackCOMRAM 00005F
end_of_initialization         cinit        00189C
getFullValue@generic          cstackCOMRAM 000055
int$flags                     temp         000077
intlevel0                     text         000000
intlevel1                     text         000000
intlevel2                     text         000000
intlevel3                     text         000000
isa$std                       (abs)        000001
isa$xinst                     (abs)        000000
menuMotor@state               bssCOMRAM    000031
readEEPROM@address            cstackCOMRAM 000051
saveEEPROM@ad                 cstackCOMRAM 000052
saveEEPROM@data               cstackCOMRAM 000051
stackhi                       (abs)        000000
stacklo                       (abs)        000000
start                         init         000032
start_initialization          cinit        001838
ttemp5                        temp         000078
ttemp6                        temp         00007B
ttemp7                        temp         00007F
wtemp8                        temp         000078


MODULE INFORMATION

Module		Function		Class		Link	Load	Size
Audio.c
		_initAudio     		CODE           	009E	0000	16
		_stopSong      		CODE           	1FFA	0000	6
		_startSong     		CODE           	00AE	0000	14
		_audioMotor    		CODE           	148E	0000	150

Audio.c estimated size: 186

time.c
		_timeMotor     		CODE           	0E5A	0000	766
		_updateGameTime		CODE           	1FB4	0000	24
		_resetTimer    		CODE           	00F2	0000	10
		_displayTimeRemaining		CODE           	004C	0000	18
		_updateSysTime 		CODE           	006E	0000	16
		_displaySysTime		CODE           	0110	0000	10
		_initTime      		CODE           	00CA	0000	14
		_stopTimer     		CODE           	0182	0000	4
		_sendChar      		CODE           	1F44	0000	30
		_startTimer    		CODE           	007E	0000	16
		_timerOver     		CODE           	0140	0000	8
		_modifyTime    		CODE           	0106	0000	10

time.c estimated size: 926

keypad.c
		_KeSetMode     		CODE           	1E3A	0000	30
		_SMSMotor      		CODE           	15F8	0000	158
		_KeGetCharValue		CODE           	0150	0000	8
		_getPresses    		CODE           	018E	0000	4
		_getColumn     		CODE           	012E	0000	10
		_KeGetGenericValue		CODE           	1EE4	0000	32
		_initKeypad    		CODE           	1EC4	0000	32
		_isPressed     		CODE           	1FCC	0000	24
		_KeypadMotor   		CODE           	12BA	0000	272
		_getFullValue  		CODE           	1AAC	0000	36

keypad.c estimated size: 606

C:\Program Files\Microchip\xc8\v2.36\pic\sources\c99\common\awmod.c
		___awmod       		CODE           	1916	0000	104

C:\Program Files\Microchip\xc8\v2.36\pic\sources\c99\common\awmod.c estimated size: 104

TTimer.c
		_TiGetTics     		CODE           	1DF0	0000	38
		_TiGetTimer    		CODE           	1CEE	0000	30
		_TiInitTimer   		CODE           	1D4C	0000	44
		__TiRSITimer   		CODE           	1B98	0000	68
		_TiResetTics   		CODE           	1F24	0000	16

TTimer.c estimated size: 196

Menu.c
		_displayError  		CODE           	1C52	0000	52
		_displayString 		CODE           	1E16	0000	28
		_displayLogOut 		CODE           	1B50	0000	62
		_menuMotor     		CODE           	02D0	0000	1718
		_displayResults		CODE           	1DA2	0000	28
		_nextRow       		CODE           	00BC	0000	14
		_initMenu      		CODE           	00D8	0000	14
		_resetDisplay  		CODE           	00FC	0000	10
		_mainMenu      		CODE           	1696	0000	106

Menu.c estimated size: 2032

SIO.c
		_btMotor       		CODE           	118A	0000	304
		_SiRecievedByte		CODE           	0170	0000	6
		_btSendByte    		CODE           	1FE4	0000	22
		_btAvailable   		CODE           	0138	0000	8
		_initSIO       		CODE           	1E5E	0000	36
		_SiIsAvailable 		CODE           	017C	0000	6
		_SiSendChar    		CODE           	0168	0000	8
		_SiReadByte    		CODE           	0192	0000	4
		_setResetTXRX  		CODE           	00E6	0000	12

SIO.c estimated size: 406

EEPROM.c
		_displayScoresMarquee		CODE           	0148	0000	8
		_resetPosition 		CODE           	0186	0000	4
		_DaGetNumScores		CODE           	01A2	0000	4
		_DaSaveUser    		CODE           	1F9A	0000	26
		_incrementPosition		CODE           	018A	0000	4
		_DaGetIdle     		CODE           	0160	0000	8
		_DaFindUser    		CODE           	1EA4	0000	32
		_dataMotor     		CODE           	09D2	0000	1012
		_saveEEPROM    		CODE           	1E82	0000	34
		_readEEPROM    		CODE           	008E	0000	16
		_initData      		CODE           	1A4A	0000	98
		_readUserData  		CODE           	1730	0000	96
		_DaGetStatus   		CODE           	019E	0000	4
		_DaSaveScore   		CODE           	1C86	0000	52

EEPROM.c estimated size: 1398

LcTLCD.c
		_LcPutChar     		CODE           	1D78	0000	42
		_EscriuPrimeraOrdre		CODE           	17BC	0000	100
		_LcScroll      		CODE           	0176	0000	6
		_WaitForBusy   		CODE           	1BDC	0000	62
		_LcGotoXY      		CODE           	1D1E	0000	46
		_LcClear       		CODE           	0036	0000	22
		_CantaData     		CODE           	1C1A	0000	32
		_LcCursorOn    		CODE           	011A	0000	10
		_LcCursorOff   		CODE           	0124	0000	10
		_LcInit        		CODE           	154C	0000	160
		_CantaPartAlta 		CODE           	19E4	0000	92
		_Espera        		CODE           	1F04	0000	32
		_CantaIR       		CODE           	1F7E	0000	28
		_CantaPartBaixa		CODE           	197E	0000	92

LcTLCD.c estimated size: 734

C:\Program Files\Microchip\xc8\v2.36\pic\sources\c99\common\lbmod.c
		___lbmod       		CODE           	1DCA	0000	38

C:\Program Files\Microchip\xc8\v2.36\pic\sources\c99\common\lbmod.c estimated size: 38

shared
		PL12           		CODE           	15EC	0000	12
		PL50           		CODE           	1820	0000	14
		PL8            		CODE           	0E18	0000	12
		PL22           		CODE           	0E32	0000	14
		PL60           		CODE           	09AC	0000	12
		PL32           		CODE           	0990	0000	8
		PL70           		CODE           	182E	0000	10
		PL42           		CODE           	1158	0000	8
		PL80           		CODE           	1488	0000	6
		PL14           		CODE           	0E24	0000	14
		PL52           		CODE           	17AE	0000	14
		PL90           		CODE           	1E58	0000	6
		PL24           		CODE           	0986	0000	10
		PL62           		CODE           	1724	0000	12
		PL34           		CODE           	1524	0000	18
		PL72           		CODE           	1160	0000	10
		PL44           		CODE           	1B8E	0000	10
		PL82           		CODE           	116A	0000	8
		PL16           		CODE           	1700	0000	20
		PL54           		CODE           	0E4E	0000	6
		PL92           		CODE           	117A	0000	8
		PL26           		CODE           	1714	0000	16
		PL64           		CODE           	09B8	0000	8
		PL36           		CODE           	1DBE	0000	12
		PL74           		CODE           	1A40	0000	10
		PL46           		CODE           	0E40	0000	14
		PL84           		CODE           	1546	0000	6
		PL18           		CODE           	1790	0000	30
		PL56           		CODE           	0998	0000	10
		PL94           		CODE           	1182	0000	8
		PL28           		CODE           	1F34	0000	16
		PL66           		CODE           	1C48	0000	10
		PL38           		CODE           	1C3A	0000	14
		PL76           		CODE           	09C0	0000	10
		PL48           		CODE           	1E32	0000	8
		PL86           		CODE           	1172	0000	8
		PL58           		CODE           	09A2	0000	10
		PL96           		CODE           	09CA	0000	8
		PL68           		CODE           	19DA	0000	10
		PL78           		CODE           	0E54	0000	6
		PL88           		CODE           	13CA	0000	6
		__initialization		CODE           	1838	0000	100
		_SMSTABLE      		SMALLCONST     	0299	0000	54
		_TABLE         		SMALLCONST     	0201	0000	12
		_MAINMENU      		SMALLCONST     	020D	0000	140
		PL2            		CODE           	0DC6	0000	46
		PL10           		CODE           	1D0C	0000	18
		PL4            		CODE           	0DF4	0000	10
		PL20           		CODE           	1AD0	0000	30
		PL30           		CODE           	1AEE	0000	24
		PL6            		CODE           	0DFE	0000	26
		PL40           		CODE           	1536	0000	16

shared estimated size: 928

Joystick.c
		_joystickMotor 		CODE           	13D0	0000	184
		_initJoystick  		CODE           	1F62	0000	28
		_JoSetMode     		CODE           	0158	0000	8
		_JoDirection   		CODE           	019A	0000	4
		_JoMoved       		CODE           	0196	0000	4

Joystick.c estimated size: 228

main.c
		_main          		CODE           	1B06	0000	74
		_RSI_High      		CODE           	0008	0000	42

main.c estimated size: 116

C:\Program Files\Microchip\xc8\v2.36\pic\sources\c99\common\lbdiv.c
		___lbdiv       		CODE           	1CBA	0000	52

C:\Program Files\Microchip\xc8\v2.36\pic\sources\c99\common\lbdiv.c estimated size: 52

