Microchip MPLAB XC8 Compiler V2.36

Linker command line:

-W-3 --edf=C:\Program Files\Microchip\xc8\v2.36\pic\dat\en_msgs.txt -cn \
  -h+dist/default/production\Project2B.X.production.sym \
  --cmf=dist/default/production\Project2B.X.production.cmf -z -Q18F4321 \
  -oC:\Users\adril\AppData\Local\Temp\xcAs124k.4 --defsym=__MPLAB_BUILD=1 \
  -Mdist/default/production/Project2B.X.production.map \
  --md=C:\Users\adril\AppData\Local\Temp\xcAs124k.dat -E1 -ver=XC8 Compiler \
  --acfsm=1493 -ACODE=00h-01FFFh -ACONST=00h-01FFFh \
  -ASMALLCONST=0200h-02FFhx30 -AMEDIUMCONST=0200h-01FFFh -ACOMRAM=01h-07Fh \
  -AABS1=00h-01FFh -ABIGRAM=01h-01FFh -ARAM=080h-0FFh,0100h-01FFh \
  -ABANK0=080h-0FFh -ABANK1=0100h-01FFh -ASFR=0F80h-0FFFh \
  -ABIGSFR=0F80h-0FFFh -ACONFIG=0300000h-030000Dh -AIDLOC=0200000h-0200007h \
  -AEEDATA=0F00000h-0F000FFh -peeprom_data=EEDATA \
  -preset_vec=00h,intcode=08h,intcodelo,powerup,init -pramtop=0200h \
  -psmallconst=SMALLCONST -pmediumconst=MEDIUMCONST -pconst=CONST \
  -AFARRAM=00h-00h \
  -prdata=COMRAM,nvrram=COMRAM,nvbit=COMRAM,rbss=COMRAM,rbit=COMRAM \
  -pfarbss=FARRAM,fardata=FARRAM,nvFARRAM=FARRAM \
  -pintsave_regs=BIGRAM,bigbss=BIGRAM,bigdata=BIGRAM -pbss=RAM \
  -pidata=CODE,irdata=CODE,ibigdata=CODE,ifardata=CODE -prparam=COMRAM \
  C:\Users\adril\AppData\Local\Temp\xcAs124k.o \
  dist/default/production\Project2B.X.production.o 

Object code version is 3.11

Machine type is 18F4321



                Name                               Link     Load   Length Selector   Space Scale
C:\Users\adril\AppData\Local\Temp\xcAs124k.o
                idloc                            200000   200000        8        0       5
                config                           300000   300000        E        0       4
                init                                 32       32        4        4       0
                reset_vec                             0        0        4        0       0
dist/default/production\Project2B.X.production.o
                intcode                               8        8       2A        4       0
                idloc                            200000   200000        8        0       5
                config                           300000   300000        E        0       4
                temp                                 7A       7A        1        1       1
                smallconst                          200      200       D0      100       0
                text83                             1B84     1B84       44      C72       0
                text81                             1E44     1E44       26      C72       0
                text80                             1F56     1F56       20      C72       0
                text79                             11FA     11FA      116      168       0
                text78                             1A18     1A18       66      C72       0
                text77                             19B2     19B2       66      C72       0
                text76                             1F76     1F76       1C      C72       0
                text75                             17F2     17F2       7C      168       0
                text74                             1F36     1F36       20      C72       0
                text73                             1D18     1D18       30      C72       0
                text72                             1C06     1C06       3E      C72       0
                text71                             157C     157C       AC      168       0
                text70                              10A      10A        A        4       0
                text69                             1F16     1F16       20      C72       0
                text68                             14CE     14CE       AE      168       0
                text67                             1D76     1D76       2C      C72       0
                text66                             1628     1628       A4      168       0
                text65                              16A      16A        6        4       0
                text64                              15C      15C        8        4       0
                text63                             1310     1310      100      168       0
                text62                             1C44     1C44       38      C72       0
                text61                             1D48     1D48       2E      C72       0
                text60                             1DCC     1DCC       2A      C72       0
                text59                             1CE4     1CE4       34      C72       0
                text58                             1E1E     1E1E       26      C72       0
                text57                             1ED4     1ED4       22      C72       0
                text56                              9A8      9A8      4D4      168       0
                text55                               4C       4C       16        4       0
                text54                               98       98       10        4       0
                text53                             1766     1766       8C      168       0
                text52                             1A7E     1A7E       62      C72       0
                text51                             1EB2     1EB2       22      C72       0
                text50                             1EF6     1EF6       20      C72       0
                text49                              100      100        A        4       0
                text48                             1E8E     1E8E       24      C72       0
                text47                              154      154        8        4       0
                text46                             1410     1410       BE      168       0
                text45                             1FAC     1FAC       1A      C72       0
                text44                              14C      14C        8        4       0
                text43                              190      190        4        4       0
                text42                              18C      18C        4        4       0
                text41                               36       36       16        4       0
                text40                             1CB0     1CB0       34      C72       0
                text39                               62       62       14        4       0
                text38                              188      188        4        4       0
                text37                              184      184        4        4       0
                text36                              144      144        8        4       0
                text35                             1AE0     1AE0       5A      C72       0
                text34                              13C      13C        8        4       0
                text33                             1E6A     1E6A       24      C72       0
                text32                               F6       F6        A        4       0
                text31                               EC       EC        A        4       0
                text30                              180      180        4        4       0
                text29                              164      164        6        4       0
                text28                               A8       A8        E        4       0
                text27                             1C7C     1C7C       34      C72       0
                text26                             1BC8     1BC8       3E      C72       0
                text25                             1DF6     1DF6       28      C72       0
                text24                              134      134        8        4       0
                text23                             1DA2     1DA2       2A      C72       0
                text22                               E2       E2        A        4       0
                text21                               76       76       12        4       0
                text20                              17C      17C        4        4       0
                text19                              178      178        4        4       0
                text18                             1FDE     1FDE       18      C72       0
                text17                             18E4     18E4       68      C72       0
                text16                             16CC     16CC       9A      168       0
                text15                              12C      12C        8        4       0
                text14                               D8       D8        A        4       0
                text13                              174      174        4        4       0
                text12                               CE       CE        A        4       0
                text11                             1FF6     1FF6        A      C72       0
                text10                              170      170        4        4       0
                text9                               124      124        8        4       0
                text8                               2D0      2D0      6D8      168       0
                text7                               11C      11C        8        4       0
                text6                                C2       C2        C        4       0
                text5                              1FC6     1FC6       18      C72       0
                text4                                B6       B6        C        4       0
                text3                              1F92     1F92       1A      C72       0
                text2                                88       88       10        4       0
                text1                               E7C      E7C      37E      168       0
                text0                              1B3A     1B3A       4A      C72       0
                cstackCOMRAM                         59       59       19        1       1
                cstackBANK0                          F5       F5        2       80       1
                bssBANK1                            100      100       DB      100       1
                dataBANK0                            80       80       75       80       1
                dataCOMRAM                           72       72        8        1       1
                bssCOMRAM                             1        1       58        1       1
                cinit                              194C     194C       66      C72       0
                idataBANK0                         186E     186E       75      168       0
                idataCOMRAM                         114      114        8        4       0

TOTAL           Name                               Link     Load   Length     Space
        CLASS   CODE           
                intcode                               8        8       2A         0
                init                                 32       32        4         0
                reset_vec                             0        0        4         0
                text83                             1B84     1B84       44         0
                text81                             1E44     1E44       26         0
                text80                             1F56     1F56       20         0
                text79                             11FA     11FA      116         0
                text78                             1A18     1A18       66         0
                text77                             19B2     19B2       66         0
                text76                             1F76     1F76       1C         0
                text75                             17F2     17F2       7C         0
                text74                             1F36     1F36       20         0
                text73                             1D18     1D18       30         0
                text72                             1C06     1C06       3E         0
                text71                             157C     157C       AC         0
                text70                              10A      10A        A         0
                text69                             1F16     1F16       20         0
                text68                             14CE     14CE       AE         0
                text67                             1D76     1D76       2C         0
                text66                             1628     1628       A4         0
                text65                              16A      16A        6         0
                text64                              15C      15C        8         0
                text63                             1310     1310      100         0
                text62                             1C44     1C44       38         0
                text61                             1D48     1D48       2E         0
                text60                             1DCC     1DCC       2A         0
                text59                             1CE4     1CE4       34         0
                text58                             1E1E     1E1E       26         0
                text57                             1ED4     1ED4       22         0
                text56                              9A8      9A8      4D4         0
                text55                               4C       4C       16         0
                text54                               98       98       10         0
                text53                             1766     1766       8C         0
                text52                             1A7E     1A7E       62         0
                text51                             1EB2     1EB2       22         0
                text50                             1EF6     1EF6       20         0
                text49                              100      100        A         0
                text48                             1E8E     1E8E       24         0
                text47                              154      154        8         0
                text46                             1410     1410       BE         0
                text45                             1FAC     1FAC       1A         0
                text44                              14C      14C        8         0
                text43                              190      190        4         0
                text42                              18C      18C        4         0
                text41                               36       36       16         0
                text40                             1CB0     1CB0       34         0
                text39                               62       62       14         0
                text38                              188      188        4         0
                text37                              184      184        4         0
                text36                              144      144        8         0
                text35                             1AE0     1AE0       5A         0
                text34                              13C      13C        8         0
                text33                             1E6A     1E6A       24         0
                text32                               F6       F6        A         0
                text31                               EC       EC        A         0
                text30                              180      180        4         0
                text29                              164      164        6         0
                text28                               A8       A8        E         0
                text27                             1C7C     1C7C       34         0
                text26                             1BC8     1BC8       3E         0
                text25                             1DF6     1DF6       28         0
                text24                              134      134        8         0
                text23                             1DA2     1DA2       2A         0
                text22                               E2       E2        A         0
                text21                               76       76       12         0
                text20                              17C      17C        4         0
                text19                              178      178        4         0
                text18                             1FDE     1FDE       18         0
                text17                             18E4     18E4       68         0
                text16                             16CC     16CC       9A         0
                text15                              12C      12C        8         0
                text14                               D8       D8        A         0
                text13                              174      174        4         0
                text12                               CE       CE        A         0
                text11                             1FF6     1FF6        A         0
                text10                              170      170        4         0
                text9                               124      124        8         0
                text8                               2D0      2D0      6D8         0
                text7                               11C      11C        8         0
                text6                                C2       C2        C         0
                text5                              1FC6     1FC6       18         0
                text4                                B6       B6        C         0
                text3                              1F92     1F92       1A         0
                text2                                88       88       10         0
                text1                               E7C      E7C      37E         0
                text0                              1B3A     1B3A       4A         0
                cinit                              194C     194C       66         0
                idataBANK0                         186E     186E       75         0
                idataCOMRAM                         114      114        8         0

        CLASS   CONST          

        CLASS   SMALLCONST     
                smallconst                          200      200       D0         0

        CLASS   MEDIUMCONST    

        CLASS   COMRAM         
                temp                                 7A       7A        1         1
                cstackCOMRAM                         59       59       19         1
                dataCOMRAM                           72       72        8         1
                bssCOMRAM                             1        1       58         1

        CLASS   ABS1           

        CLASS   BIGRAM         

        CLASS   RAM            

        CLASS   BANK0          
                cstackBANK0                          F5       F5        2         1
                dataBANK0                            80       80       75         1

        CLASS   BANK1          
                bssBANK1                            100      100       DB         1

        CLASS   SFR            

        CLASS   BIGSFR         

        CLASS   CONFIG         
                config                           300000   300000        E         4

        CLASS   IDLOC          
                idloc                            200000   200000        8         5

        CLASS   EEDATA         

        CLASS   FARRAM         

        CLASS   HEAP           

        CLASS   STACK          



SEGMENTS        Name                           Load    Length   Top    Selector   Space  Class

                reset_vec                      000000  000004  000004         0       0  CODE    
                bssCOMRAM                      000001  00007A  00007B         1       1  COMRAM  
                intcode                        000008  00018C  000194         4       0  CODE    
                dataBANK0                      000080  000077  0000F7        80       1  BANK0   
                bssBANK1                       000100  0000DB  0001DB       100       1  BANK1   
                smallconst                     000200  0000D0  0002D0       100       0  SMALLCON
                text8                          0002D0  001613  0018E3       168       0  CODE    
                text17                         0018E4  00071C  002000       C72       0  CODE    


UNUSED ADDRESS RANGES

        Name                Unused          Largest block    Delta
        BANK0            0000F7-0000FF                9
        BANK1            0001DB-0001FF               25
        BIGRAM           00007B-00007F                5
                         0000F7-0000FF                9
                         0001DB-0001FF               25
        BIGSFR           000F80-000FFF               80
        CODE             000004-000007                4
                         000194-0001FF               6C
                         0018E3-0018E3                1
        COMRAM           00007B-00007F                5
        CONST            000004-000007                4
                         000194-0001FF               6C
                         0018E3-0018E3                1
        EEDATA           F00000-F000FF              100
        MEDIUMCONST      0018E3-0018E3                1
        RAM              0000F7-0000FF                9
                         0001DB-0001FF               25
        SFR              000F80-000FFF               80
        SMALLCONST       0018E3-0018E3                1

                                  Symbol Table

?_TiGetTics                   cstackCOMRAM 00005E
?___awmod                     cstackCOMRAM 00005E
CantaData@Data                cstackCOMRAM 000060
CantaIR@IR                    cstackCOMRAM 000060
CantaPartAlta@c               cstackCOMRAM 00005F
CantaPartBaixa@c              cstackCOMRAM 00005F
DaFindUser@logUser            cstackCOMRAM 00006B
DaSaveScore@userScore         cstackCOMRAM 00006C
DaSaveUser@regUser            cstackCOMRAM 00005E
EscriuPrimeraOrdre@ordre      cstackCOMRAM 00005F
Espera@Timer                  cstackCOMRAM 000065
Espera@ms                     cstackCOMRAM 000067
JoSetMode@mode                cstackCOMRAM 00005E
KeSetMode@menuMode            cstackCOMRAM 00005F
LcGotoXY@Column               cstackCOMRAM 00006A
LcGotoXY@Fisics               cstackCOMRAM 000067
LcGotoXY@Row                  cstackCOMRAM 000066
LcInit@columns                cstackCOMRAM 00006A
LcInit@i                      cstackCOMRAM 00006C
LcInit@rows                   cstackCOMRAM 00006B
LcPutChar@c                   cstackCOMRAM 00006B
PL10                          text56       000E20
PL12                          text56       000E4C
PL14                          text73       001D36
PL16                          text71       00161C
PL18                          text56       000E5A
PL2                           text56       000DC2
PL20                          text16       001736
PL22                          text53       0017C6
PL24                          text35       001B04
PL26                          text8        000952
PL28                          text80       001F66
PL30                          text16       00174A
PL32                          text35       001B22
PL34                          text8        00095C
PL36                          text23       001DBC
PL38                          text66       0016AA
PL4                           text56       000DF0
PL40                          text25       001E12
PL42                          text62       001C64
PL44                          text8        000966
PL46                          text66       0016BC
PL48                          text8        000970
PL50                          text56       000E68
PL52                          text23       001DC4
PL54                          text75       001856
PL56                          text53       0017E4
PL58                          text1        0011CC
PL6                           text56       000DFA
PL60                          text1        0011D4
PL62                          text8        00097A
PL64                          text16       00175A
PL66                          text8        000986
PL68                          text75       001864
PL70                          text78       001A74
PL72                          text8        00098E
PL74                          text62       001C72
PL76                          text77       001A0E
PL78                          text56       000E76
PL8                           text56       000E14
PL80                          text15       00012E
PL82                          text1        0011DA
PL84                          text79       00130A
PL86                          text33       001E88
PL88                          text1        0011E2
PL90                          text1        0011EA
PL92                          text8        000998
PL94                          text46       0014C8
PL96                          text1        0011F2
PL98                          text8        0009A0
SiSendChar@myByte             cstackCOMRAM 00005E
TiGetTics@Handle              cstackCOMRAM 000062
TiGetTics@actual              cstackCOMRAM 000063
TiResetTics@Handle            cstackCOMRAM 00005E
WaitForBusy@Busy              cstackCOMRAM 000065
_ADCON0                       (abs)        000FC2
_ADCON0bits                   (abs)        000FC2
_ADCON1                       (abs)        000FC1
_ADCON2                       (abs)        000FC0
_ADRESH                       (abs)        000FC4
_BAUDCONbits                  (abs)        000FB8
_CantaData                    text62       001C44
_CantaIR                      text76       001F76
_CantaPartAlta                text78       001A18
_CantaPartBaixa               text77       0019B2
_ColumnAct                    bssCOMRAM    00003A
_DaFindUser                   text45       001FAC
_DaGetIdle                    text44       00014C
_DaGetNumScores               text43       000190
_DaGetStatus                  text42       00018C
_DaSaveScore                  text40       001CB0
_DaSaveUser                   text39       000062
_EEADR                        (abs)        000FA9
_EECON1bits                   (abs)        000FA6
_EECON2                       (abs)        000FA7
_EEDATA                       (abs)        000FA8
_ERROR                        dataBANK0    00009F
_EscriuPrimeraOrdre           text75       0017F2
_Espera                       text74       001F36
_INTCON2bits                  (abs)        000FF1
_INTCONbits                   (abs)        000FF2
_JoDirection                  text38       000188
_JoMoved                      text37       000184
_JoSetMode                    text36       000144
_KeGetCharValue               text34       00013C
_KeGetGenericValue            text69       001F16
_KeSetMode                    text33       001E6A
_KeypadMotor                  text79       0011FA
_LATAbits                     (abs)        000F89
_LATBbits                     (abs)        000F8A
_LATCbits                     (abs)        000F8B
_LATDbits                     (abs)        000F8C
_LCDcol                       bssCOMRAM    000033
_LCDcolm                      bssCOMRAM    000032
_LCDrow                       bssCOMRAM    000034
_LOGINMENU                    dataBANK0    0000A8
_LOGOUTMESSAGE                dataBANK0    000096
_LOGREGSCREEN                 dataBANK0    0000E9
_LcClear                      text41       000036
_LcCursorOff                  text32       0000F6
_LcCursorOn                   text31       0000EC
_LcGotoXY                     text61       001D48
_LcGotoXY$844                 cstackCOMRAM 000068
_LcInit                       text71       00157C
_LcPutChar                    text60       001DCC
_MAINMENU                     smallconst   00020D
_MAINMENUSIZE                 dataCOMRAM   000072
_PIR1bits                     (abs)        000F9E
_PORTBbits                    (abs)        000F81
_PORTCbits                    (abs)        000F82
_PORTDbits                    (abs)        000F83
_RCONbits                     (abs)        000FD0
_RCREG                        (abs)        000FAE
_RCSTAbits                    (abs)        000FAB
_RESULTS                      dataBANK0    000080
_RSI_High                     intcode      000008
_RowAct                       bssCOMRAM    00003B
_SMSMotor                     text68       0014CE
_SMSTABLE                     smallconst   000299
_SPBRG                        (abs)        000FAF
_SiIsAvailable                text65       00016A
_SiReadByte                   text30       000180
_SiRecievedByte               text29       000164
_SiSendChar                   text64       00015C
_T0CON                        (abs)        000FD5
_T0CONbits                    (abs)        000FD5
_TABLE                        smallconst   000201
_TIME                         dataBANK0    0000BE
_TMR0H                        (abs)        000FD7
_TMR0L                        (abs)        000FD6
_TRISAbits                    (abs)        000F92
_TRISBbits                    (abs)        000F93
_TRISCbits                    (abs)        000F94
_TRISDbits                    (abs)        000F95
_TXREG                        (abs)        000FAD
_TXSTAbits                    (abs)        000FAC
_TiGetTics                    text81       001E44
_TiGetTimer                   text73       001D18
_TiInitTimer                  text67       001D76
_TiResetTics                  text80       001F56
_Timer                        bssCOMRAM    00000D
_WaitForBusy                  text72       001C06
__HRAM                        (abs)        000000
__Habs1                       abs1         000000
__Hbank0                      bank0        000000
__Hbank1                      bank1        000000
__Hbigbss                     bigbss       000000
__Hbigdata                    bigdata      000000
__Hbigram                     bigram       000000
__Hbigsfr                     bigsfr       000000
__Hbss                        bss          000000
__HbssBANK1                   bssBANK1     000000
__HbssCOMRAM                  bssCOMRAM    000000
__Hcinit                      cinit        000000
__Hclrtext                    clrtext      000000
__Hcomram                     comram       000000
__Hconfig                     config       30000E
__Hconst                      const        000000
__HcstackBANK0                cstackBANK0  000000
__HcstackCOMRAM               cstackCOMRAM 000000
__Hdata                       data         000000
__HdataBANK0                  dataBANK0    000000
__HdataCOMRAM                 dataCOMRAM   000000
__Heeprom_data                eeprom_data  000000
__Hfarbss                     farbss       000000
__Hfardata                    fardata      000000
__Hheap                       heap         000000
__Hibigdata                   ibigdata     000000
__Hidata                      idata        000000
__HidataBANK0                 idataBANK0   000000
__HidataCOMRAM                idataCOMRAM  000000
__Hidloc                      idloc        200008
__Hifardata                   ifardata     000000
__Hinit                       init         000036
__Hintcode                    intcode      000032
__Hintcode_body               intcode_body 000000
__Hintcodelo                  intcodelo    000032
__Hintentry                   intentry     000000
__Hintret                     intret       000000
__Hintsave_regs               intsave_regs 000000
__Hirdata                     irdata       000000
__Hmediumconst                mediumconst  000000
__HnvFARRAM                   nvFARRAM     000000
__Hnvbit                      nvbit        000000
__Hnvrram                     nvrram       000000
__Hpa_nodes0                  pa_nodes0    000000
__Hparam                      rparam       000000
__Hpowerup                    powerup      000032
__Hram                        ram          000000
__Hramtop                     ramtop       000200
__Hrbit                       rbit         000000
__Hrbss                       rbss         000000
__Hrdata                      rdata        000000
__Hreset_vec                  reset_vec    000004
__Hrparam                     rparam       000000
__Hsfr                        sfr          000000
__Hsmallconst                 smallconst   0002D0
__Hspace_0                    (abs)        002000
__Hspace_1                    (abs)        0001DB
__Hspace_2                    (abs)        000000
__Hspace_4                    (abs)        60000E
__Hstack                      stack        000000
__Hstruct                     struct       000000
__Htemp                       temp         00007B
__Htext                       text         000000
__Htext0                      text0        000000
__Htext1                      text1        000000
__Htext10                     text10       000000
__Htext11                     text11       000000
__Htext12                     text12       000000
__Htext13                     text13       000000
__Htext14                     text14       000000
__Htext15                     text15       000000
__Htext16                     text16       000000
__Htext17                     text17       000000
__Htext18                     text18       000000
__Htext19                     text19       000000
__Htext2                      text2        000000
__Htext20                     text20       000000
__Htext21                     text21       000000
__Htext22                     text22       000000
__Htext23                     text23       000000
__Htext24                     text24       000000
__Htext25                     text25       000000
__Htext26                     text26       000000
__Htext27                     text27       000000
__Htext28                     text28       000000
__Htext29                     text29       000000
__Htext3                      text3        000000
__Htext30                     text30       000000
__Htext31                     text31       000000
__Htext32                     text32       000000
__Htext33                     text33       000000
__Htext34                     text34       000000
__Htext35                     text35       000000
__Htext36                     text36       000000
__Htext37                     text37       000000
__Htext38                     text38       000000
__Htext39                     text39       000000
__Htext4                      text4        000000
__Htext40                     text40       000000
__Htext41                     text41       000000
__Htext42                     text42       000000
__Htext43                     text43       000000
__Htext44                     text44       000000
__Htext45                     text45       000000
__Htext46                     text46       000000
__Htext47                     text47       000000
__Htext48                     text48       000000
__Htext49                     text49       000000
__Htext5                      text5        000000
__Htext50                     text50       000000
__Htext51                     text51       000000
__Htext52                     text52       000000
__Htext53                     text53       000000
__Htext54                     text54       000000
__Htext55                     text55       000000
__Htext56                     text56       000000
__Htext57                     text57       000000
__Htext58                     text58       000000
__Htext59                     text59       000000
__Htext6                      text6        000000
__Htext60                     text60       000000
__Htext61                     text61       000000
__Htext62                     text62       000000
__Htext63                     text63       000000
__Htext64                     text64       000000
__Htext65                     text65       000000
__Htext66                     text66       000000
__Htext67                     text67       000000
__Htext68                     text68       000000
__Htext69                     text69       000000
__Htext7                      text7        000000
__Htext70                     text70       000000
__Htext71                     text71       000000
__Htext72                     text72       000000
__Htext73                     text73       000000
__Htext74                     text74       000000
__Htext75                     text75       000000
__Htext76                     text76       000000
__Htext77                     text77       000000
__Htext78                     text78       000000
__Htext79                     text79       000000
__Htext8                      text8        000000
__Htext80                     text80       000000
__Htext81                     text81       000000
__Htext83                     text83       000000
__Htext9                      text9        000000
__LRAM                        (abs)        000001
__Labs1                       abs1         000000
__Lbank0                      bank0        000000
__Lbank1                      bank1        000000
__Lbigbss                     bigbss       000000
__Lbigdata                    bigdata      000000
__Lbigram                     bigram       000000
__Lbigsfr                     bigsfr       000000
__Lbss                        bss          000000
__LbssBANK1                   bssBANK1     000000
__LbssCOMRAM                  bssCOMRAM    000000
__Lcinit                      cinit        000000
__Lclrtext                    clrtext      000000
__Lcomram                     comram       000000
__Lconfig                     config       000000
__Lconst                      const        000000
__LcstackBANK0                cstackBANK0  000000
__LcstackCOMRAM               cstackCOMRAM 000000
__Ldata                       data         000000
__LdataBANK0                  dataBANK0    000000
__LdataCOMRAM                 dataCOMRAM   000000
__Leeprom_data                eeprom_data  000000
__Lfarbss                     farbss       000000
__Lfardata                    fardata      000000
__Lheap                       heap         000000
__Libigdata                   ibigdata     000000
__Lidata                      idata        000000
__LidataBANK0                 idataBANK0   000000
__LidataCOMRAM                idataCOMRAM  000000
__Lidloc                      idloc        000000
__Lifardata                   ifardata     000000
__Linit                       init         000032
__Lintcode                    intcode      000008
__Lintcode_body               intcode_body 000000
__Lintcodelo                  intcodelo    000032
__Lintentry                   intentry     000000
__Lintret                     intret       000000
__Lintsave_regs               intsave_regs 000000
__Lirdata                     irdata       000000
__Lmediumconst                mediumconst  000000
__LnvFARRAM                   nvFARRAM     000000
__Lnvbit                      nvbit        000000
__Lnvrram                     nvrram       000000
__Lpa_nodes0                  pa_nodes0    000000
__Lparam                      rparam       000000
__Lpowerup                    powerup      000032
__Lram                        ram          000000
__Lramtop                     ramtop       000200
__Lrbit                       rbit         000000
__Lrbss                       rbss         000000
__Lrdata                      rdata        000000
__Lreset_vec                  reset_vec    000000
__Lrparam                     rparam       000000
__Lsfr                        sfr          000000
__Lsmallconst                 smallconst   000200
__Lspace_0                    (abs)        000000
__Lspace_1                    (abs)        000000
__Lspace_2                    (abs)        000000
__Lspace_4                    (abs)        000000
__Lstack                      stack        000000
__Lstruct                     struct       000000
__Ltemp                       temp         00007A
__Ltext                       text         000000
__Ltext0                      text0        000000
__Ltext1                      text1        000000
__Ltext10                     text10       000000
__Ltext11                     text11       000000
__Ltext12                     text12       000000
__Ltext13                     text13       000000
__Ltext14                     text14       000000
__Ltext15                     text15       000000
__Ltext16                     text16       000000
__Ltext17                     text17       000000
__Ltext18                     text18       000000
__Ltext19                     text19       000000
__Ltext2                      text2        000000
__Ltext20                     text20       000000
__Ltext21                     text21       000000
__Ltext22                     text22       000000
__Ltext23                     text23       000000
__Ltext24                     text24       000000
__Ltext25                     text25       000000
__Ltext26                     text26       000000
__Ltext27                     text27       000000
__Ltext28                     text28       000000
__Ltext29                     text29       000000
__Ltext3                      text3        000000
__Ltext30                     text30       000000
__Ltext31                     text31       000000
__Ltext32                     text32       000000
__Ltext33                     text33       000000
__Ltext34                     text34       000000
__Ltext35                     text35       000000
__Ltext36                     text36       000000
__Ltext37                     text37       000000
__Ltext38                     text38       000000
__Ltext39                     text39       000000
__Ltext4                      text4        000000
__Ltext40                     text40       000000
__Ltext41                     text41       000000
__Ltext42                     text42       000000
__Ltext43                     text43       000000
__Ltext44                     text44       000000
__Ltext45                     text45       000000
__Ltext46                     text46       000000
__Ltext47                     text47       000000
__Ltext48                     text48       000000
__Ltext49                     text49       000000
__Ltext5                      text5        000000
__Ltext50                     text50       000000
__Ltext51                     text51       000000
__Ltext52                     text52       000000
__Ltext53                     text53       000000
__Ltext54                     text54       000000
__Ltext55                     text55       000000
__Ltext56                     text56       000000
__Ltext57                     text57       000000
__Ltext58                     text58       000000
__Ltext59                     text59       000000
__Ltext6                      text6        000000
__Ltext60                     text60       000000
__Ltext61                     text61       000000
__Ltext62                     text62       000000
__Ltext63                     text63       000000
__Ltext64                     text64       000000
__Ltext65                     text65       000000
__Ltext66                     text66       000000
__Ltext67                     text67       000000
__Ltext68                     text68       000000
__Ltext69                     text69       000000
__Ltext7                      text7        000000
__Ltext70                     text70       000000
__Ltext71                     text71       000000
__Ltext72                     text72       000000
__Ltext73                     text73       000000
__Ltext74                     text74       000000
__Ltext75                     text75       000000
__Ltext76                     text76       000000
__Ltext77                     text77       000000
__Ltext78                     text78       000000
__Ltext79                     text79       000000
__Ltext8                      text8        000000
__Ltext80                     text80       000000
__Ltext81                     text81       000000
__Ltext83                     text83       000000
__Ltext9                      text9        000000
__S0                          (abs)        002000
__S1                          (abs)        0001DB
__S4                          (abs)        000000
__S5                          (abs)        000000
__TiRSITimer                  text83       001B84
___awmod                      text17       0018E4
___awmod@counter              cstackCOMRAM 000062
___awmod@dividend             cstackCOMRAM 00005E
___awmod@divisor              cstackCOMRAM 000060
___awmod@sign                 cstackCOMRAM 000063
___heap_hi                    (abs)        000000
___heap_lo                    (abs)        000000
___inthi_sp                   stack        000000
___intlo_sp                   stack        000000
___lbdiv                      text59       001CE4
___lbdiv@counter              cstackCOMRAM 000060
___lbdiv@dividend             cstackCOMRAM 00005F
___lbdiv@divisor              cstackCOMRAM 00005E
___lbdiv@quotient             cstackCOMRAM 000061
___lbmod                      text58       001E1E
___lbmod@counter              cstackCOMRAM 000060
___lbmod@dividend             cstackCOMRAM 00005F
___lbmod@divisor              cstackCOMRAM 00005E
___lbmod@rem                  cstackCOMRAM 000061
___param_bank                 (abs)        000000
___rparam_used                (abs)        000001
___sp                         stack        000000
__accesstop                   (abs)        000080
__activetblptr                (abs)        000002
__end_ofPL10                  text56       000E4C
__end_ofPL12                  text56       000E5A
__end_ofPL14                  text73       001D48
__end_ofPL16                  text71       001628
__end_ofPL18                  text56       000E68
__end_ofPL2                   text56       000DF0
__end_ofPL20                  text16       00174A
__end_ofPL22                  text53       0017E4
__end_ofPL24                  text35       001B22
__end_ofPL26                  text8        00095C
__end_ofPL28                  text80       001F76
__end_ofPL30                  text16       00175A
__end_ofPL32                  text35       001B3A
__end_ofPL34                  text8        000966
__end_ofPL36                  text23       001DC4
__end_ofPL38                  text66       0016BC
__end_ofPL4                   text56       000DFA
__end_ofPL40                  text25       001E1E
__end_ofPL42                  text62       001C72
__end_ofPL44                  text8        000970
__end_ofPL46                  text66       0016CC
__end_ofPL48                  text8        00097A
__end_ofPL50                  text56       000E76
__end_ofPL52                  text23       001DCC
__end_ofPL54                  text75       001864
__end_ofPL56                  text53       0017F2
__end_ofPL58                  text1        0011D4
__end_ofPL6                   text56       000E14
__end_ofPL60                  text1        0011DA
__end_ofPL62                  text8        000986
__end_ofPL64                  text16       001766
__end_ofPL66                  text8        00098E
__end_ofPL68                  text75       00186E
__end_ofPL70                  text78       001A7E
__end_ofPL72                  text8        000998
__end_ofPL74                  text62       001C7C
__end_ofPL76                  text77       001A18
__end_ofPL78                  text56       000E7C
__end_ofPL8                   text56       000E20
__end_ofPL80                  text15       000134
__end_ofPL82                  text1        0011E2
__end_ofPL84                  text79       001310
__end_ofPL86                  text33       001E8E
__end_ofPL88                  text1        0011EA
__end_ofPL90                  text1        0011F2
__end_ofPL92                  text8        0009A0
__end_ofPL94                  text46       0014CE
__end_ofPL96                  text1        0011FA
__end_ofPL98                  text8        0009A8
__end_of_CantaData            text62       001C64
__end_of_CantaIR              text76       001F92
__end_of_CantaPartAlta        text78       001A74
__end_of_CantaPartBaixa       text77       001A0E
__end_of_DaFindUser           text45       001FC6
__end_of_DaGetIdle            text44       000154
__end_of_DaGetNumScores       text43       000194
__end_of_DaGetStatus          text42       000190
__end_of_DaSaveScore          text40       001CE4
__end_of_DaSaveUser           text39       000076
__end_of_EscriuPrimeraOrdre   text75       001856
__end_of_Espera               text74       001F56
__end_of_JoDirection          text38       00018C
__end_of_JoMoved              text37       000188
__end_of_JoSetMode            text36       00014C
__end_of_KeGetCharValue       text34       000144
__end_of_KeGetGenericValue    text69       001F36
__end_of_KeSetMode            text33       001E88
__end_of_KeypadMotor          text79       00130A
__end_of_LcClear              text41       00004C
__end_of_LcCursorOff          text32       000100
__end_of_LcCursorOn           text31       0000F6
__end_of_LcGotoXY             text61       001D76
__end_of_LcInit               text71       00161C
__end_of_LcPutChar            text60       001DF6
__end_of_MAINMENU             smallconst   000299
__end_of_RSI_High             intcode      000032
__end_of_SMSMotor             text68       00157C
__end_of_SMSTABLE             smallconst   0002CF
__end_of_SiIsAvailable        text65       000170
__end_of_SiReadByte           text30       000184
__end_of_SiRecievedByte       text29       00016A
__end_of_SiSendChar           text64       000164
__end_of_TABLE                smallconst   00020D
__end_of_TiGetTics            text81       001E6A
__end_of_TiGetTimer           text73       001D36
__end_of_TiInitTimer          text67       001DA2
__end_of_TiResetTics          text80       001F66
__end_of_WaitForBusy          text72       001C44
__end_of__TiRSITimer          text83       001BC8
__end_of___awmod              text17       00194C
__end_of___lbdiv              text59       001D18
__end_of___lbmod              text58       001E44
__end_of__initialization      cinit        0019A4
__end_of_audioMotor           text66       0016AA
__end_of_btAvailable          text7        000124
__end_of_btMotor              text63       001410
__end_of_btSendByte           text6        0000CE
__end_of_dataMotor            text56       000DC2
__end_of_displayError         text27       001CB0
__end_of_displayLogOut        text26       001C06
__end_of_displayResults       text25       001E12
__end_of_displayScoresMarquee text24       00013C
__end_of_displayString        text23       001DBC
__end_of_displaySysTime       text22       0000EC
__end_of_displayTimeRemaining text21       000088
__end_of_getColumn            text70       000114
__end_of_getFullValue         text35       001B04
__end_of_getPresses           text20       000180
__end_of_incrementPosition    text19       00017C
__end_of_initAudio            text55       000062
__end_of_initData             text52       001AE0
__end_of_initJoystick         text51       001ED4
__end_of_initKeypad           text50       001F16
__end_of_initMenu             text49       00010A
__end_of_initSIO              text48       001EB2
__end_of_initTime             text47       00015C
__end_of_isPressed            text18       001FF6
__end_of_joystickMotor        text46       0014C8
__end_of_main                 text0        001B84
__end_of_mainMenu             text16       001736
__end_of_menuMotor            text8        000952
__end_of_modifyTime           text15       00012E
__end_of_nextRow              text28       0000B6
__end_of_readEEPROM           text54       0000A8
__end_of_readUserData         text53       0017C6
__end_of_resetDisplay         text14       0000E2
__end_of_resetPosition        text13       000178
__end_of_resetTimer           text12       0000D8
__end_of_saveEEPROM           text57       001EF6
__end_of_sendChar             text5        001FDE
__end_of_startSong            text4        0000C2
__end_of_startTimer           text11       002000
__end_of_stopTimer            text10       000174
__end_of_timeMotor            text1        0011CC
__end_of_timerOver            text9        00012C
__end_of_updateGameTime       text3        001FAC
__end_of_updateSysTime        text2        000098
__initialization              cinit        00194C
__mediumconst                 mediumconst  000000
__pbssBANK1                   bssBANK1     000100
__pbssCOMRAM                  bssCOMRAM    000001
__pcinit                      cinit        00194C
__pcstackBANK0                cstackBANK0  0000F5
__pcstackCOMRAM               cstackCOMRAM 000059
__pdataBANK0                  dataBANK0    000080
__pdataCOMRAM                 dataCOMRAM   000072
__pidataBANK0                 idataBANK0   00186E
__pidataCOMRAM                idataCOMRAM  000114
__pintcode                    intcode      000008
__psmallconst                 smallconst   000200
__ptext0                      text0        001B3A
__ptext1                      text1        000E7C
__ptext10                     text10       000170
__ptext11                     text11       001FF6
__ptext12                     text12       0000CE
__ptext13                     text13       000174
__ptext14                     text14       0000D8
__ptext15                     text15       00012C
__ptext16                     text16       0016CC
__ptext17                     text17       0018E4
__ptext18                     text18       001FDE
__ptext19                     text19       000178
__ptext2                      text2        000088
__ptext20                     text20       00017C
__ptext21                     text21       000076
__ptext22                     text22       0000E2
__ptext23                     text23       001DA2
__ptext24                     text24       000134
__ptext25                     text25       001DF6
__ptext26                     text26       001BC8
__ptext27                     text27       001C7C
__ptext28                     text28       0000A8
__ptext29                     text29       000164
__ptext3                      text3        001F92
__ptext30                     text30       000180
__ptext31                     text31       0000EC
__ptext32                     text32       0000F6
__ptext33                     text33       001E6A
__ptext34                     text34       00013C
__ptext35                     text35       001AE0
__ptext36                     text36       000144
__ptext37                     text37       000184
__ptext38                     text38       000188
__ptext39                     text39       000062
__ptext4                      text4        0000B6
__ptext40                     text40       001CB0
__ptext41                     text41       000036
__ptext42                     text42       00018C
__ptext43                     text43       000190
__ptext44                     text44       00014C
__ptext45                     text45       001FAC
__ptext46                     text46       001410
__ptext47                     text47       000154
__ptext48                     text48       001E8E
__ptext49                     text49       000100
__ptext5                      text5        001FC6
__ptext50                     text50       001EF6
__ptext51                     text51       001EB2
__ptext52                     text52       001A7E
__ptext53                     text53       001766
__ptext54                     text54       000098
__ptext55                     text55       00004C
__ptext56                     text56       0009A8
__ptext57                     text57       001ED4
__ptext58                     text58       001E1E
__ptext59                     text59       001CE4
__ptext6                      text6        0000C2
__ptext60                     text60       001DCC
__ptext61                     text61       001D48
__ptext62                     text62       001C44
__ptext63                     text63       001310
__ptext64                     text64       00015C
__ptext65                     text65       00016A
__ptext66                     text66       001628
__ptext67                     text67       001D76
__ptext68                     text68       0014CE
__ptext69                     text69       001F16
__ptext7                      text7        00011C
__ptext70                     text70       00010A
__ptext71                     text71       00157C
__ptext72                     text72       001C06
__ptext73                     text73       001D18
__ptext74                     text74       001F36
__ptext75                     text75       0017F2
__ptext76                     text76       001F76
__ptext77                     text77       0019B2
__ptext78                     text78       001A18
__ptext79                     text79       0011FA
__ptext8                      text8        0002D0
__ptext80                     text80       001F56
__ptext81                     text81       001E44
__ptext83                     text83       001B84
__ptext9                      text9        000124
__ramtop                      ramtop       000200
__smallconst                  smallconst   000200
_audioMotor                   text66       001628
_available                    bssCOMRAM    00003E
_btAvailable                  text7        00011C
_btMotor                      text63       001310
_btSendByte                   text6        0000C2
_counter                      bssCOMRAM    000046
_counterRX                    bssCOMRAM    000025
_counterTX                    bssCOMRAM    000021
_currentKey                   bssCOMRAM    000042
_dataMotor                    text56       0009A8
_dataMotor$1786               cstackBANK0  0000F5
_dataRX                       bssCOMRAM    000026
_dataTX                       bssCOMRAM    000022
_displayError                 text27       001C7C
_displayLogOut                text26       001BC8
_displayResults               text25       001DF6
_displayScoresMarquee         text24       000134
_displayString                text23       001DA2
_displaySysTime               text22       0000E2
_displayTimeRemaining         text21       000076
_game                         bssCOMRAM    000012
_getColumn                    text70       00010A
_getFullValue                 text35       001AE0
_getPresses                   text20       00017C
_h_Tics                       bssCOMRAM    00000F
_incrementPosition            text19       000178
_initAudio                    text55       00004C
_initData                     text52       001A7E
_initJoystick                 text51       001EB2
_initKeypad                   text50       001EF6
_initMenu                     text49       000100
_initSIO                      text48       001E8E
_initTime                     text47       000154
_isPressed                    text18       001FDE
_isPressed$638                cstackCOMRAM 00005E
_joyMode                      bssCOMRAM    000029
_joystickMotor                text46       001410
_lastUserPointer              bssCOMRAM    00001B
_mScore                       bssCOMRAM    00002F
_mUser                        bssCOMRAM    000047
_mUser@EEPROM$F1764           bssCOMRAM    00000B
_main                         text0        001B3A
_mainMenu                     text16       0016CC
_menuMotor                    text8        0002D0
_minute                       dataCOMRAM   000077
_minutes                      dataCOMRAM   000078
_modifyTime                   text15       00012C
_modifyTimeString             dataBANK0    0000DC
_moved                        bssCOMRAM    00002B
_nextRow                      text28       0000A8
_numPresses                   bssCOMRAM    00003F
_numScores                    bssCOMRAM    000020
_period                       bssCOMRAM    000036
_periodTimer                  bssCOMRAM    000038
_pos                          bssCOMRAM    000030
_position                     bssCOMRAM    00001F
_pressed                      bssCOMRAM    000040
_previous                     bssCOMRAM    000041
_readEEPROM                   text54       000098
_readUserData                 text53       001766
_resetDisplay                 text14       0000D8
_resetPosition                text13       000174
_resetTimer                   text12       0000CE
_row                          bssCOMRAM    000045
_s_Timers                     bssBANK1     000190
_saveEEPROM                   text57       001ED4
_saveScore                    bssCOMRAM    00001A
_saveState                    bssCOMRAM    000019
_second                       bssCOMRAM    000017
_seconds                      bssCOMRAM    000018
_send                         bssCOMRAM    00002E
_sendChar                     text5        001FC6
_startSong                    text4        0000B6
_startTimer                   text11       001FF6
_state                        bssCOMRAM    00003D
_state@Audio$F967             bssCOMRAM    000039
_state@EEPROM$F1761           bssCOMRAM    00001E
_state@time$F1845             bssCOMRAM    000013
_stateJoy                     bssCOMRAM    00002A
_stateRX                      bssCOMRAM    000028
_stateSMS                     bssCOMRAM    00003C
_stateTX                      bssCOMRAM    000024
_status                       bssCOMRAM    00001C
_stopTimer                    text10       000170
_sysMinute                    bssCOMRAM    000015
_sysSecond                    bssCOMRAM    000016
_sysTime                      dataBANK0    0000CE
_timeMotor                    text1        000E7C
_timer                        bssCOMRAM    000035
_timer@time$F1844             bssCOMRAM    000014
_timerBounces                 bssCOMRAM    000044
_timerOver                    text9        000124
_timerRX                      bssCOMRAM    000027
_timerSong                    bssCOMRAM    000037
_timerTX                      bssCOMRAM    000023
_timer_SMS                    bssCOMRAM    000043
_topScores                    bssCOMRAM    000001
_updateGameTime               text3        001F92
_updateSysTime                text2        000088
_userNum                      bssCOMRAM    00001D
_users                        bssBANK1     000100
_val                          bssCOMRAM    000031
_val@time$F1847               bssCOMRAM    000011
_x                            bssCOMRAM    00002D
_y                            bssCOMRAM    00002C
btSendByte@byte               cstackCOMRAM 00005E
btemp                         temp         00007A
displayString@string          cstackCOMRAM 00006C
end_of_initialization         cinit        0019A4
getFullValue@generic          cstackCOMRAM 000062
int$flags                     temp         00007A
intlevel0                     text         000000
intlevel1                     text         000000
intlevel2                     text         000000
intlevel3                     text         000000
isa$std                       (abs)        000001
isa$xinst                     (abs)        000000
menuMotor@state               dataCOMRAM   000079
readEEPROM@address            cstackCOMRAM 00005E
saveEEPROM@ad                 cstackCOMRAM 00005F
saveEEPROM@data               cstackCOMRAM 00005E
sendChar@bt                   cstackCOMRAM 00006C
stackhi                       (abs)        000000
stacklo                       (abs)        000000
start                         init         000032
start_initialization          cinit        00194C
ttemp5                        temp         00007B
ttemp6                        temp         00007E
ttemp7                        temp         000082
wtemp8                        temp         00007B


MODULE INFORMATION

Module		Function		Class		Link	Load	Size
Audio.c
		_initAudio     		CODE           	004C	0000	22
		_startSong     		CODE           	00B6	0000	12
		_audioMotor    		CODE           	1628	0000	130

Audio.c estimated size: 164

time.c
		_timeMotor     		CODE           	0E7C	0000	848
		_updateGameTime		CODE           	1F92	0000	26
		_resetTimer    		CODE           	00CE	0000	10
		_displayTimeRemaining		CODE           	0076	0000	18
		_updateSysTime 		CODE           	0088	0000	16
		_displaySysTime		CODE           	00E2	0000	10
		_initTime      		CODE           	0154	0000	8
		_stopTimer     		CODE           	0170	0000	4
		_sendChar      		CODE           	1FC6	0000	24
		_startTimer    		CODE           	1FF6	0000	10
		_timerOver     		CODE           	0124	0000	8
		_modifyTime    		CODE           	012C	0000	2

time.c estimated size: 984

keypad.c
		_KeSetMode     		CODE           	1E6A	0000	30
		_SMSMotor      		CODE           	14CE	0000	174
		_KeGetCharValue		CODE           	013C	0000	8
		_getPresses    		CODE           	017C	0000	4
		_getColumn     		CODE           	010A	0000	10
		_KeGetGenericValue		CODE           	1F16	0000	32
		_initKeypad    		CODE           	1EF6	0000	32
		_isPressed     		CODE           	1FDE	0000	24
		_KeypadMotor   		CODE           	11FA	0000	272
		_getFullValue  		CODE           	1AE0	0000	36

keypad.c estimated size: 622

C:\Program Files\Microchip\xc8\v2.36\pic\sources\c99\common\awmod.c
		___awmod       		CODE           	18E4	0000	104

C:\Program Files\Microchip\xc8\v2.36\pic\sources\c99\common\awmod.c estimated size: 104

TTimer.c
		_TiGetTics     		CODE           	1E44	0000	38
		_TiGetTimer    		CODE           	1D18	0000	30
		_TiInitTimer   		CODE           	1D76	0000	44
		__TiRSITimer   		CODE           	1B84	0000	68
		_TiResetTics   		CODE           	1F56	0000	16

TTimer.c estimated size: 196

Menu.c
		_displayError  		CODE           	1C7C	0000	52
		_displayString 		CODE           	1DA2	0000	26
		_displayLogOut 		CODE           	1BC8	0000	62
		_menuMotor     		CODE           	02D0	0000	1666
		_displayResults		CODE           	1DF6	0000	28
		_nextRow       		CODE           	00A8	0000	14
		_initMenu      		CODE           	0100	0000	10
		_resetDisplay  		CODE           	00D8	0000	10
		_mainMenu      		CODE           	16CC	0000	106

Menu.c estimated size: 1974

SIO.c
		_btMotor       		CODE           	1310	0000	256
		_SiRecievedByte		CODE           	0164	0000	6
		_btSendByte    		CODE           	00C2	0000	12
		_btAvailable   		CODE           	011C	0000	8
		_initSIO       		CODE           	1E8E	0000	36
		_SiIsAvailable 		CODE           	016A	0000	6
		_SiSendChar    		CODE           	015C	0000	8
		_SiReadByte    		CODE           	0180	0000	4

SIO.c estimated size: 336

EEPROM.c
		_displayScoresMarquee		CODE           	0134	0000	8
		_resetPosition 		CODE           	0174	0000	4
		_DaGetNumScores		CODE           	0190	0000	4
		_DaSaveUser    		CODE           	0062	0000	20
		_incrementPosition		CODE           	0178	0000	4
		_DaGetIdle     		CODE           	014C	0000	8
		_DaFindUser    		CODE           	1FAC	0000	26
		_dataMotor     		CODE           	09A8	0000	1050
		_saveEEPROM    		CODE           	1ED4	0000	34
		_readEEPROM    		CODE           	0098	0000	16
		_initData      		CODE           	1A7E	0000	98
		_readUserData  		CODE           	1766	0000	96
		_DaGetStatus   		CODE           	018C	0000	4
		_DaSaveScore   		CODE           	1CB0	0000	52

EEPROM.c estimated size: 1424

LcTLCD.c
		_LcPutChar     		CODE           	1DCC	0000	42
		_EscriuPrimeraOrdre		CODE           	17F2	0000	100
		_WaitForBusy   		CODE           	1C06	0000	62
		_LcGotoXY      		CODE           	1D48	0000	46
		_LcClear       		CODE           	0036	0000	22
		_CantaData     		CODE           	1C44	0000	32
		_LcCursorOn    		CODE           	00EC	0000	10
		_LcCursorOff   		CODE           	00F6	0000	10
		_LcInit        		CODE           	157C	0000	160
		_CantaPartAlta 		CODE           	1A18	0000	92
		_Espera        		CODE           	1F36	0000	32
		_CantaIR       		CODE           	1F76	0000	28
		_CantaPartBaixa		CODE           	19B2	0000	92

LcTLCD.c estimated size: 728

C:\Program Files\Microchip\xc8\v2.36\pic\sources\c99\common\lbmod.c
		___lbmod       		CODE           	1E1E	0000	38

C:\Program Files\Microchip\xc8\v2.36\pic\sources\c99\common\lbmod.c estimated size: 38

shared
		PL12           		CODE           	0E4C	0000	14
		PL50           		CODE           	0E68	0000	14
		PL8            		CODE           	0E14	0000	12
		PL22           		CODE           	17C6	0000	30
		PL60           		CODE           	11D4	0000	6
		PL32           		CODE           	1B22	0000	24
		PL70           		CODE           	1A74	0000	10
		PL42           		CODE           	1C64	0000	14
		PL80           		CODE           	012E	0000	6
		PL14           		CODE           	1D36	0000	18
		PL52           		CODE           	1DC4	0000	8
		PL90           		CODE           	11EA	0000	8
		PL24           		CODE           	1B04	0000	30
		PL62           		CODE           	097A	0000	12
		PL34           		CODE           	095C	0000	10
		PL72           		CODE           	098E	0000	10
		PL44           		CODE           	0966	0000	10
		PL82           		CODE           	11DA	0000	8
		PL16           		CODE           	161C	0000	12
		PL54           		CODE           	1856	0000	14
		PL92           		CODE           	0998	0000	8
		PL26           		CODE           	0952	0000	10
		PL64           		CODE           	175A	0000	12
		PL36           		CODE           	1DBC	0000	8
		PL74           		CODE           	1C72	0000	10
		PL46           		CODE           	16BC	0000	16
		PL84           		CODE           	130A	0000	6
		PL18           		CODE           	0E5A	0000	14
		PL56           		CODE           	17E4	0000	14
		PL94           		CODE           	14C8	0000	6
		PL28           		CODE           	1F66	0000	16
		PL66           		CODE           	0986	0000	8
		PL38           		CODE           	16AA	0000	18
		PL76           		CODE           	1A0E	0000	10
		PL48           		CODE           	0970	0000	10
		PL86           		CODE           	1E88	0000	6
		PL58           		CODE           	11CC	0000	8
		PL96           		CODE           	11F2	0000	8
		PL68           		CODE           	1864	0000	10
		PL78           		CODE           	0E76	0000	6
		PL88           		CODE           	11E2	0000	8
		PL98           		CODE           	09A0	0000	8
		__initialization		CODE           	194C	0000	88
		_SMSTABLE      		SMALLCONST     	0299	0000	54
		_TABLE         		SMALLCONST     	0201	0000	12
		_MAINMENU      		SMALLCONST     	020D	0000	140
		PL2            		CODE           	0DC2	0000	46
		PL10           		CODE           	0E20	0000	44
		PL4            		CODE           	0DF0	0000	10
		PL20           		CODE           	1736	0000	20
		PL30           		CODE           	174A	0000	16
		PL6            		CODE           	0DFA	0000	26
		PL40           		CODE           	1E12	0000	12

shared estimated size: 958

Joystick.c
		_joystickMotor 		CODE           	1410	0000	184
		_initJoystick  		CODE           	1EB2	0000	34
		_JoSetMode     		CODE           	0144	0000	8
		_JoDirection   		CODE           	0188	0000	4
		_JoMoved       		CODE           	0184	0000	4

Joystick.c estimated size: 234

main.c
		_main          		CODE           	1B3A	0000	74
		_RSI_High      		CODE           	0008	0000	42

main.c estimated size: 116

C:\Program Files\Microchip\xc8\v2.36\pic\sources\c99\common\lbdiv.c
		___lbdiv       		CODE           	1CE4	0000	52

C:\Program Files\Microchip\xc8\v2.36\pic\sources\c99\common\lbdiv.c estimated size: 52

