Microchip MPLAB XC8 Compiler V2.36

Linker command line:

-W-3 --edf=C:\Program Files\Microchip\xc8\v2.36\pic\dat\en_msgs.txt -cn \
  -h+dist/default/production\Project2B.X.production.sym \
  --cmf=dist/default/production\Project2B.X.production.cmf -z -Q18F4321 \
  -oC:\Users\adril\AppData\Local\Temp\xcAsq74.4 --defsym=__MPLAB_BUILD=1 \
  -Mdist/default/production/Project2B.X.production.map \
  --md=C:\Users\adril\AppData\Local\Temp\xcAsq74.dat -E1 -ver=XC8 Compiler \
  --acfsm=1493 -ACODE=00h-01FFFh -ACONST=00h-01FFFh \
  -ASMALLCONST=0200h-02FFhx30 -AMEDIUMCONST=0200h-01FFFh -ACOMRAM=01h-07Fh \
  -AABS1=00h-01FFh -ABIGRAM=01h-01FFh -ARAM=080h-0FFh,0100h-01FFh \
  -ABANK0=080h-0FFh -ABANK1=0100h-01FFh -ASFR=0F80h-0FFFh \
  -ABIGSFR=0F80h-0FFFh -ACONFIG=0300000h-030000Dh -AIDLOC=0200000h-0200007h \
  -AEEDATA=0F00000h-0F000FFh -peeprom_data=EEDATA \
  -preset_vec=00h,intcode=08h,intcodelo,powerup,init -pramtop=0200h \
  -psmallconst=SMALLCONST -pmediumconst=MEDIUMCONST -pconst=CONST \
  -AFARRAM=00h-00h \
  -prdata=COMRAM,nvrram=COMRAM,nvbit=COMRAM,rbss=COMRAM,rbit=COMRAM \
  -pfarbss=FARRAM,fardata=FARRAM,nvFARRAM=FARRAM \
  -pintsave_regs=BIGRAM,bigbss=BIGRAM,bigdata=BIGRAM -pbss=RAM \
  -pidata=CODE,irdata=CODE,ibigdata=CODE,ifardata=CODE -prparam=COMRAM \
  C:\Users\adril\AppData\Local\Temp\xcAsq74.o \
  dist/default/production\Project2B.X.production.o 

Object code version is 3.11

Machine type is 18F4321



                Name                               Link     Load   Length Selector   Space Scale
C:\Users\adril\AppData\Local\Temp\xcAsq74.o
                idloc                            200000   200000        8        0       5
                config                           300000   300000        E        0       4
                init                                 32       32        4        4       0
                reset_vec                             0        0        4        0       0
dist/default/production\Project2B.X.production.o
                intcode                               8        8       2A        4       0
                idloc                            200000   200000        8        0       5
                config                           300000   300000        E        0       4
                temp                                 7A       7A        1        1       1
                smallconst                          200      200       D6      100       0
                text46                              FB6      FB6       44      16B       0
                text44                             1100     1100       26      16B       0
                text43                             120A     120A       1C      16B       0
                text42                              7C6      7C6      116      16B       0
                text41                              E58      E58       66      16B       0
                text40                              DF2      DF2       66      16B       0
                text39                             11EE     11EE       1C      16B       0
                text38                              CFE      CFE       7C      16B       0
                text37                             11B0     11B0       20      16B       0
                text36                             10D4     10D4       2C      16B       0
                text35                              FFA      FFA       3E      16B       0
                text34                              9A8      9A8       C6      16B       0
                text33                             1296     1296        A      16B       0
                text32                             1226     1226       1A      16B       0
                text31                              B30      B30       B6      16B       0
                text30                             10A8     10A8       2C      16B       0
                text29                              BE6      BE6       94      16B       0
                text28                              596      596      230      16B       0
                text27                              C7A      C7A       84      16B       0
                text26                              D7A      D7A       78      16B       0
                text25                             116E     116E       22      16B       0
                text24                             11D0     11D0       1E      16B       0
                text23                             12B8     12B8        8      16B       0
                text22                             126E     126E       14      16B       0
                text21                             12C0     12C0        6      16B       0
                text20                             12B0     12B0        8      16B       0
                text19                              A6E      A6E       C2      16B       0
                text18                             114A     114A       24      16B       0
                text17                             12A8     12A8        8      16B       0
                text16                             12D2     12D2        4      16B       0
                text15                             1190     1190       20      16B       0
                text14                             12CE     12CE        4      16B       0
                text13                             12CA     12CA        4      16B       0
                text12                              EBE      EBE       60      16B       0
                text11                             12A0     12A0        8      16B       0
                text10                             1126     1126       24      16B       0
                text9                              1258     1258       16      16B       0
                text8                              128C     128C        A      16B       0
                text7                              1282     1282        A      16B       0
                text6                              1070     1070       38      16B       0
                text5                               F1E      F1E       54      16B       0
                text4                               8DC      8DC       CC      16B       0
                text3                              12C6     12C6        4      16B       0
                text2                              1240     1240       18      16B       0
                text1                               2D6      2D6      2C0      16B       0
                text0                              1038     1038       38      16B       0
                cstackCOMRAM                         50       50       29        1       1
                bssBANK1                            100      100       90      100       1
                bssBANK0                             80       80       4B       80       1
                dataCOMRAM                           79       79        1        1       1
                bssCOMRAM                             1        1       4F        1       1
                cinit                               F72      F72       44      16B       0
                idataCOMRAM                        12D6     12D6        1      16B       0

TOTAL           Name                               Link     Load   Length     Space
        CLASS   CODE           
                intcode                               8        8       2A         0
                init                                 32       32        4         0
                reset_vec                             0        0        4         0
                text46                              FB6      FB6       44         0
                text44                             1100     1100       26         0
                text43                             120A     120A       1C         0
                text42                              7C6      7C6      116         0
                text41                              E58      E58       66         0
                text40                              DF2      DF2       66         0
                text39                             11EE     11EE       1C         0
                text38                              CFE      CFE       7C         0
                text37                             11B0     11B0       20         0
                text36                             10D4     10D4       2C         0
                text35                              FFA      FFA       3E         0
                text34                              9A8      9A8       C6         0
                text33                             1296     1296        A         0
                text32                             1226     1226       1A         0
                text31                              B30      B30       B6         0
                text30                             10A8     10A8       2C         0
                text29                              BE6      BE6       94         0
                text28                              596      596      230         0
                text27                              C7A      C7A       84         0
                text26                              D7A      D7A       78         0
                text25                             116E     116E       22         0
                text24                             11D0     11D0       1E         0
                text23                             12B8     12B8        8         0
                text22                             126E     126E       14         0
                text21                             12C0     12C0        6         0
                text20                             12B0     12B0        8         0
                text19                              A6E      A6E       C2         0
                text18                             114A     114A       24         0
                text17                             12A8     12A8        8         0
                text16                             12D2     12D2        4         0
                text15                             1190     1190       20         0
                text14                             12CE     12CE        4         0
                text13                             12CA     12CA        4         0
                text12                              EBE      EBE       60         0
                text11                             12A0     12A0        8         0
                text10                             1126     1126       24         0
                text9                              1258     1258       16         0
                text8                              128C     128C        A         0
                text7                              1282     1282        A         0
                text6                              1070     1070       38         0
                text5                               F1E      F1E       54         0
                text4                               8DC      8DC       CC         0
                text3                              12C6     12C6        4         0
                text2                              1240     1240       18         0
                text1                               2D6      2D6      2C0         0
                text0                              1038     1038       38         0
                cinit                               F72      F72       44         0
                idataCOMRAM                        12D6     12D6        1         0

        CLASS   CONST          

        CLASS   SMALLCONST     
                smallconst                          200      200       D6         0

        CLASS   MEDIUMCONST    

        CLASS   COMRAM         
                temp                                 7A       7A        1         1
                cstackCOMRAM                         50       50       29         1
                dataCOMRAM                           79       79        1         1
                bssCOMRAM                             1        1       4F         1

        CLASS   ABS1           

        CLASS   BIGRAM         

        CLASS   RAM            

        CLASS   BANK0          
                bssBANK0                             80       80       4B         1

        CLASS   BANK1          
                bssBANK1                            100      100       90         1

        CLASS   SFR            

        CLASS   BIGSFR         

        CLASS   CONFIG         
                config                           300000   300000        E         4

        CLASS   IDLOC          
                idloc                            200000   200000        8         5

        CLASS   EEDATA         

        CLASS   FARRAM         

        CLASS   HEAP           

        CLASS   STACK          



SEGMENTS        Name                           Load    Length   Top    Selector   Space  Class

                reset_vec                      000000  000004  000004         0       0  CODE    
                bssCOMRAM                      000001  00007A  00007B         1       1  COMRAM  
                intcode                        000008  00002E  000036         4       0  CODE    
                bssBANK0                       000080  00004B  0000CB        80       1  BANK0   
                bssBANK1                       000100  000090  000190       100       1  BANK1   
                smallconst                     000200  0000D6  0002D6       100       0  SMALLCON
                text1                          0002D6  001001  0012D7       16B       0  CODE    


UNUSED ADDRESS RANGES

        Name                Unused          Largest block    Delta
        BANK0            0000CB-0000FF               35
        BANK1            000190-0001FF               70
        BIGRAM           00007B-00007F                5
                         0000CB-0000FF               35
                         000190-0001FF               70
        BIGSFR           000F80-000FFF               80
        CODE             000004-000007                4
                         000036-0001FF              1CA
                         0012D7-001FFF              D29
        COMRAM           00007B-00007F                5
        CONST            000004-000007                4
                         000036-0001FF              1CA
                         0012D7-001FFF              D29
        EEDATA           F00000-F000FF              100
        MEDIUMCONST      0012D7-001FFF              D29
        RAM              0000CB-0000FF               35
                         000190-0001FF               70
        SFR              000F80-000FFF               80
        SMALLCONST       0012D7-001FFF              100

                                  Symbol Table

?_TiGetTics                 cstackCOMRAM 000055
CantaData@Data              cstackCOMRAM 000057
CantaIR@IR                  cstackCOMRAM 000057
CantaPartAlta@c             cstackCOMRAM 000056
CantaPartBaixa@c            cstackCOMRAM 000056
DaFindUser@logUser          cstackCOMRAM 000065
DaSaveUser@regUser          cstackCOMRAM 000055
EscriuPrimeraOrdre@ordre    cstackCOMRAM 000056
Espera@Timer                cstackCOMRAM 00005C
Espera@ms                   cstackCOMRAM 00005E
KeSetMode@menuMode          cstackCOMRAM 000056
LcGotoXY@Column             cstackCOMRAM 000064
LcGotoXY@Fisics             cstackCOMRAM 000062
LcGotoXY@Row                cstackCOMRAM 00005D
LcInit@columns              cstackCOMRAM 000061
LcInit@i                    cstackCOMRAM 000063
LcInit@rows                 cstackCOMRAM 000062
LcPutChar@c                 cstackCOMRAM 000065
PL10                        text4        000968
PL12                        text12       000EE6
PL14                        text12       000EF0
PL16                        text27       000CBE
PL18                        text36       0010F2
PL2                         text28       00075A
PL20                        text19       000B1E
PL22                        text4        00098C
PL24                        text28       000788
PL26                        text4        000996
PL28                        text28       0007A2
PL30                        text12       000F06
PL32                        text28       0007AE
PL34                        text43       00121A
PL36                        text6        001090
PL38                        text38       000D62
PL4                         text28       000774
PL40                        text28       0007B8
PL42                        text27       000CDA
PL44                        text4        0009A0
PL46                        text1        00057A
PL48                        text1        000584
PL50                        text27       000CE8
PL52                        text1        00058E
PL54                        text26       000DE8
PL56                        text27       000CF4
PL58                        text38       000D70
PL6                         text4        000956
PL60                        text31       000BDC
PL62                        text41       000EB4
PL64                        text6        00109E
PL66                        text40       000E4E
PL68                        text42       0008D6
PL70                        text10       001144
PL72                        text19       000B2A
PL8                         text34       000A62
SiSendChar@myByte           cstackCOMRAM 000055
TiGetTics@Handle            cstackCOMRAM 000059
TiGetTics@actual            cstackCOMRAM 00005A
TiResetTics@Handle          cstackCOMRAM 000055
WaitForBusy@Busy            cstackCOMRAM 00005C
_ADCON0                     (abs)        000FC2
_ADCON0bits                 (abs)        000FC2
_ADCON1                     (abs)        000FC1
_ADCON2                     (abs)        000FC0
_ADRESH                     (abs)        000FC4
_BAUDCONbits                (abs)        000FB8
_CantaData                  text6        001070
_CantaIR                    text39       0011EE
_CantaPartAlta              text41       000E58
_CantaPartBaixa             text40       000DF2
_ColumnAct                  bssCOMRAM    000041
_Columns                    bssCOMRAM    000043
_DaFindUser                 text18       00114A
_DaGetIdle                  text17       0012A8
_DaGetStatus                text16       0012D2
_DaSaveUser                 text15       001190
_EEADR                      (abs)        000FA9
_EECON1bits                 (abs)        000FA6
_EECON2                     (abs)        000FA7
_EEDATA                     (abs)        000FA8
_EscriuPrimeraOrdre         text38       000CFE
_Espera                     text37       0011B0
_INTCON2bits                (abs)        000FF1
_INTCONbits                 (abs)        000FF2
_JoDirection                text14       0012CE
_JoMoved                    text13       0012CA
_KeGetCharValue             text11       0012A0
_KeGetGenericValue          text32       001226
_KeSetMode                  text10       001126
_KeypadMotor                text42       0007C6
_LATBbits                   (abs)        000F8A
_LATC                       (abs)        000F8B
_LATCbits                   (abs)        000F8B
_LATDbits                   (abs)        000F8C
_LCDcol                     bssCOMRAM    00003E
_LCDrow                     bssCOMRAM    00003F
_LOGINMENU                  smallconst   000201
_LOGREGSCREEN               smallconst   000217
_LcClear                    text9        001258
_LcCursorOff                text8        00128C
_LcCursorOn                 text7        001282
_LcGotoXY                   text29       000BE6
_LcGotoXY$728               cstackCOMRAM 000060
_LcInit                     text34       0009A8
_LcPutChar                  text5        000F1E
_MAINMENU                   smallconst   00022F
_PORTBbits                  (abs)        000F81
_PORTDbits                  (abs)        000F83
_RCONbits                   (abs)        000FD0
_RCSTAbits                  (abs)        000FAB
_RSI_High                   intcode      000008
_RowAct                     bssCOMRAM    000042
_Rows                       bssCOMRAM    000044
_SMSMotor                   text31       000B30
_SMSTABLE                   smallconst   00029F
_SPBRG                      (abs)        000FAF
_SiIsAvailable              text21       0012C0
_SiSendChar                 text20       0012B0
_T0CON                      (abs)        000FD5
_T0CONbits                  (abs)        000FD5
_TABLE                      smallconst   000223
_TMR0H                      (abs)        000FD7
_TMR0L                      (abs)        000FD6
_TRISAbits                  (abs)        000F92
_TRISBbits                  (abs)        000F93
_TRISCbits                  (abs)        000F94
_TRISDbits                  (abs)        000F95
_TXREG                      (abs)        000FAD
_TXSTAbits                  (abs)        000FAC
_TiGetTics                  text44       001100
_TiGetTimer                 text36       0010D4
_TiInitTimer                text30       0010A8
_TiResetTics                text43       00120A
_Timer                      bssCOMRAM    00002F
_WaitForBusy                text35       000FFA
__HRAM                      (abs)        000000
__Habs1                     abs1         000000
__Hbank0                    bank0        000000
__Hbank1                    bank1        000000
__Hbigbss                   bigbss       000000
__Hbigdata                  bigdata      000000
__Hbigram                   bigram       000000
__Hbigsfr                   bigsfr       000000
__Hbss                      bss          000000
__HbssBANK0                 bssBANK0     000000
__HbssBANK1                 bssBANK1     000000
__HbssCOMRAM                bssCOMRAM    000000
__Hcinit                    cinit        000000
__Hclrtext                  clrtext      000000
__Hcomram                   comram       000000
__Hconfig                   config       30000E
__Hconst                    const        000000
__HcstackCOMRAM             cstackCOMRAM 000000
__Hdata                     data         000000
__HdataCOMRAM               dataCOMRAM   000000
__Heeprom_data              eeprom_data  000000
__Hfarbss                   farbss       000000
__Hfardata                  fardata      000000
__Hheap                     heap         000000
__Hibigdata                 ibigdata     000000
__Hidata                    idata        000000
__HidataCOMRAM              idataCOMRAM  000000
__Hidloc                    idloc        200008
__Hifardata                 ifardata     000000
__Hinit                     init         000036
__Hintcode                  intcode      000032
__Hintcode_body             intcode_body 000000
__Hintcodelo                intcodelo    000032
__Hintentry                 intentry     000000
__Hintret                   intret       000000
__Hintsave_regs             intsave_regs 000000
__Hirdata                   irdata       000000
__Hmediumconst              mediumconst  000000
__HnvFARRAM                 nvFARRAM     000000
__Hnvbit                    nvbit        000000
__Hnvrram                   nvrram       000000
__Hpa_nodes0                pa_nodes0    000000
__Hparam                    rparam       000000
__Hpowerup                  powerup      000032
__Hram                      ram          000000
__Hramtop                   ramtop       000200
__Hrbit                     rbit         000000
__Hrbss                     rbss         000000
__Hrdata                    rdata        000000
__Hreset_vec                reset_vec    000004
__Hrparam                   rparam       000000
__Hsfr                      sfr          000000
__Hsmallconst               smallconst   0002D6
__Hspace_0                  (abs)        0012D7
__Hspace_1                  (abs)        000190
__Hspace_2                  (abs)        000000
__Hspace_4                  (abs)        60000E
__Hstack                    stack        000000
__Hstruct                   struct       000000
__Htemp                     temp         00007B
__Htext                     text         000000
__Htext0                    text0        000000
__Htext1                    text1        000000
__Htext10                   text10       000000
__Htext11                   text11       000000
__Htext12                   text12       000000
__Htext13                   text13       000000
__Htext14                   text14       000000
__Htext15                   text15       000000
__Htext16                   text16       000000
__Htext17                   text17       000000
__Htext18                   text18       000000
__Htext19                   text19       000000
__Htext2                    text2        000000
__Htext20                   text20       000000
__Htext21                   text21       000000
__Htext22                   text22       000000
__Htext23                   text23       000000
__Htext24                   text24       000000
__Htext25                   text25       000000
__Htext26                   text26       000000
__Htext27                   text27       000000
__Htext28                   text28       000000
__Htext29                   text29       000000
__Htext3                    text3        000000
__Htext30                   text30       000000
__Htext31                   text31       000000
__Htext32                   text32       000000
__Htext33                   text33       000000
__Htext34                   text34       000000
__Htext35                   text35       000000
__Htext36                   text36       000000
__Htext37                   text37       000000
__Htext38                   text38       000000
__Htext39                   text39       000000
__Htext4                    text4        000000
__Htext40                   text40       000000
__Htext41                   text41       000000
__Htext42                   text42       000000
__Htext43                   text43       000000
__Htext44                   text44       000000
__Htext46                   text46       000000
__Htext5                    text5        000000
__Htext6                    text6        000000
__Htext7                    text7        000000
__Htext8                    text8        000000
__Htext9                    text9        000000
__LRAM                      (abs)        000001
__Labs1                     abs1         000000
__Lbank0                    bank0        000000
__Lbank1                    bank1        000000
__Lbigbss                   bigbss       000000
__Lbigdata                  bigdata      000000
__Lbigram                   bigram       000000
__Lbigsfr                   bigsfr       000000
__Lbss                      bss          000000
__LbssBANK0                 bssBANK0     000000
__LbssBANK1                 bssBANK1     000000
__LbssCOMRAM                bssCOMRAM    000000
__Lcinit                    cinit        000000
__Lclrtext                  clrtext      000000
__Lcomram                   comram       000000
__Lconfig                   config       000000
__Lconst                    const        000000
__LcstackCOMRAM             cstackCOMRAM 000000
__Ldata                     data         000000
__LdataCOMRAM               dataCOMRAM   000000
__Leeprom_data              eeprom_data  000000
__Lfarbss                   farbss       000000
__Lfardata                  fardata      000000
__Lheap                     heap         000000
__Libigdata                 ibigdata     000000
__Lidata                    idata        000000
__LidataCOMRAM              idataCOMRAM  000000
__Lidloc                    idloc        000000
__Lifardata                 ifardata     000000
__Linit                     init         000032
__Lintcode                  intcode      000008
__Lintcode_body             intcode_body 000000
__Lintcodelo                intcodelo    000032
__Lintentry                 intentry     000000
__Lintret                   intret       000000
__Lintsave_regs             intsave_regs 000000
__Lirdata                   irdata       000000
__Lmediumconst              mediumconst  000000
__LnvFARRAM                 nvFARRAM     000000
__Lnvbit                    nvbit        000000
__Lnvrram                   nvrram       000000
__Lpa_nodes0                pa_nodes0    000000
__Lparam                    rparam       000000
__Lpowerup                  powerup      000032
__Lram                      ram          000000
__Lramtop                   ramtop       000200
__Lrbit                     rbit         000000
__Lrbss                     rbss         000000
__Lrdata                    rdata        000000
__Lreset_vec                reset_vec    000000
__Lrparam                   rparam       000000
__Lsfr                      sfr          000000
__Lsmallconst               smallconst   000200
__Lspace_0                  (abs)        000000
__Lspace_1                  (abs)        000000
__Lspace_2                  (abs)        000000
__Lspace_4                  (abs)        000000
__Lstack                    stack        000000
__Lstruct                   struct       000000
__Ltemp                     temp         00007A
__Ltext                     text         000000
__Ltext0                    text0        000000
__Ltext1                    text1        000000
__Ltext10                   text10       000000
__Ltext11                   text11       000000
__Ltext12                   text12       000000
__Ltext13                   text13       000000
__Ltext14                   text14       000000
__Ltext15                   text15       000000
__Ltext16                   text16       000000
__Ltext17                   text17       000000
__Ltext18                   text18       000000
__Ltext19                   text19       000000
__Ltext2                    text2        000000
__Ltext20                   text20       000000
__Ltext21                   text21       000000
__Ltext22                   text22       000000
__Ltext23                   text23       000000
__Ltext24                   text24       000000
__Ltext25                   text25       000000
__Ltext26                   text26       000000
__Ltext27                   text27       000000
__Ltext28                   text28       000000
__Ltext29                   text29       000000
__Ltext3                    text3        000000
__Ltext30                   text30       000000
__Ltext31                   text31       000000
__Ltext32                   text32       000000
__Ltext33                   text33       000000
__Ltext34                   text34       000000
__Ltext35                   text35       000000
__Ltext36                   text36       000000
__Ltext37                   text37       000000
__Ltext38                   text38       000000
__Ltext39                   text39       000000
__Ltext4                    text4        000000
__Ltext40                   text40       000000
__Ltext41                   text41       000000
__Ltext42                   text42       000000
__Ltext43                   text43       000000
__Ltext44                   text44       000000
__Ltext46                   text46       000000
__Ltext5                    text5        000000
__Ltext6                    text6        000000
__Ltext7                    text7        000000
__Ltext8                    text8        000000
__Ltext9                    text9        000000
__S0                        (abs)        0012D7
__S1                        (abs)        000190
__S4                        (abs)        000000
__S5                        (abs)        000000
__TiRSITimer                text46       000FB6
___heap_hi                  (abs)        000000
___heap_lo                  (abs)        000000
___inthi_sp                 stack        000000
___intlo_sp                 stack        000000
___param_bank               (abs)        000000
___rparam_used              (abs)        000001
___sp                       stack        000000
__accesstop                 (abs)        000080
__activetblptr              (abs)        000002
__end_ofPL10                text4        00098C
__end_ofPL12                text12       000EF0
__end_ofPL14                text12       000F06
__end_ofPL16                text27       000CDA
__end_ofPL18                text36       001100
__end_ofPL2                 text28       000774
__end_ofPL20                text19       000B2A
__end_ofPL22                text4        000996
__end_ofPL24                text28       0007A2
__end_ofPL26                text4        0009A0
__end_ofPL28                text28       0007AE
__end_ofPL30                text12       000F1E
__end_ofPL32                text28       0007B8
__end_ofPL34                text43       001226
__end_ofPL36                text6        00109E
__end_ofPL38                text38       000D70
__end_ofPL4                 text28       000788
__end_ofPL40                text28       0007C6
__end_ofPL42                text27       000CE8
__end_ofPL44                text4        0009A8
__end_ofPL46                text1        000584
__end_ofPL48                text1        00058E
__end_ofPL50                text27       000CF4
__end_ofPL52                text1        000596
__end_ofPL54                text26       000DF2
__end_ofPL56                text27       000CFE
__end_ofPL58                text38       000D7A
__end_ofPL6                 text4        000968
__end_ofPL60                text31       000BE6
__end_ofPL62                text41       000EBE
__end_ofPL64                text6        0010A8
__end_ofPL66                text40       000E58
__end_ofPL68                text42       0008DC
__end_ofPL70                text10       00114A
__end_ofPL72                text19       000B30
__end_ofPL8                 text34       000A6E
__end_of_CantaData          text6        001090
__end_of_CantaIR            text39       00120A
__end_of_CantaPartAlta      text41       000EB4
__end_of_CantaPartBaixa     text40       000E4E
__end_of_DaFindUser         text18       00116E
__end_of_DaGetIdle          text17       0012B0
__end_of_DaGetStatus        text16       0012D6
__end_of_DaSaveUser         text15       0011B0
__end_of_EscriuPrimeraOrdre text38       000D62
__end_of_Espera             text37       0011D0
__end_of_JoDirection        text14       0012D2
__end_of_JoMoved            text13       0012CE
__end_of_KeGetCharValue     text11       0012A8
__end_of_KeGetGenericValue  text32       001240
__end_of_KeSetMode          text10       001144
__end_of_KeypadMotor        text42       0008D6
__end_of_LOGINMENU          smallconst   000217
__end_of_LOGREGSCREEN       smallconst   000223
__end_of_LcClear            text9        00126E
__end_of_LcCursorOff        text8        001296
__end_of_LcCursorOn         text7        00128C
__end_of_LcGotoXY           text29       000C7A
__end_of_LcInit             text34       000A62
__end_of_LcPutChar          text5        000F72
__end_of_MAINMENU           smallconst   00029F
__end_of_RSI_High           intcode      000032
__end_of_SMSMotor           text31       000BDC
__end_of_SMSTABLE           smallconst   0002D5
__end_of_SiIsAvailable      text21       0012C6
__end_of_SiSendChar         text20       0012B8
__end_of_TABLE              smallconst   00022F
__end_of_TiGetTics          text44       001126
__end_of_TiGetTimer         text36       0010F2
__end_of_TiInitTimer        text30       0010D4
__end_of_TiResetTics        text43       00121A
__end_of_WaitForBusy        text35       001038
__end_of__TiRSITimer        text46       000FFA
__end_of__initialization    cinit        000FA8
__end_of_dataMotor          text28       00075A
__end_of_displayMenu        text4        000956
__end_of_getColumn          text33       0012A0
__end_of_getFullValue       text12       000EE6
__end_of_getPresses         text3        0012CA
__end_of_initData           text26       000DE8
__end_of_initJoystick       text25       001190
__end_of_initKeypad         text24       0011EE
__end_of_initMenu           text23       0012C0
__end_of_initSIO            text22       001282
__end_of_isPressed          text2        001258
__end_of_joystickMotor      text19       000B1E
__end_of_main               text0        001070
__end_of_menuMotor          text1        00057A
__end_of_readUserData       text27       000CBE
__initialization            cinit        000F72
__mediumconst               mediumconst  000000
__pbssBANK0                 bssBANK0     000080
__pbssBANK1                 bssBANK1     000100
__pbssCOMRAM                bssCOMRAM    000001
__pcinit                    cinit        000F72
__pcstackCOMRAM             cstackCOMRAM 000050
__pdataCOMRAM               dataCOMRAM   000079
__pidataCOMRAM              idataCOMRAM  0012D6
__pintcode                  intcode      000008
__psmallconst               smallconst   000200
__ptext0                    text0        001038
__ptext1                    text1        0002D6
__ptext10                   text10       001126
__ptext11                   text11       0012A0
__ptext12                   text12       000EBE
__ptext13                   text13       0012CA
__ptext14                   text14       0012CE
__ptext15                   text15       001190
__ptext16                   text16       0012D2
__ptext17                   text17       0012A8
__ptext18                   text18       00114A
__ptext19                   text19       000A6E
__ptext2                    text2        001240
__ptext20                   text20       0012B0
__ptext21                   text21       0012C0
__ptext22                   text22       00126E
__ptext23                   text23       0012B8
__ptext24                   text24       0011D0
__ptext25                   text25       00116E
__ptext26                   text26       000D7A
__ptext27                   text27       000C7A
__ptext28                   text28       000596
__ptext29                   text29       000BE6
__ptext3                    text3        0012C6
__ptext30                   text30       0010A8
__ptext31                   text31       000B30
__ptext32                   text32       001226
__ptext33                   text33       001296
__ptext34                   text34       0009A8
__ptext35                   text35       000FFA
__ptext36                   text36       0010D4
__ptext37                   text37       0011B0
__ptext38                   text38       000CFE
__ptext39                   text39       0011EE
__ptext4                    text4        0008DC
__ptext40                   text40       000DF2
__ptext41                   text41       000E58
__ptext42                   text42       0007C6
__ptext43                   text43       00120A
__ptext44                   text44       001100
__ptext46                   text46       000FB6
__ptext5                    text5        000F1E
__ptext6                    text6        001070
__ptext7                    text7        001282
__ptext8                    text8        00128C
__ptext9                    text9        001258
__ramtop                    ramtop       000200
__smallconst                smallconst   000200
_available                  bssCOMRAM    000047
_counter                    bssCOMRAM    00004F
_currentKey                 bssCOMRAM    00004B
_dataMotor                  text28       000596
_displayMenu                text4        0008DC
_getColumn                  text33       001296
_getFullValue               text12       000EBE
_getPresses                 text3        0012C6
_h_Tics                     bssCOMRAM    000031
_initData                   text26       000D7A
_initJoystick               text25       00116E
_initKeypad                 text24       0011D0
_initMenu                   text23       0012B8
_initSIO                    text22       00126E
_isPressed                  text2        001240
_isPressed$522              cstackCOMRAM 000055
_joystickMotor              text19       000A6E
_lastUserPointer            bssCOMRAM    000033
_mUser                      bssCOMRAM    000013
_mUser@EEPROM$F1418         bssCOMRAM    000001
_main                       text0        001038
_menuMotor                  text1        0002D6
_moved                      bssCOMRAM    000039
_numPresses                 bssCOMRAM    000048
_position                   bssCOMRAM    000035
_pressed                    bssCOMRAM    000049
_previous                   bssCOMRAM    00004A
_readUserData               text27       000C7A
_row                        bssCOMRAM    00004E
_s_Timers                   bssBANK0     000080
_send                       bssCOMRAM    00003C
_state                      bssCOMRAM    000046
_state@EEPROM$F1414         bssCOMRAM    000037
_stateJoy                   bssCOMRAM    000038
_stateSMS                   bssCOMRAM    000045
_status                     bssCOMRAM    000034
_timer                      bssCOMRAM    000040
_timerBounces               bssCOMRAM    00004D
_timer_SMS                  bssCOMRAM    00004C
_topScores                  bssCOMRAM    000025
_userNum                    bssCOMRAM    000036
_users                      bssBANK1     000100
_val                        bssCOMRAM    00003D
_x                          bssCOMRAM    00003B
_y                          bssCOMRAM    00003A
btemp                       temp         00007A
displayMenu@menuMode        cstackCOMRAM 000069
displayMenu@row             cstackCOMRAM 000066
end_of_initialization       cinit        000FA8
getFullValue@generic        cstackCOMRAM 000059
int$flags                   temp         00007A
intlevel0                   text         000000
intlevel1                   text         000000
intlevel2                   text         000000
intlevel3                   text         000000
isa$std                     (abs)        000001
isa$xinst                   (abs)        000000
menuMotor@state             dataCOMRAM   000079
stackhi                     (abs)        000000
stacklo                     (abs)        000000
start                       init         000032
start_initialization        cinit        000F72
ttemp5                      temp         00007B
ttemp6                      temp         00007E
ttemp7                      temp         000082
wtemp8                      temp         00007B


MODULE INFORMATION

Module		Function		Class		Link	Load	Size
keypad.c
		_KeSetMode     		CODE           	1126	0000	30
		_SMSMotor      		CODE           	0B30	0000	172
		_KeGetCharValue		CODE           	12A0	0000	8
		_getPresses    		CODE           	12C6	0000	4
		_getColumn     		CODE           	1296	0000	10
		_KeGetGenericValue		CODE           	1226	0000	26
		_initKeypad    		CODE           	11D0	0000	30
		_isPressed     		CODE           	1240	0000	24
		_KeypadMotor   		CODE           	07C6	0000	272
		_getFullValue  		CODE           	0EBE	0000	40

keypad.c estimated size: 616

TTimer.c
		_TiGetTics     		CODE           	1100	0000	38
		_TiGetTimer    		CODE           	10D4	0000	30
		_TiInitTimer   		CODE           	10A8	0000	44
		__TiRSITimer   		CODE           	0FB6	0000	68
		_TiResetTics   		CODE           	120A	0000	16

TTimer.c estimated size: 196

Menu.c
		_displayMenu   		CODE           	08DC	0000	122
		_menuMotor     		CODE           	02D6	0000	676
		_initMenu      		CODE           	12B8	0000	8

Menu.c estimated size: 806

SIO.c
		_initSIO       		CODE           	126E	0000	20
		_SiIsAvailable 		CODE           	12C0	0000	6
		_SiSendChar    		CODE           	12B0	0000	8

SIO.c estimated size: 34

LcTLCD.c
		_LcPutChar     		CODE           	0F1E	0000	84
		_EscriuPrimeraOrdre		CODE           	0CFE	0000	100
		_WaitForBusy   		CODE           	0FFA	0000	62
		_LcGotoXY      		CODE           	0BE6	0000	148
		_LcClear       		CODE           	1258	0000	22
		_CantaData     		CODE           	1070	0000	32
		_LcCursorOn    		CODE           	1282	0000	10
		_LcCursorOff   		CODE           	128C	0000	10
		_LcInit        		CODE           	09A8	0000	186
		_CantaPartAlta 		CODE           	0E58	0000	92
		_Espera        		CODE           	11B0	0000	32
		_CantaIR       		CODE           	11EE	0000	28
		_CantaPartBaixa		CODE           	0DF2	0000	92

LcTLCD.c estimated size: 898

EEPROM.c
		_DaSaveUser    		CODE           	1190	0000	32
		_DaGetIdle     		CODE           	12A8	0000	8
		_DaFindUser    		CODE           	114A	0000	36
		_dataMotor     		CODE           	0596	0000	452
		_initData      		CODE           	0D7A	0000	110
		_readUserData  		CODE           	0C7A	0000	68
		_DaGetStatus   		CODE           	12D2	0000	4

EEPROM.c estimated size: 710

shared
		PL12           		CODE           	0EE6	0000	10
		PL50           		CODE           	0CE8	0000	12
		PL8            		CODE           	0A62	0000	12
		PL22           		CODE           	098C	0000	10
		PL60           		CODE           	0BDC	0000	10
		PL32           		CODE           	07AE	0000	10
		PL70           		CODE           	1144	0000	6
		PL42           		CODE           	0CDA	0000	14
		PL14           		CODE           	0EF0	0000	22
		PL52           		CODE           	058E	0000	8
		PL24           		CODE           	0788	0000	26
		PL62           		CODE           	0EB4	0000	10
		_LOGREGSCREEN  		SMALLCONST     	0217	0000	12
		PL34           		CODE           	121A	0000	12
		PL72           		CODE           	0B2A	0000	6
		PL44           		CODE           	09A0	0000	8
		PL16           		CODE           	0CBE	0000	28
		PL54           		CODE           	0DE8	0000	10
		PL26           		CODE           	0996	0000	10
		PL64           		CODE           	109E	0000	10
		PL36           		CODE           	1090	0000	14
		PL46           		CODE           	057A	0000	10
		PL18           		CODE           	10F2	0000	14
		PL56           		CODE           	0CF4	0000	10
		PL28           		CODE           	07A2	0000	12
		PL66           		CODE           	0E4E	0000	10
		_LOGINMENU     		SMALLCONST     	0201	0000	22
		PL38           		CODE           	0D62	0000	14
		PL48           		CODE           	0584	0000	10
		PL58           		CODE           	0D70	0000	10
		PL68           		CODE           	08D6	0000	6
		__initialization		CODE           	0F72	0000	54
		_SMSTABLE      		SMALLCONST     	029F	0000	54
		_TABLE         		SMALLCONST     	0223	0000	12
		_MAINMENU      		SMALLCONST     	022F	0000	112
		PL2            		CODE           	075A	0000	26
		PL10           		CODE           	0968	0000	36
		PL4            		CODE           	0774	0000	20
		PL20           		CODE           	0B1E	0000	12
		PL30           		CODE           	0F06	0000	24
		PL6            		CODE           	0956	0000	18
		PL40           		CODE           	07B8	0000	14

shared estimated size: 760

Joystick.c
		_joystickMotor 		CODE           	0A6E	0000	176
		_initJoystick  		CODE           	116E	0000	34
		_JoDirection   		CODE           	12CE	0000	4
		_JoMoved       		CODE           	12CA	0000	4

Joystick.c estimated size: 218

main.c
		_main          		CODE           	1038	0000	56
		_RSI_High      		CODE           	0008	0000	42

main.c estimated size: 98

